Archive member included to satisfy reference by file (symbol)

e:/nucleistudio/nucleistudio_ide_202102-win64/nucleistudio/toolchain/gcc/bin/../lib/gcc/riscv-nuclei-elf/9.2.0/rv32imac/ilp32\libgcc.a(_divdi3.o)
                              ./hbird_sdk/SoC/hbirdv2/Common/Source/Stubs/gettimeofday.o (__divdi3)
e:/nucleistudio/nucleistudio_ide_202102-win64/nucleistudio/toolchain/gcc/bin/../lib/gcc/riscv-nuclei-elf/9.2.0/rv32imac/ilp32\libgcc.a(_udivdi3.o)
                              ./hbird_sdk/SoC/hbirdv2/Common/Source/Stubs/gettimeofday.o (__udivdi3)
e:/nucleistudio/nucleistudio_ide_202102-win64/nucleistudio/toolchain/gcc/bin/../lib/gcc/riscv-nuclei-elf/9.2.0/rv32imac/ilp32\libgcc.a(_umoddi3.o)
                              ./hbird_sdk/SoC/hbirdv2/Common/Source/Stubs/gettimeofday.o (__umoddi3)
e:/nucleistudio/nucleistudio_ide_202102-win64/nucleistudio/toolchain/gcc/bin/../lib/gcc/riscv-nuclei-elf/9.2.0/rv32imac/ilp32\libgcc.a(divdf3.o)
                              ./application/core_main.o (__divdf3)
e:/nucleistudio/nucleistudio_ide_202102-win64/nucleistudio/toolchain/gcc/bin/../lib/gcc/riscv-nuclei-elf/9.2.0/rv32imac/ilp32\libgcc.a(gedf2.o)
                              ./application/core_main.o (__gtdf2)
e:/nucleistudio/nucleistudio_ide_202102-win64/nucleistudio/toolchain/gcc/bin/../lib/gcc/riscv-nuclei-elf/9.2.0/rv32imac/ilp32\libgcc.a(ledf2.o)
                              ./application/core_main.o (__ltdf2)
e:/nucleistudio/nucleistudio_ide_202102-win64/nucleistudio/toolchain/gcc/bin/../lib/gcc/riscv-nuclei-elf/9.2.0/rv32imac/ilp32\libgcc.a(fixunsdfsi.o)
                              ./application/core_main.o (__fixunsdfsi)
e:/nucleistudio/nucleistudio_ide_202102-win64/nucleistudio/toolchain/gcc/bin/../lib/gcc/riscv-nuclei-elf/9.2.0/rv32imac/ilp32\libgcc.a(floatunsidf.o)
                              ./application/core_main.o (__floatunsidf)
e:/nucleistudio/nucleistudio_ide_202102-win64/nucleistudio/toolchain/gcc/bin/../lib/gcc/riscv-nuclei-elf/9.2.0/rv32imac/ilp32\libgcc.a(floatundidf.o)
                              ./application/core_portme.o (__floatundidf)
e:/nucleistudio/nucleistudio_ide_202102-win64/nucleistudio/toolchain/gcc/bin/../lib/gcc/riscv-nuclei-elf/9.2.0/rv32imac/ilp32\libgcc.a(divsf3.o)
                              ./application/core_main.o (__divsf3)
e:/nucleistudio/nucleistudio_ide_202102-win64/nucleistudio/toolchain/gcc/bin/../lib/gcc/riscv-nuclei-elf/9.2.0/rv32imac/ilp32\libgcc.a(floatundisf.o)
                              ./application/core_main.o (__floatundisf)
e:/nucleistudio/nucleistudio_ide_202102-win64/nucleistudio/toolchain/gcc/bin/../lib/gcc/riscv-nuclei-elf/9.2.0/rv32imac/ilp32\libgcc.a(extendsfdf2.o)
                              ./application/core_main.o (__extendsfdf2)
e:/nucleistudio/nucleistudio_ide_202102-win64/nucleistudio/toolchain/gcc/bin/../lib/gcc/riscv-nuclei-elf/9.2.0/rv32imac/ilp32\libgcc.a(_lshrdi3.o)
                              e:/nucleistudio/nucleistudio_ide_202102-win64/nucleistudio/toolchain/gcc/bin/../lib/gcc/riscv-nuclei-elf/9.2.0/rv32imac/ilp32\libgcc.a(floatundidf.o) (__lshrdi3)
e:/nucleistudio/nucleistudio_ide_202102-win64/nucleistudio/toolchain/gcc/bin/../lib/gcc/riscv-nuclei-elf/9.2.0/rv32imac/ilp32\libgcc.a(_ashldi3.o)
                              e:/nucleistudio/nucleistudio_ide_202102-win64/nucleistudio/toolchain/gcc/bin/../lib/gcc/riscv-nuclei-elf/9.2.0/rv32imac/ilp32\libgcc.a(floatundidf.o) (__ashldi3)
e:/nucleistudio/nucleistudio_ide_202102-win64/nucleistudio/toolchain/gcc/bin/../lib/gcc/riscv-nuclei-elf/9.2.0/rv32imac/ilp32\libgcc.a(_clz.o)
                              e:/nucleistudio/nucleistudio_ide_202102-win64/nucleistudio/toolchain/gcc/bin/../lib/gcc/riscv-nuclei-elf/9.2.0/rv32imac/ilp32\libgcc.a(_divdi3.o) (__clz_tab)
e:/nucleistudio/nucleistudio_ide_202102-win64/nucleistudio/toolchain/gcc/bin/../lib/gcc/riscv-nuclei-elf/9.2.0/rv32imac/ilp32\libgcc.a(_clzsi2.o)
                              e:/nucleistudio/nucleistudio_ide_202102-win64/nucleistudio/toolchain/gcc/bin/../lib/gcc/riscv-nuclei-elf/9.2.0/rv32imac/ilp32\libgcc.a(divdf3.o) (__clzsi2)
e:/nucleistudio/nucleistudio_ide_202102-win64/nucleistudio/toolchain/gcc/bin/../lib/gcc/riscv-nuclei-elf/9.2.0/../../../../riscv-nuclei-elf/lib/rv32imac/ilp32\libg_nano.a(lib_a-atexit.o)
                              ./hbird_sdk/SoC/hbirdv2/Common/Source/GCC/startup_hbirdv2.o (atexit)
e:/nucleistudio/nucleistudio_ide_202102-win64/nucleistudio/toolchain/gcc/bin/../lib/gcc/riscv-nuclei-elf/9.2.0/../../../../riscv-nuclei-elf/lib/rv32imac/ilp32\libg_nano.a(lib_a-fini.o)
                              ./hbird_sdk/SoC/hbirdv2/Common/Source/GCC/startup_hbirdv2.o (__libc_fini_array)
e:/nucleistudio/nucleistudio_ide_202102-win64/nucleistudio/toolchain/gcc/bin/../lib/gcc/riscv-nuclei-elf/9.2.0/../../../../riscv-nuclei-elf/lib/rv32imac/ilp32\libg_nano.a(lib_a-init.o)
[...]
Memory Configuration

Name             Origin             Length             Attributes
ilm              0x0000000080000000 0x0000000000010000 axrl !w
ram              0x0000000090000000 0x0000000000010000 axw !rl
*default*        0x0000000000000000 0xffffffffffffffff

Linker script and memory map

LOAD ./hbird_sdk/SoC/hbirdv2/Common/Source/Stubs/clock_getres.o
LOAD ./hbird_sdk/SoC/hbirdv2/Common/Source/Stubs/clock_gettime.o
LOAD ./hbird_sdk/SoC/hbirdv2/Common/Source/Stubs/clock_settime.o
LOAD ./hbird_sdk/SoC/hbirdv2/Common/Source/Stubs/close.o
LOAD ./hbird_sdk/SoC/hbirdv2/Common/Source/Stubs/execve.o
LOAD ./hbird_sdk/SoC/hbirdv2/Common/Source/Stubs/exit.o
LOAD ./hbird_sdk/SoC/hbirdv2/Common/Source/Stubs/fork.o
LOAD ./hbird_sdk/SoC/hbirdv2/Common/Source/Stubs/fstat.o
LOAD ./hbird_sdk/SoC/hbirdv2/Common/Source/Stubs/getpid.o
LOAD ./hbird_sdk/SoC/hbirdv2/Common/Source/Stubs/gettimeofday.o
LOAD ./hbird_sdk/SoC/hbirdv2/Common/Source/Stubs/isatty.o
LOAD ./hbird_sdk/SoC/hbirdv2/Common/Source/Stubs/kill.o
LOAD ./hbird_sdk/SoC/hbirdv2/Common/Source/Stubs/link.o
LOAD ./hbird_sdk/SoC/hbirdv2/Common/Source/Stubs/lseek.o
LOAD ./hbird_sdk/SoC/hbirdv2/Common/Source/Stubs/open.o
LOAD ./hbird_sdk/SoC/hbirdv2/Common/Source/Stubs/read.o
LOAD ./hbird_sdk/SoC/hbirdv2/Common/Source/Stubs/sbrk.o
LOAD ./hbird_sdk/SoC/hbirdv2/Common/Source/Stubs/stat.o
LOAD ./hbird_sdk/SoC/hbirdv2/Common/Source/Stubs/times.o
LOAD ./hbird_sdk/SoC/hbirdv2/Common/Source/Stubs/unlink.o
LOAD ./hbird_sdk/SoC/hbirdv2/Common/Source/Stubs/wait.o
LOAD ./hbird_sdk/SoC/hbirdv2/Common/Source/Stubs/write.o
LOAD ./hbird_sdk/SoC/hbirdv2/Common/Source/GCC/intexc_hbirdv2.o
LOAD ./hbird_sdk/SoC/hbirdv2/Common/Source/GCC/startup_hbirdv2.o
LOAD ./hbird_sdk/SoC/hbirdv2/Common/Source/Drivers/hbirdv2_gpio.o
LOAD ./hbird_sdk/SoC/hbirdv2/Common/Source/Drivers/hbirdv2_i2c.o
LOAD ./hbird_sdk/SoC/hbirdv2/Common/Source/Drivers/hbirdv2_pwm.o
LOAD ./hbird_sdk/SoC/hbirdv2/Common/Source/Drivers/hbirdv2_spi.o
LOAD ./hbird_sdk/SoC/hbirdv2/Common/Source/Drivers/hbirdv2_uart.o
LOAD ./hbird_sdk/SoC/hbirdv2/Common/Source/Drivers/htif.o
LOAD ./hbird_sdk/SoC/hbirdv2/Common/Source/hbirdv2_common.o
LOAD ./hbird_sdk/SoC/hbirdv2/Common/Source/system_hbirdv2.o
LOAD ./application/core_list_join.o
LOAD ./application/core_main.o
LOAD ./application/core_matrix.o
LOAD ./application/core_portme.o
LOAD ./application/core_state.o
LOAD ./application/core_util.o
LOAD e:/nucleistudio/nucleistudio_ide_202102-win64/nucleistudio/toolchain/gcc/bin/../lib/gcc/riscv-nuclei-elf/9.2.0/../../../../riscv-nuclei-elf/lib/rv32imac/ilp32\libstdc++.a
LOAD e:/nucleistudio/nucleistudio_ide_202102-win64/nucleistudio/toolchain/gcc/bin/../lib/gcc/riscv-nuclei-elf/9.2.0/../../../../riscv-nuclei-elf/lib/rv32imac/ilp32\libstdc++.a
LOAD e:/nucleistudio/nucleistudio_ide_202102-win64/nucleistudio/toolchain/gcc/bin/../lib/gcc/riscv-nuclei-elf/9.2.0/../../../../riscv-nuclei-elf/lib/rv32imac/ilp32\libm.a
LOAD e:/nucleistudio/nucleistudio_ide_202102-win64/nucleistudio/toolchain/gcc/bin/../lib/gcc/riscv-nuclei-elf/9.2.0/rv32imac/ilp32\libgcc.a
LOAD e:/nucleistudio/nucleistudio_ide_202102-win64/nucleistudio/toolchain/gcc/bin/../lib/gcc/riscv-nuclei-elf/9.2.0/../../../../riscv-nuclei-elf/lib/rv32imac/ilp32\libg_nano.a
LOAD e:/nucleistudio/nucleistudio_ide_202102-win64/nucleistudio/toolchain/gcc/bin/../lib/gcc/riscv-nuclei-elf/9.2.0/../../../../riscv-nuclei-elf/lib/rv32imac/ilp32\libc_nano.a
LOAD e:/nucleistudio/nucleistudio_ide_202102-win64/nucleistudio/toolchain/gcc/bin/../lib/gcc/riscv-nuclei-elf/9.2.0/rv32imac/ilp32\libgcc.a
START GROUP
LOAD e:/nucleistudio/nucleistudio_ide_202102-win64/nucleistudio/toolchain/gcc/bin/../lib/gcc/riscv-nuclei-elf/9.2.0/rv32imac/ilp32\libgcc.a
LOAD e:/nucleistudio/nucleistudio_ide_202102-win64/nucleistudio/toolchain/gcc/bin/../lib/gcc/riscv-nuclei-elf/9.2.0/../../../../riscv-nuclei-elf/lib/rv32imac/ilp32\libc_nano.a
LOAD e:/nucleistudio/nucleistudio_ide_202102-win64/nucleistudio/toolchain/gcc/bin/../lib/gcc/riscv-nuclei-elf/9.2.0/../../../../riscv-nuclei-elf/lib/rv32imac/ilp32\libnosys.a
END GROUP
START GROUP
LOAD e:/nucleistudio/nucleistudio_ide_202102-win64/nucleistudio/toolchain/gcc/bin/../lib/gcc/riscv-nuclei-elf/9.2.0/rv32imac/ilp32\libgcc.a
LOAD e:/nucleistudio/nucleistudio_ide_202102-win64/nucleistudio/toolchain/gcc/bin/../lib/gcc/riscv-nuclei-elf/9.2.0/../../../../riscv-nuclei-elf/lib/rv32imac/ilp32\libc_nano.a
LOAD e:/nucleistudio/nucleistudio_ide_202102-win64/nucleistudio/toolchain/gcc/bin/../lib/gcc/riscv-nuclei-elf/9.2.0/../../../../riscv-nuclei-elf/lib/rv32imac/ilp32\libnosys.a
END GROUP
                0x0000000000000800                __stack_size = DEFINED (__stack_size)?__stack_size:0x800

.init           0x0000000080000000       0xba
 *(.vtable)
 *(SORT_NONE(.init))
 .init          0x0000000080000000       0xba ./hbird_sdk/SoC/hbirdv2/Common/Source/GCC/startup_hbirdv2.o
                0x0000000080000000                _start

.ilalign        0x00000000800000ba        0x2
                0x00000000800000bc                . = ALIGN (0x4)
 *fill*         0x00000000800000ba        0x2 
                0x00000000800000bc                PROVIDE (_ilm_lma = .)

.ialign         0x00000000800000bc        0x0
                0x00000000800000bc                PROVIDE (_ilm = .)

.text           0x00000000800000bc     0x6cca
 *(.text.unlikely .text.unlikely.*)
 *(.text.startup .text.startup.*)
 .text.startup.main
                0x00000000800000bc      0x6a6 ./application/core_main.o
                0x00000000800000bc                main
 *(.text .text.*)
 .text._close   0x0000000080000762        0xa ./hbird_sdk/SoC/hbirdv2/Common/Source/Stubs/close.o
                0x0000000080000762                _close
 .text._fstat   0x000000008000076c       0x1a ./hbird_sdk/SoC/hbirdv2/Common/Source/Stubs/fstat.o
                0x000000008000076c                _fstat
 .text._isatty  0x0000000080000786        0x4 ./hbird_sdk/SoC/hbirdv2/Common/Source/Stubs/isatty.o
                0x0000000080000786                _isatty
 .text._lseek   0x000000008000078a        0x4 ./hbird_sdk/SoC/hbirdv2/Common/Source/Stubs/lseek.o
                0x000000008000078a                _lseek
 .text._read    0x000000008000078e       0x22 ./hbird_sdk/SoC/hbirdv2/Common/Source/Stubs/read.o
                0x000000008000078e                _read
 .text._sbrk    0x00000000800007b0       0x2c ./hbird_sdk/SoC/hbirdv2/Common/Source/Stubs/sbrk.o
                0x00000000800007b0                _sbrk
 .text._write   0x00000000800007dc       0x62 ./hbird_sdk/SoC/hbirdv2/Common/Source/Stubs/write.o
                0x00000000800007dc                _write
 *fill*         0x000000008000083e        0x2 
 .text.trap     0x0000000080000840       0x78 ./hbird_sdk/SoC/hbirdv2/Common/Source/GCC/intexc_hbirdv2.o
                0x0000000080000840                trap_entry
 .text.gpio_iof_config
                0x00000000800008b8       0x12 ./hbird_sdk/SoC/hbirdv2/Common/Source/Drivers/hbirdv2_gpio.o
                0x00000000800008b8                gpio_iof_config
 .text.uart_init
                0x00000000800008ca       0x3a ./hbird_sdk/SoC/hbirdv2/Common/Source/Drivers/hbirdv2_uart.o
                0x00000000800008ca                uart_init
 .text.uart_write
                0x0000000080000904       0x14 ./hbird_sdk/SoC/hbirdv2/Common/Source/Drivers/hbirdv2_uart.o
                0x0000000080000904                uart_write
 .text.uart_read
                0x0000000080000918       0x16 ./hbird_sdk/SoC/hbirdv2/Common/Source/Drivers/hbirdv2_uart.o
                0x0000000080000918                uart_read
 .text.measure_cpu_freq
                0x000000008000092e       0x56 ./hbird_sdk/SoC/hbirdv2/Common/Source/hbirdv2_common.o
                0x000000008000092e                measure_cpu_freq
 .text.get_cpu_freq
                0x0000000080000984       0x12 ./hbird_sdk/SoC/hbirdv2/Common/Source/hbirdv2_common.o
                0x0000000080000984                get_cpu_freq
 .text.system_default_exception_handler
                0x0000000080000996       0x44 ./hbird_sdk/SoC/hbirdv2/Common/Source/system_hbirdv2.o
 .text.system_default_interrupt_handler
                0x00000000800009da       0x48 ./hbird_sdk/SoC/hbirdv2/Common/Source/system_hbirdv2.o
 .text.SystemInit
                0x0000000080000a22       0x12 ./hbird_sdk/SoC/hbirdv2/Common/Source/system_hbirdv2.o
                0x0000000080000a22                SystemInit
 .text.core_trap_handler
                0x0000000080000a34       0x94 ./hbird_sdk/SoC/hbirdv2/Common/Source/system_hbirdv2.o
                0x0000000080000a34                core_trap_handler
 .text.SystemBannerPrint
                0x0000000080000ac8       0x4c ./hbird_sdk/SoC/hbirdv2/Common/Source/system_hbirdv2.o
                0x0000000080000ac8                SystemBannerPrint
 .text._premain_init
                0x0000000080000b14       0xae ./hbird_sdk/SoC/hbirdv2/Common/Source/system_hbirdv2.o
                0x0000000080000b14                _premain_init
 .text._postmain_fini
                0x0000000080000bc2        0x2 ./hbird_sdk/SoC/hbirdv2/Common/Source/system_hbirdv2.o
                0x0000000080000bc2                _postmain_fini
 .text._init    0x0000000080000bc4        0x2 ./hbird_sdk/SoC/hbirdv2/Common/Source/system_hbirdv2.o
                0x0000000080000bc4                _init
 .text._fini    0x0000000080000bc6        0x2 ./hbird_sdk/SoC/hbirdv2/Common/Source/system_hbirdv2.o
                0x0000000080000bc6                _fini
 .text.cmp_idx  0x0000000080000bc8       0x46 ./application/core_list_join.o
                0x0000000080000bc8                cmp_idx
 .text.calc_func
                0x0000000080000c0e       0xe0 ./application/core_list_join.o
                0x0000000080000c0e                calc_func
 .text.cmp_complex
                0x0000000080000cee       0x28 ./application/core_list_join.o
                0x0000000080000cee                cmp_complex
 .text.core_list_find
                0x0000000080000d16       0x3a ./application/core_list_join.o
                0x0000000080000d16                core_list_find
 .text.core_list_mergesort
                0x0000000080000d50       0xbe ./application/core_list_join.o
                0x0000000080000d50                core_list_mergesort
 .text.core_bench_list
                0x0000000080000e0e      0x18e ./application/core_list_join.o
                0x0000000080000e0e                core_bench_list
 .text.core_list_init
                0x0000000080000f9c      0x11e ./application/core_list_join.o
                0x0000000080000f9c                core_list_init
 .text.iterate  0x00000000800010ba       0x5c ./application/core_main.o
                0x00000000800010ba                iterate
 .text.core_init_matrix
                0x0000000080001116       0xce ./application/core_matrix.o
                0x0000000080001116                core_init_matrix
 .text.matrix_mul_vect
                0x00000000800011e4       0x40 ./application/core_matrix.o
                0x00000000800011e4                matrix_mul_vect
 .text.matrix_mul_matrix
                0x0000000080001224       0x6c ./application/core_matrix.o
                0x0000000080001224                matrix_mul_matrix
 .text.matrix_mul_matrix_bitextract
                0x0000000080001290       0x7c ./application/core_matrix.o
                0x0000000080001290                matrix_mul_matrix_bitextract
 .text.matrix_test
                0x000000008000130c      0x2b2 ./application/core_matrix.o
                0x000000008000130c                matrix_test
 .text.core_bench_matrix
                0x00000000800015be       0x1e ./application/core_matrix.o
                0x00000000800015be                core_bench_matrix
 .text.start_time
                0x00000000800015dc       0x32 ./application/core_portme.o
                0x00000000800015dc                start_time
 .text.stop_time
                0x000000008000160e       0x32 ./application/core_portme.o
                0x000000008000160e                stop_time
 .text.get_time
                0x0000000080001640       0x20 ./application/core_portme.o
                0x0000000080001640                get_time
 .text.time_in_secs
                0x0000000080001660       0x3c ./application/core_portme.o
                0x0000000080001660                time_in_secs
 .text.core_init_state
                0x000000008000169c       0xfc ./application/core_state.o
                0x000000008000169c                core_init_state
 .text.core_state_transition
                0x0000000080001798      0x24e ./application/core_state.o
                0x0000000080001798                core_state_transition
 .text.core_bench_state
                0x00000000800019e6      0x12a ./application/core_state.o
                0x00000000800019e6                core_bench_state
 .text.get_seed_32
                0x0000000080001b10       0x3e ./application/core_util.o
                0x0000000080001b10                get_seed_32
 .text.crcu16   0x0000000080001b4e       0x54 ./application/core_util.o
                0x0000000080001b4e                crcu16
 .text.crcu32   0x0000000080001ba2       0x1c ./application/core_util.o
                0x0000000080001ba2                crcu32
 .text.crc16    0x0000000080001bbe        0x6 ./application/core_util.o
                0x0000000080001bbe                crc16
 .text.check_data_types
                0x0000000080001bc4        0x4 ./application/core_util.o
                0x0000000080001bc4                check_data_types
 .text          0x0000000080001bc8      0x546 e:/nucleistudio/nucleistudio_ide_202102-win64/nucleistudio/toolchain/gcc/bin/../lib/gcc/riscv-nuclei-elf/9.2.0/rv32imac/ilp32\libgcc.a(divdf3.o)
                0x0000000080001bc8                __divdf3
 .text          0x000000008000210e       0xa6 e:/nucleistudio/nucleistudio_ide_202102-win64/nucleistudio/toolchain/gcc/bin/../lib/gcc/riscv-nuclei-elf/9.2.0/rv32imac/ilp32\libgcc.a(gedf2.o)
                0x000000008000210e                __gedf2
                0x000000008000210e                __gtdf2
 .text          0x00000000800021b4       0xa6 e:/nucleistudio/nucleistudio_ide_202102-win64/nucleistudio/toolchain/gcc/bin/../lib/gcc/riscv-nuclei-elf/9.2.0/rv32imac/ilp32\libgcc.a(ledf2.o)
                0x00000000800021b4                __ledf2
                0x00000000800021b4                __ltdf2
 .text          0x000000008000225a       0x60 e:/nucleistudio/nucleistudio_ide_202102-win64/nucleistudio/toolchain/gcc/bin/../lib/gcc/riscv-nuclei-elf/9.2.0/rv32imac/ilp32\libgcc.a(fixunsdfsi.o)
                0x000000008000225a                __fixunsdfsi
 .text          0x00000000800022ba       0x4e e:/nucleistudio/nucleistudio_ide_202102-win64/nucleistudio/toolchain/gcc/bin/../lib/gcc/riscv-nuclei-elf/9.2.0/rv32imac/ilp32\libgcc.a(floatunsidf.o)
                0x00000000800022ba                __floatunsidf
 .text          0x0000000080002308      0x148 e:/nucleistudio/nucleistudio_ide_202102-win64/nucleistudio/toolchain/gcc/bin/../lib/gcc/riscv-nuclei-elf/9.2.0/rv32imac/ilp32\libgcc.a(floatundidf.o)
                0x0000000080002308                __floatundidf
 .text          0x0000000080002450      0x248 e:/nucleistudio/nucleistudio_ide_202102-win64/nucleistudio/toolchain/gcc/bin/../lib/gcc/riscv-nuclei-elf/9.2.0/rv32imac/ilp32\libgcc.a(divsf3.o)
                0x0000000080002450                __divsf3
 .text          0x0000000080002698       0xd6 e:/nucleistudio/nucleistudio_ide_202102-win64/nucleistudio/toolchain/gcc/bin/../lib/gcc/riscv-nuclei-elf/9.2.0/rv32imac/ilp32\libgcc.a(floatundisf.o)
                0x0000000080002698                __floatundisf
 .text          0x000000008000276e       0x96 e:/nucleistudio/nucleistudio_ide_202102-win64/nucleistudio/toolchain/gcc/bin/../lib/gcc/riscv-nuclei-elf/9.2.0/rv32imac/ilp32\libgcc.a(extendsfdf2.o)
                0x000000008000276e                __extendsfdf2
 .text          0x0000000080002804       0x2a e:/nucleistudio/nucleistudio_ide_202102-win64/nucleistudio/toolchain/gcc/bin/../lib/gcc/riscv-nuclei-elf/9.2.0/rv32imac/ilp32\libgcc.a(_lshrdi3.o)
                0x0000000080002804                __lshrdi3
 .text          0x000000008000282e       0x2a e:/nucleistudio/nucleistudio_ide_202102-win64/nucleistudio/toolchain/gcc/bin/../lib/gcc/riscv-nuclei-elf/9.2.0/rv32imac/ilp32\libgcc.a(_ashldi3.o)
                0x000000008000282e                __ashldi3
 .text          0x0000000080002858       0x3c e:/nucleistudio/nucleistudio_ide_202102-win64/nucleistudio/toolchain/gcc/bin/../lib/gcc/riscv-nuclei-elf/9.2.0/rv32imac/ilp32\libgcc.a(_clzsi2.o)
                0x0000000080002858                __clzsi2
 .text.atexit   0x0000000080002894        0xc e:/nucleistudio/nucleistudio_ide_202102-win64/nucleistudio/toolchain/gcc/bin/../lib/gcc/riscv-nuclei-elf/9.2.0/../../../../riscv-nuclei-elf/lib/rv32imac/ilp32\libg_nano.a(lib_a-atexit.o)
                0x0000000080002894                atexit
 .text.__libc_fini_array
                0x00000000800028a0       0x3a e:/nucleistudio/nucleistudio_ide_202102-win64/nucleistudio/toolchain/gcc/bin/../lib/gcc/riscv-nuclei-elf/9.2.0/../../../../riscv-nuclei-elf/lib/rv32imac/ilp32\libg_nano.a(lib_a-fini.o)
                0x00000000800028a0                __libc_fini_array
 .text.__libc_init_array
                0x00000000800028da       0x6e e:/nucleistudio/nucleistudio_ide_202102-win64/nucleistudio/toolchain/gcc/bin/../lib/gcc/riscv-nuclei-elf/9.2.0/../../../../riscv-nuclei-elf/lib/rv32imac/ilp32\libg_nano.a(lib_a-init.o)
                0x00000000800028da                __libc_init_array
 .text.__cvt    0x0000000080002948       0xf2 e:/nucleistudio/nucleistudio_ide_202102-win64/nucleistudio/toolchain/gcc/bin/../lib/gcc/riscv-nuclei-elf/9.2.0/../../../../riscv-nuclei-elf/lib/rv32imac/ilp32\libg_nano.a(lib_a-nano-vfprintf_float.o)
                0x0000000080002948                __cvt
 .text.__exponent
                0x0000000080002a3a       0x9c e:/nucleistudio/nucleistudio_ide_202102-win64/nucleistudio/toolchain/gcc/bin/../lib/gcc/riscv-nuclei-elf/9.2.0/../../../../riscv-nuclei-elf/lib/rv32imac/ilp32\libg_nano.a(lib_a-nano-vfprintf_float.o)
                0x0000000080002a3a                __exponent
 .text._printf_float
                0x0000000080002ad6      0x4ce e:/nucleistudio/nucleistudio_ide_202102-win64/nucleistudio/toolchain/gcc/bin/../lib/gcc/riscv-nuclei-elf/9.2.0/../../../../riscv-nuclei-elf/lib/rv32imac/ilp32\libg_nano.a(lib_a-nano-vfprintf_float.o)
                0x0000000080002ad6                _printf_float
 .text._printf_common
                0x0000000080002fa4      0x10c e:/nucleistudio/nucleistudio_ide_202102-win64/nucleistudio/toolchain/gcc/bin/../lib/gcc/riscv-nuclei-elf/9.2.0/../../../../riscv-nuclei-elf/lib/rv32imac/ilp32\libg_nano.a(lib_a-nano-vfprintf_i.o)
                0x0000000080002fa4                _printf_common
 .text._printf_i
                0x00000000800030b0      0x274 e:/nucleistudio/nucleistudio_ide_202102-win64/nucleistudio/toolchain/gcc/bin/../lib/gcc/riscv-nuclei-elf/9.2.0/../../../../riscv-nuclei-elf/lib/rv32imac/ilp32\libg_nano.a(lib_a-nano-vfprintf_i.o)
                0x00000000800030b0                _printf_i
 .text.printf   0x0000000080003324       0x3c e:/nucleistudio/nucleistudio_ide_202102-win64/nucleistudio/toolchain/gcc/bin/../lib/gcc/riscv-nuclei-elf/9.2.0/../../../../riscv-nuclei-elf/lib/rv32imac/ilp32\libg_nano.a(lib_a-printf.o)
                0x0000000080003324                iprintf
                0x0000000080003324                printf
 .text.putchar  0x0000000080003360       0x28 e:/nucleistudio/nucleistudio_ide_202102-win64/nucleistudio/toolchain/gcc/bin/../lib/gcc/riscv-nuclei-elf/9.2.0/../../../../riscv-nuclei-elf/lib/rv32imac/ilp32\libg_nano.a(lib_a-putchar.o)
                0x0000000080003360                putchar
 .text._putc_r  0x0000000080003388       0x84 e:/nucleistudio/nucleistudio_ide_202102-win64/nucleistudio/toolchain/gcc/bin/../lib/gcc/riscv-nuclei-elf/9.2.0/../../../../riscv-nuclei-elf/lib/rv32imac/ilp32\libg_nano.a(lib_a-putc.o)
                0x0000000080003388                _putc_r
 .text._puts_r  0x000000008000340c       0xde e:/nucleistudio/nucleistudio_ide_202102-win64/nucleistudio/toolchain/gcc/bin/../lib/gcc/riscv-nuclei-elf/9.2.0/../../../../riscv-nuclei-elf/lib/rv32imac/ilp32\libg_nano.a(lib_a-puts.o)
                0x000000008000340c                _puts_r
 .text.puts     0x00000000800034ea        0x8 e:/nucleistudio/nucleistudio_ide_202102-win64/nucleistudio/toolchain/gcc/bin/../lib/gcc/riscv-nuclei-elf/9.2.0/../../../../riscv-nuclei-elf/lib/rv32imac/ilp32\libg_nano.a(lib_a-puts.o)
                0x00000000800034ea                puts
 .text.strlen   0x00000000800034f2       0x12 e:/nucleistudio/nucleistudio_ide_202102-win64/nucleistudio/toolchain/gcc/bin/../lib/gcc/riscv-nuclei-elf/9.2.0/../../../../riscv-nuclei-elf/lib/rv32imac/ilp32\libg_nano.a(lib_a-strlen.o)
                0x00000000800034f2                strlen
 .text.isatty   0x0000000080003504        0x4 e:/nucleistudio/nucleistudio_ide_202102-win64/nucleistudio/toolchain/gcc/bin/../lib/gcc/riscv-nuclei-elf/9.2.0/../../../../riscv-nuclei-elf/lib/rv32imac/ilp32\libg_nano.a(lib_a-sysisatty.o)
                0x0000000080003504                isatty
 .text.__swbuf_r
                0x0000000080003508       0xc6 e:/nucleistudio/nucleistudio_ide_202102-win64/nucleistudio/toolchain/gcc/bin/../lib/gcc/riscv-nuclei-elf/9.2.0/../../../../riscv-nuclei-elf/lib/rv32imac/ilp32\libg_nano.a(lib_a-wbuf.o)
                0x0000000080003508                __swbuf_r
 .text.__swsetup_r
                0x00000000800035ce      0x10c e:/nucleistudio/nucleistudio_ide_202102-win64/nucleistudio/toolchain/gcc/bin/../lib/gcc/riscv-nuclei-elf/9.2.0/../../../../riscv-nuclei-elf/lib/rv32imac/ilp32\libg_nano.a(lib_a-wsetup.o)
                0x00000000800035ce                __swsetup_r
 .text.__register_exitproc
                0x00000000800036da       0x78 e:/nucleistudio/nucleistudio_ide_202102-win64/nucleistudio/toolchain/gcc/bin/../lib/gcc/riscv-nuclei-elf/9.2.0/../../../../riscv-nuclei-elf/lib/rv32imac/ilp32\libg_nano.a(lib_a-__atexit.o)
                0x00000000800036da                __register_exitproc
 .text.quorem   0x0000000080003752      0x138 e:/nucleistudio/nucleistudio_ide_202102-win64/nucleistudio/toolchain/gcc/bin/../lib/gcc/riscv-nuclei-elf/9.2.0/../../../../riscv-nuclei-elf/lib/rv32imac/ilp32\libg_nano.a(lib_a-dtoa.o)
 .text._dtoa_r  0x000000008000388a      0xc24 e:/nucleistudio/nucleistudio_ide_202102-win64/nucleistudio/toolchain/gcc/bin/../lib/gcc/riscv-nuclei-elf/9.2.0/../../../../riscv-nuclei-elf/lib/rv32imac/ilp32\libg_nano.a(lib_a-dtoa.o)
                0x000000008000388a                _dtoa_r
 .text.__sflush_r
                0x00000000800044ae      0x14c e:/nucleistudio/nucleistudio_ide_202102-win64/nucleistudio/toolchain/gcc/bin/../lib/gcc/riscv-nuclei-elf/9.2.0/../../../../riscv-nuclei-elf/lib/rv32imac/ilp32\libg_nano.a(lib_a-fflush.o)
                0x00000000800044ae                __sflush_r
 .text._fflush_r
                0x00000000800045fa       0x64 e:/nucleistudio/nucleistudio_ide_202102-win64/nucleistudio/toolchain/gcc/bin/../lib/gcc/riscv-nuclei-elf/9.2.0/../../../../riscv-nuclei-elf/lib/rv32imac/ilp32\libg_nano.a(lib_a-fflush.o)
                0x00000000800045fa                _fflush_r
 .text.std      0x000000008000465e       0x68 e:/nucleistudio/nucleistudio_ide_202102-win64/nucleistudio/toolchain/gcc/bin/../lib/gcc/riscv-nuclei-elf/9.2.0/../../../../riscv-nuclei-elf/lib/rv32imac/ilp32\libg_nano.a(lib_a-findfp.o)
 .text._cleanup_r
                0x00000000800046c6        0xa e:/nucleistudio/nucleistudio_ide_202102-win64/nucleistudio/toolchain/gcc/bin/../lib/gcc/riscv-nuclei-elf/9.2.0/../../../../riscv-nuclei-elf/lib/rv32imac/ilp32\libg_nano.a(lib_a-findfp.o)
                0x00000000800046c6                _cleanup_r
 .text.__sfmoreglue
                0x00000000800046d0       0x46 e:/nucleistudio/nucleistudio_ide_202102-win64/nucleistudio/toolchain/gcc/bin/../lib/gcc/riscv-nuclei-elf/9.2.0/../../../../riscv-nuclei-elf/lib/rv32imac/ilp32\libg_nano.a(lib_a-findfp.o)
                0x00000000800046d0                __sfmoreglue
 .text.__sinit  0x0000000080004716       0x66 e:/nucleistudio/nucleistudio_ide_202102-win64/nucleistudio/toolchain/gcc/bin/../lib/gcc/riscv-nuclei-elf/9.2.0/../../../../riscv-nuclei-elf/lib/rv32imac/ilp32\libg_nano.a(lib_a-findfp.o)
                0x0000000080004716                __sinit
 .text.__sfp    0x000000008000477c       0x98 e:/nucleistudio/nucleistudio_ide_202102-win64/nucleistudio/toolchain/gcc/bin/../lib/gcc/riscv-nuclei-elf/9.2.0/../../../../riscv-nuclei-elf/lib/rv32imac/ilp32\libg_nano.a(lib_a-findfp.o)
                0x000000008000477c                __sfp
 .text._fwalk_reent
                0x0000000080004814       0x6a e:/nucleistudio/nucleistudio_ide_202102-win64/nucleistudio/toolchain/gcc/bin/../lib/gcc/riscv-nuclei-elf/9.2.0/../../../../riscv-nuclei-elf/lib/rv32imac/ilp32\libg_nano.a(lib_a-fwalk.o)
                0x0000000080004814                _fwalk_reent
 .text._localeconv_r
                0x000000008000487e       0x16 e:/nucleistudio/nucleistudio_ide_202102-win64/nucleistudio/toolchain/gcc/bin/../lib/gcc/riscv-nuclei-elf/9.2.0/../../../../riscv-nuclei-elf/lib/rv32imac/ilp32\libg_nano.a(lib_a-localeconv.o)
                0x000000008000487e                _localeconv_r
 .text.__swhatbuf_r
                0x0000000080004894       0x5c e:/nucleistudio/nucleistudio_ide_202102-win64/nucleistudio/toolchain/gcc/bin/../lib/gcc/riscv-nuclei-elf/9.2.0/../../../../riscv-nuclei-elf/lib/rv32imac/ilp32\libg_nano.a(lib_a-makebuf.o)
                0x0000000080004894                __swhatbuf_r
 .text.__smakebuf_r
                0x00000000800048f0       0xa0 e:/nucleistudio/nucleistudio_ide_202102-win64/nucleistudio/toolchain/gcc/bin/../lib/gcc/riscv-nuclei-elf/9.2.0/../../../../riscv-nuclei-elf/lib/rv32imac/ilp32\libg_nano.a(lib_a-makebuf.o)
                0x00000000800048f0                __smakebuf_r
 .text.malloc   0x0000000080004990        0xa e:/nucleistudio/nucleistudio_ide_202102-win64/nucleistudio/toolchain/gcc/bin/../lib/gcc/riscv-nuclei-elf/9.2.0/../../../../riscv-nuclei-elf/lib/rv32imac/ilp32\libg_nano.a(lib_a-malloc.o)
                0x0000000080004990                malloc
 .text.__ascii_mbtowc
                0x000000008000499a       0x3a e:/nucleistudio/nucleistudio_ide_202102-win64/nucleistudio/toolchain/gcc/bin/../lib/gcc/riscv-nuclei-elf/9.2.0/../../../../riscv-nuclei-elf/lib/rv32imac/ilp32\libg_nano.a(lib_a-mbtowc_r.o)
                0x000000008000499a                __ascii_mbtowc
 .text.memchr   0x00000000800049d4       0x1a e:/nucleistudio/nucleistudio_ide_202102-win64/nucleistudio/toolchain/gcc/bin/../lib/gcc/riscv-nuclei-elf/9.2.0/../../../../riscv-nuclei-elf/lib/rv32imac/ilp32\libg_nano.a(lib_a-memchr.o)
                0x00000000800049d4                memchr
 .text.memcpy   0x00000000800049ee       0xd4 e:/nucleistudio/nucleistudio_ide_202102-win64/nucleistudio/toolchain/gcc/bin/../lib/gcc/riscv-nuclei-elf/9.2.0/../../../../riscv-nuclei-elf/lib/rv32imac/ilp32\libg_nano.a(lib_a-memcpy.o)
                0x00000000800049ee                memcpy
 .text          0x0000000080004ac2       0xa8 e:/nucleistudio/nucleistudio_ide_202102-win64/nucleistudio/toolchain/gcc/bin/../lib/gcc/riscv-nuclei-elf/9.2.0/../../../../riscv-nuclei-elf/lib/rv32imac/ilp32\libg_nano.a(lib_a-memset.o)
                0x0000000080004ac2                memset
 .text._Balloc  0x0000000080004b6a       0x8c e:/nucleistudio/nucleistudio_ide_202102-win64/nucleistudio/toolchain/gcc/bin/../lib/gcc/riscv-nuclei-elf/9.2.0/../../../../riscv-nuclei-elf/lib/rv32imac/ilp32\libg_nano.a(lib_a-mprec.o)
                0x0000000080004b6a                _Balloc
 .text._Bfree   0x0000000080004bf6       0x46 e:/nucleistudio/nucleistudio_ide_202102-win64/nucleistudio/toolchain/gcc/bin/../lib/gcc/riscv-nuclei-elf/9.2.0/../../../../riscv-nuclei-elf/lib/rv32imac/ilp32\libg_nano.a(lib_a-mprec.o)
                0x0000000080004bf6                _Bfree
 .text.__multadd
                0x0000000080004c3c       0x9c e:/nucleistudio/nucleistudio_ide_202102-win64/nucleistudio/toolchain/gcc/bin/../lib/gcc/riscv-nuclei-elf/9.2.0/../../../../riscv-nuclei-elf/lib/rv32imac/ilp32\libg_nano.a(lib_a-mprec.o)
                0x0000000080004c3c                __multadd
 .text.__hi0bits
                0x0000000080004cd8       0x46 e:/nucleistudio/nucleistudio_ide_202102-win64/nucleistudio/toolchain/gcc/bin/../lib/gcc/riscv-nuclei-elf/9.2.0/../../../../riscv-nuclei-elf/lib/rv32imac/ilp32\libg_nano.a(lib_a-mprec.o)
                0x0000000080004cd8                __hi0bits
 .text.__lo0bits
                0x0000000080004d1e       0x6a e:/nucleistudio/nucleistudio_ide_202102-win64/nucleistudio/toolchain/gcc/bin/../lib/gcc/riscv-nuclei-elf/9.2.0/../../../../riscv-nuclei-elf/lib/rv32imac/ilp32\libg_nano.a(lib_a-mprec.o)
                0x0000000080004d1e                __lo0bits
 .text.__i2b    0x0000000080004d88       0x1a e:/nucleistudio/nucleistudio_ide_202102-win64/nucleistudio/toolchain/gcc/bin/../lib/gcc/riscv-nuclei-elf/9.2.0/../../../../riscv-nuclei-elf/lib/rv32imac/ilp32\libg_nano.a(lib_a-mprec.o)
                0x0000000080004d88                __i2b
 .text.__multiply
                0x0000000080004da2      0x164 e:/nucleistudio/nucleistudio_ide_202102-win64/nucleistudio/toolchain/gcc/bin/../lib/gcc/riscv-nuclei-elf/9.2.0/../../../../riscv-nuclei-elf/lib/rv32imac/ilp32\libg_nano.a(lib_a-mprec.o)
                0x0000000080004da2                __multiply
 .text.__pow5mult
                0x0000000080004f06       0xb8 e:/nucleistudio/nucleistudio_ide_202102-win64/nucleistudio/toolchain/gcc/bin/../lib/gcc/riscv-nuclei-elf/9.2.0/../../../../riscv-nuclei-elf/lib/rv32imac/ilp32\libg_nano.a(lib_a-mprec.o)
                0x0000000080004f06                __pow5mult
 .text.__lshift
                0x0000000080004fbe       0xe8 e:/nucleistudio/nucleistudio_ide_202102-win64/nucleistudio/toolchain/gcc/bin/../lib/gcc/riscv-nuclei-elf/9.2.0/../../../../riscv-nuclei-elf/lib/rv32imac/ilp32\libg_nano.a(lib_a-mprec.o)
                0x0000000080004fbe                __lshift
 .text.__mcmp   0x00000000800050a6       0x3a e:/nucleistudio/nucleistudio_ide_202102-win64/nucleistudio/toolchain/gcc/bin/../lib/gcc/riscv-nuclei-elf/9.2.0/../../../../riscv-nuclei-elf/lib/rv32imac/ilp32\libg_nano.a(lib_a-mprec.o)
                0x00000000800050a6                __mcmp
 .text.__mdiff  0x00000000800050e0      0x132 e:/nucleistudio/nucleistudio_ide_202102-win64/nucleistudio/toolchain/gcc/bin/../lib/gcc/riscv-nuclei-elf/9.2.0/../../../../riscv-nuclei-elf/lib/rv32imac/ilp32\libg_nano.a(lib_a-mprec.o)
                0x00000000800050e0                __mdiff
 .text.__d2b    0x0000000080005212       0xd4 e:/nucleistudio/nucleistudio_ide_202102-win64/nucleistudio/toolchain/gcc/bin/../lib/gcc/riscv-nuclei-elf/9.2.0/../../../../riscv-nuclei-elf/lib/rv32imac/ilp32\libg_nano.a(lib_a-mprec.o)
                0x0000000080005212                __d2b
 .text._calloc_r
                0x00000000800052e6       0x26 e:/nucleistudio/nucleistudio_ide_202102-win64/nucleistudio/toolchain/gcc/bin/../lib/gcc/riscv-nuclei-elf/9.2.0/../../../../riscv-nuclei-elf/lib/rv32imac/ilp32\libg_nano.a(lib_a-nano-callocr.o)
                0x00000000800052e6                _calloc_r
 .text._free_r  0x000000008000530c       0xa2 e:/nucleistudio/nucleistudio_ide_202102-win64/nucleistudio/toolchain/gcc/bin/../lib/gcc/riscv-nuclei-elf/9.2.0/../../../../riscv-nuclei-elf/lib/rv32imac/ilp32\libg_nano.a(lib_a-nano-freer.o)
                0x000000008000530c                _free_r
 .text._malloc_r
                0x00000000800053ae       0xd2 e:/nucleistudio/nucleistudio_ide_202102-win64/nucleistudio/toolchain/gcc/bin/../lib/gcc/riscv-nuclei-elf/9.2.0/../../../../riscv-nuclei-elf/lib/rv32imac/ilp32\libg_nano.a(lib_a-nano-mallocr.o)
                0x00000000800053ae                _malloc_r
 .text.__sfputc_r
                0x0000000080005480       0x2a e:/nucleistudio/nucleistudio_ide_202102-win64/nucleistudio/toolchain/gcc/bin/../lib/gcc/riscv-nuclei-elf/9.2.0/../../../../riscv-nuclei-elf/lib/rv32imac/ilp32\libg_nano.a(lib_a-nano-vfprintf.o)
 .text.__sfputs_r
                0x00000000800054aa       0x42 e:/nucleistudio/nucleistudio_ide_202102-win64/nucleistudio/toolchain/gcc/bin/../lib/gcc/riscv-nuclei-elf/9.2.0/../../../../riscv-nuclei-elf/lib/rv32imac/ilp32\libg_nano.a(lib_a-nano-vfprintf.o)
                0x00000000800054aa                __sfputs_r
 .text._vfprintf_r
                0x00000000800054ec      0x29e e:/nucleistudio/nucleistudio_ide_202102-win64/nucleistudio/toolchain/gcc/bin/../lib/gcc/riscv-nuclei-elf/9.2.0/../../../../riscv-nuclei-elf/lib/rv32imac/ilp32\libg_nano.a(lib_a-nano-vfprintf.o)
                0x00000000800054ec                _vfprintf_r
                0x00000000800054ec                _vfiprintf_r
 .text._sbrk_r  0x000000008000578a       0x28 e:/nucleistudio/nucleistudio_ide_202102-win64/nucleistudio/toolchain/gcc/bin/../lib/gcc/riscv-nuclei-elf/9.2.0/../../../../riscv-nuclei-elf/lib/rv32imac/ilp32\libg_nano.a(lib_a-sbrkr.o)
                0x000000008000578a                _sbrk_r
 .text.__sread  0x00000000800057b2       0x30 e:/nucleistudio/nucleistudio_ide_202102-win64/nucleistudio/toolchain/gcc/bin/../lib/gcc/riscv-nuclei-elf/9.2.0/../../../../riscv-nuclei-elf/lib/rv32imac/ilp32\libg_nano.a(lib_a-stdio.o)
                0x00000000800057b2                __sread
 .text.__swrite
                0x00000000800057e2       0x4e e:/nucleistudio/nucleistudio_ide_202102-win64/nucleistudio/toolchain/gcc/bin/../lib/gcc/riscv-nuclei-elf/9.2.0/../../../../riscv-nuclei-elf/lib/rv32imac/ilp32\libg_nano.a(lib_a-stdio.o)
                0x00000000800057e2                __swrite
 .text.__sseek  0x0000000080005830       0x36 e:/nucleistudio/nucleistudio_ide_202102-win64/nucleistudio/toolchain/gcc/bin/../lib/gcc/riscv-nuclei-elf/9.2.0/../../../../riscv-nuclei-elf/lib/rv32imac/ilp32\libg_nano.a(lib_a-stdio.o)
                0x0000000080005830                __sseek
 .text.__sclose
                0x0000000080005866        0x6 e:/nucleistudio/nucleistudio_ide_202102-win64/nucleistudio/toolchain/gcc/bin/../lib/gcc/riscv-nuclei-elf/9.2.0/../../../../riscv-nuclei-elf/lib/rv32imac/ilp32\libg_nano.a(lib_a-stdio.o)
                0x0000000080005866                __sclose
 .text.__ascii_wctomb
                0x000000008000586c       0x20 e:/nucleistudio/nucleistudio_ide_202102-win64/nucleistudio/toolchain/gcc/bin/../lib/gcc/riscv-nuclei-elf/9.2.0/../../../../riscv-nuclei-elf/lib/rv32imac/ilp32\libg_nano.a(lib_a-wctomb_r.o)
                0x000000008000586c                __ascii_wctomb
 .text._write_r
                0x000000008000588c       0x2c e:/nucleistudio/nucleistudio_ide_202102-win64/nucleistudio/toolchain/gcc/bin/../lib/gcc/riscv-nuclei-elf/9.2.0/../../../../riscv-nuclei-elf/lib/rv32imac/ilp32\libg_nano.a(lib_a-writer.o)
                0x000000008000588c                _write_r
 .text._close_r
                0x00000000800058b8       0x28 e:/nucleistudio/nucleistudio_ide_202102-win64/nucleistudio/toolchain/gcc/bin/../lib/gcc/riscv-nuclei-elf/9.2.0/../../../../riscv-nuclei-elf/lib/rv32imac/ilp32\libg_nano.a(lib_a-closer.o)
                0x00000000800058b8                _close_r
 .text._fstat_r
                0x00000000800058e0       0x2a e:/nucleistudio/nucleistudio_ide_202102-win64/nucleistudio/toolchain/gcc/bin/../lib/gcc/riscv-nuclei-elf/9.2.0/../../../../riscv-nuclei-elf/lib/rv32imac/ilp32\libg_nano.a(lib_a-fstatr.o)
                0x00000000800058e0                _fstat_r
 .text._isatty_r
                0x000000008000590a       0x28 e:/nucleistudio/nucleistudio_ide_202102-win64/nucleistudio/toolchain/gcc/bin/../lib/gcc/riscv-nuclei-elf/9.2.0/../../../../riscv-nuclei-elf/lib/rv32imac/ilp32\libg_nano.a(lib_a-isattyr.o)
                0x000000008000590a                _isatty_r
 .text._lseek_r
                0x0000000080005932       0x2c e:/nucleistudio/nucleistudio_ide_202102-win64/nucleistudio/toolchain/gcc/bin/../lib/gcc/riscv-nuclei-elf/9.2.0/../../../../riscv-nuclei-elf/lib/rv32imac/ilp32\libg_nano.a(lib_a-lseekr.o)
                0x0000000080005932                _lseek_r
 .text.__malloc_lock
                0x000000008000595e        0x2 e:/nucleistudio/nucleistudio_ide_202102-win64/nucleistudio/toolchain/gcc/bin/../lib/gcc/riscv-nuclei-elf/9.2.0/../../../../riscv-nuclei-elf/lib/rv32imac/ilp32\libg_nano.a(lib_a-mlock.o)
                0x000000008000595e                __malloc_lock
 .text.__malloc_unlock
                0x0000000080005960        0x2 e:/nucleistudio/nucleistudio_ide_202102-win64/nucleistudio/toolchain/gcc/bin/../lib/gcc/riscv-nuclei-elf/9.2.0/../../../../riscv-nuclei-elf/lib/rv32imac/ilp32\libg_nano.a(lib_a-mlock.o)
                0x0000000080005960                __malloc_unlock
 .text._read_r  0x0000000080005962       0x2c e:/nucleistudio/nucleistudio_ide_202102-win64/nucleistudio/toolchain/gcc/bin/../lib/gcc/riscv-nuclei-elf/9.2.0/../../../../riscv-nuclei-elf/lib/rv32imac/ilp32\libg_nano.a(lib_a-readr.o)
                0x0000000080005962                _read_r
 .text          0x000000008000598e      0x5f0 e:/nucleistudio/nucleistudio_ide_202102-win64/nucleistudio/toolchain/gcc/bin/../lib/gcc/riscv-nuclei-elf/9.2.0/rv32imac/ilp32\libgcc.a(adddf3.o)
                0x000000008000598e                __adddf3
 .text          0x0000000080005f7e       0x6a e:/nucleistudio/nucleistudio_ide_202102-win64/nucleistudio/toolchain/gcc/bin/../lib/gcc/riscv-nuclei-elf/9.2.0/rv32imac/ilp32\libgcc.a(eqdf2.o)
                0x0000000080005f7e                __nedf2
                0x0000000080005f7e                __eqdf2
 .text          0x0000000080005fe8      0x44a e:/nucleistudio/nucleistudio_ide_202102-win64/nucleistudio/toolchain/gcc/bin/../lib/gcc/riscv-nuclei-elf/9.2.0/rv32imac/ilp32\libgcc.a(muldf3.o)
                0x0000000080005fe8                __muldf3
 .text          0x0000000080006432      0x602 e:/nucleistudio/nucleistudio_ide_202102-win64/nucleistudio/toolchain/gcc/bin/../lib/gcc/riscv-nuclei-elf/9.2.0/rv32imac/ilp32\libgcc.a(subdf3.o)
                0x0000000080006432                __subdf3
 .text          0x0000000080006a34       0x3a e:/nucleistudio/nucleistudio_ide_202102-win64/nucleistudio/toolchain/gcc/bin/../lib/gcc/riscv-nuclei-elf/9.2.0/rv32imac/ilp32\libgcc.a(unorddf2.o)
                0x0000000080006a34                __unorddf2
 .text          0x0000000080006a6e       0x64 e:/nucleistudio/nucleistudio_ide_202102-win64/nucleistudio/toolchain/gcc/bin/../lib/gcc/riscv-nuclei-elf/9.2.0/rv32imac/ilp32\libgcc.a(fixdfsi.o)
                0x0000000080006a6e                __fixdfsi
 .text          0x0000000080006ad2       0x6a e:/nucleistudio/nucleistudio_ide_202102-win64/nucleistudio/toolchain/gcc/bin/../lib/gcc/riscv-nuclei-elf/9.2.0/rv32imac/ilp32\libgcc.a(floatsidf.o)
                0x0000000080006ad2                __floatsidf
 .text          0x0000000080006b3c      0x24a e:/nucleistudio/nucleistudio_ide_202102-win64/nucleistudio/toolchain/gcc/bin/../lib/gcc/riscv-nuclei-elf/9.2.0/rv32imac/ilp32\libgcc.a(trunctfdf2.o)
                0x0000000080006b3c                __trunctfdf2
 *(.gnu.linkonce.t.*)

.rodata         0x0000000080006d88      0xcd8
                0x0000000080006d88                . = ALIGN (0x4)
 *(.rdata)
 *(.rodata .rodata.*)
 .rodata.system_default_exception_handler.str1.4
                0x0000000080006d88       0x44 ./hbird_sdk/SoC/hbirdv2/Common/Source/system_hbirdv2.o
 .rodata.system_default_interrupt_handler.str1.4
                0x0000000080006dcc       0x13 ./hbird_sdk/SoC/hbirdv2/Common/Source/system_hbirdv2.o
 *fill*         0x0000000080006ddf        0x1 
 .rodata.SystemBannerPrint.str1.4
                0x0000000080006de0       0x6f ./hbird_sdk/SoC/hbirdv2/Common/Source/system_hbirdv2.o
 *fill*         0x0000000080006e4f        0x1 
 .rodata.main.str1.4
                0x0000000080006e50      0x60b ./application/core_main.o
 *fill*         0x000000008000745b        0x1 
 .rodata.list_known_crc
                0x000000008000745c        0xa ./application/core_main.o
 *fill*         0x0000000080007466        0x2 
 .rodata.matrix_known_crc
                0x0000000080007468        0xa ./application/core_main.o
 *fill*         0x0000000080007472        0x2 
 .rodata.state_known_crc
                0x0000000080007474        0xa ./application/core_main.o
 *fill*         0x000000008000747e        0x2 
 .rodata.str1.4
                0x0000000080007480       0xad ./application/core_state.o
 *fill*         0x000000008000752d        0x3 
 .rodata.errpat
                0x0000000080007530       0x10 ./application/core_state.o
 .rodata.floatpat
                0x0000000080007540       0x10 ./application/core_state.o
 .rodata.intpat
                0x0000000080007550       0x10 ./application/core_state.o
 .rodata.scipat
                0x0000000080007560       0x10 ./application/core_state.o
 .rodata.get_seed_32
                0x0000000080007570       0x18 ./application/core_util.o
 .rodata        0x0000000080007588       0x3c e:/nucleistudio/nucleistudio_ide_202102-win64/nucleistudio/toolchain/gcc/bin/../lib/gcc/riscv-nuclei-elf/9.2.0/rv32imac/ilp32\libgcc.a(divdf3.o)
 .rodata        0x00000000800075c4       0x3c e:/nucleistudio/nucleistudio_ide_202102-win64/nucleistudio/toolchain/gcc/bin/../lib/gcc/riscv-nuclei-elf/9.2.0/rv32imac/ilp32\libgcc.a(divsf3.o)
 .rodata        0x0000000080007600      0x100 e:/nucleistudio/nucleistudio_ide_202102-win64/nucleistudio/toolchain/gcc/bin/../lib/gcc/riscv-nuclei-elf/9.2.0/rv32imac/ilp32\libgcc.a(_clz.o)
                0x0000000080007600                __clz_tab
 .rodata._printf_float.str1.4
                0x0000000080007700       0x12 e:/nucleistudio/nucleistudio_ide_202102-win64/nucleistudio/toolchain/gcc/bin/../lib/gcc/riscv-nuclei-elf/9.2.0/../../../../riscv-nuclei-elf/lib/rv32imac/ilp32\libg_nano.a(lib_a-nano-vfprintf_float.o)
 *fill*         0x0000000080007712        0x2 
 .rodata._printf_i.str1.4
                0x0000000080007714       0x25 e:/nucleistudio/nucleistudio_ide_202102-win64/nucleistudio/toolchain/gcc/bin/../lib/gcc/riscv-nuclei-elf/9.2.0/../../../../riscv-nuclei-elf/lib/rv32imac/ilp32\libg_nano.a(lib_a-nano-vfprintf_i.o)
 *fill*         0x0000000080007739        0x3 
 .rodata._printf_i
                0x000000008000773c       0x58 e:/nucleistudio/nucleistudio_ide_202102-win64/nucleistudio/toolchain/gcc/bin/../lib/gcc/riscv-nuclei-elf/9.2.0/../../../../riscv-nuclei-elf/lib/rv32imac/ilp32\libg_nano.a(lib_a-nano-vfprintf_i.o)
 .rodata._dtoa_r.str1.4
                0x0000000080007794       0x10 e:/nucleistudio/nucleistudio_ide_202102-win64/nucleistudio/toolchain/gcc/bin/../lib/gcc/riscv-nuclei-elf/9.2.0/../../../../riscv-nuclei-elf/lib/rv32imac/ilp32\libg_nano.a(lib_a-dtoa.o)
                                         0x12 (size before relaxing)
 .rodata.__sf_fake_stderr
                0x00000000800077a4       0x20 e:/nucleistudio/nucleistudio_ide_202102-win64/nucleistudio/toolchain/gcc/bin/../lib/gcc/riscv-nuclei-elf/9.2.0/../../../../riscv-nuclei-elf/lib/rv32imac/ilp32\libg_nano.a(lib_a-findfp.o)
                0x00000000800077a4                __sf_fake_stderr
 .rodata.__sf_fake_stdin
                0x00000000800077c4       0x20 e:/nucleistudio/nucleistudio_ide_202102-win64/nucleistudio/toolchain/gcc/bin/../lib/gcc/riscv-nuclei-elf/9.2.0/../../../../riscv-nuclei-elf/lib/rv32imac/ilp32\libg_nano.a(lib_a-findfp.o)
                0x00000000800077c4                __sf_fake_stdin
 .rodata.__sf_fake_stdout
                0x00000000800077e4       0x20 e:/nucleistudio/nucleistudio_ide_202102-win64/nucleistudio/toolchain/gcc/bin/../lib/gcc/riscv-nuclei-elf/9.2.0/../../../../riscv-nuclei-elf/lib/rv32imac/ilp32\libg_nano.a(lib_a-findfp.o)
                0x00000000800077e4                __sf_fake_stdout
 .rodata._setlocale_r.str1.4
                0x0000000080007804        0xa e:/nucleistudio/nucleistudio_ide_202102-win64/nucleistudio/toolchain/gcc/bin/../lib/gcc/riscv-nuclei-elf/9.2.0/../../../../riscv-nuclei-elf/lib/rv32imac/ilp32\libg_nano.a(lib_a-locale.o)
                                          0xd (size before relaxing)
 .rodata.str1.4
                0x000000008000780e        0xa e:/nucleistudio/nucleistudio_ide_202102-win64/nucleistudio/toolchain/gcc/bin/../lib/gcc/riscv-nuclei-elf/9.2.0/../../../../riscv-nuclei-elf/lib/rv32imac/ilp32\libg_nano.a(lib_a-locale.o)
                                          0x2 (size before relaxing)
 *fill*         0x000000008000780e        0x2 
 .rodata.__mprec_bigtens
                0x0000000080007810       0x28 e:/nucleistudio/nucleistudio_ide_202102-win64/nucleistudio/toolchain/gcc/bin/../lib/gcc/riscv-nuclei-elf/9.2.0/../../../../riscv-nuclei-elf/lib/rv32imac/ilp32\libg_nano.a(lib_a-mprec.o)
                0x0000000080007810                __mprec_bigtens
 .rodata.__mprec_tens
                0x0000000080007838       0xc8 e:/nucleistudio/nucleistudio_ide_202102-win64/nucleistudio/toolchain/gcc/bin/../lib/gcc/riscv-nuclei-elf/9.2.0/../../../../riscv-nuclei-elf/lib/rv32imac/ilp32\libg_nano.a(lib_a-mprec.o)
                0x0000000080007838                __mprec_tens
 .rodata.p05.3298
                0x0000000080007900        0xc e:/nucleistudio/nucleistudio_ide_202102-win64/nucleistudio/toolchain/gcc/bin/../lib/gcc/riscv-nuclei-elf/9.2.0/../../../../riscv-nuclei-elf/lib/rv32imac/ilp32\libg_nano.a(lib_a-mprec.o)
 .rodata._vfprintf_r.str1.4
                0x000000008000790c       0x14 e:/nucleistudio/nucleistudio_ide_202102-win64/nucleistudio/toolchain/gcc/bin/../lib/gcc/riscv-nuclei-elf/9.2.0/../../../../riscv-nuclei-elf/lib/rv32imac/ilp32\libg_nano.a(lib_a-nano-vfprintf.o)
                                         0x13 (size before relaxing)
 .rodata._ctype_
                0x0000000080007920      0x101 e:/nucleistudio/nucleistudio_ide_202102-win64/nucleistudio/toolchain/gcc/bin/../lib/gcc/riscv-nuclei-elf/9.2.0/../../../../riscv-nuclei-elf/lib/rv32imac/ilp32\libg_nano.a(lib_a-ctype_.o)
                0x0000000080007920                _ctype_
 *fill*         0x0000000080007a21        0x3 
 .rodata        0x0000000080007a24       0x3c e:/nucleistudio/nucleistudio_ide_202102-win64/nucleistudio/toolchain/gcc/bin/../lib/gcc/riscv-nuclei-elf/9.2.0/rv32imac/ilp32\libgcc.a(muldf3.o)
                0x0000000080007a60                . = ALIGN (0x4)
                0x0000000080007a60                __rt_init_start = .
 *(SORT_BY_NAME(.rti_fn*))
                0x0000000080007a60                __rt_init_end = .
                0x0000000080007a60                . = ALIGN (0x4)
                0x0000000080007a60                __fsymtab_start = .
 *(FSymTab)
                0x0000000080007a60                __fsymtab_end = .
                0x0000000080007a60                . = ALIGN (0x4)
                0x0000000080007a60                __vsymtab_start = .
 *(VSymTab)
                0x0000000080007a60                __vsymtab_end = .
 *(.gnu.linkonce.r.*)

.rela.dyn       0x0000000080007a60        0x0
 .rela.text._close
                0x0000000080007a60        0x0 ./hbird_sdk/SoC/hbirdv2/Common/Source/Stubs/close.o
 .rela.text._fstat
                0x0000000080007a60        0x0 ./hbird_sdk/SoC/hbirdv2/Common/Source/Stubs/close.o
 .rela.text._sbrk
                0x0000000080007a60        0x0 ./hbird_sdk/SoC/hbirdv2/Common/Source/Stubs/close.o
 .rela.sdata.curbrk.2850
                0x0000000080007a60        0x0 ./hbird_sdk/SoC/hbirdv2/Common/Source/Stubs/close.o
 .rela.init     0x0000000080007a60        0x0 ./hbird_sdk/SoC/hbirdv2/Common/Source/Stubs/close.o
 .rela.text.__libc_fini_array
                0x0000000080007a60        0x0 ./hbird_sdk/SoC/hbirdv2/Common/Source/Stubs/close.o
 .rela.text.__libc_init_array
                0x0000000080007a60        0x0 ./hbird_sdk/SoC/hbirdv2/Common/Source/Stubs/close.o
 .rela.text.isatty
                0x0000000080007a60        0x0 ./hbird_sdk/SoC/hbirdv2/Common/Source/Stubs/close.o
 .rela.text.__register_exitproc
                0x0000000080007a60        0x0 ./hbird_sdk/SoC/hbirdv2/Common/Source/Stubs/close.o
 .rela.text._vfprintf_r
                0x0000000080007a60        0x0 ./hbird_sdk/SoC/hbirdv2/Common/Source/Stubs/close.o
 .rela.text._sbrk_r
                0x0000000080007a60        0x0 ./hbird_sdk/SoC/hbirdv2/Common/Source/Stubs/close.o
 .rela.text._write_r
                0x0000000080007a60        0x0 ./hbird_sdk/SoC/hbirdv2/Common/Source/Stubs/close.o
 .rela.text._close_r
                0x0000000080007a60        0x0 ./hbird_sdk/SoC/hbirdv2/Common/Source/Stubs/close.o
 .rela.text._fstat_r
                0x0000000080007a60        0x0 ./hbird_sdk/SoC/hbirdv2/Common/Source/Stubs/close.o
 .rela.text._isatty_r
                0x0000000080007a60        0x0 ./hbird_sdk/SoC/hbirdv2/Common/Source/Stubs/close.o
 .rela.text._lseek_r
                0x0000000080007a60        0x0 ./hbird_sdk/SoC/hbirdv2/Common/Source/Stubs/close.o
 .rela.text._read_r
                0x0000000080007a60        0x0 ./hbird_sdk/SoC/hbirdv2/Common/Source/Stubs/close.o

.fini
 *(SORT_NONE(.fini))
                0x0000000080007a60                . = ALIGN (0x4)
                [!provide]                        PROVIDE (__etext = .)
                [!provide]                        PROVIDE (_etext = .)
                [!provide]                        PROVIDE (etext = .)
                0x0000000080007a60                PROVIDE (_eilm = .)

.preinit_array  0x0000000080007a60        0x0
                0x0000000080007a60                PROVIDE (__preinit_array_start = .)
 *(.preinit_array)
                0x0000000080007a60                PROVIDE (__preinit_array_end = .)

.init_array     0x0000000080007a60        0x0
                0x0000000080007a60                PROVIDE (__init_array_start = .)
 *(SORT_BY_INIT_PRIORITY(.init_array.*) SORT_BY_INIT_PRIORITY(.ctors.*))
 *(.init_array EXCLUDE_FILE(*crtend?.o *crtend.o *crtbegin?.o *crtbegin.o) .ctors)
                0x0000000080007a60                PROVIDE (__init_array_end = .)

.fini_array     0x0000000080007a60        0x0
                0x0000000080007a60                PROVIDE (__fini_array_start = .)
 *(SORT_BY_INIT_PRIORITY(.fini_array.*) SORT_BY_INIT_PRIORITY(.dtors.*))
 *(.fini_array EXCLUDE_FILE(*crtend?.o *crtend.o *crtbegin?.o *crtbegin.o) .dtors)
                0x0000000080007a60                PROVIDE (__fini_array_end = .)

.ctors
 *crtbegin.o(.ctors)
 *crtbegin?.o(.ctors)
 *(EXCLUDE_FILE(*crtend?.o *crtend.o) .ctors)
 *(SORT_BY_NAME(.ctors.*))
 *(.ctors)

.dtors
 *crtbegin.o(.dtors)
 *crtbegin?.o(.dtors)
 *(EXCLUDE_FILE(*crtend?.o *crtend.o) .dtors)
 *(SORT_BY_NAME(.dtors.*))
 *(.dtors)

.lalign         0x0000000080007a60        0x0
                0x0000000080007a60                . = ALIGN (0x4)
                0x0000000080007a60                PROVIDE (_data_lma = .)

.dalign         0x0000000090000000        0x0 load address 0x0000000080007a60
                0x0000000090000000                . = ALIGN (0x4)
                0x0000000090000000                PROVIDE (_data = .)

.data           0x0000000090000000      0x238 load address 0x0000000080007a60
 *(.data .data.*)
 .data.impure_data
                0x0000000090000000       0x60 e:/nucleistudio/nucleistudio_ide_202102-win64/nucleistudio/toolchain/gcc/bin/../lib/gcc/riscv-nuclei-elf/9.2.0/../../../../riscv-nuclei-elf/lib/rv32imac/ilp32\libg_nano.a(lib_a-impure.o)
 .data.__global_locale
                0x0000000090000060      0x16c e:/nucleistudio/nucleistudio_ide_202102-win64/nucleistudio/toolchain/gcc/bin/../lib/gcc/riscv-nuclei-elf/9.2.0/../../../../riscv-nuclei-elf/lib/rv32imac/ilp32\libg_nano.a(lib_a-locale.o)
                0x0000000090000060                __global_locale
 *(.gnu.linkonce.d.*)
                0x00000000900001d0                . = ALIGN (0x8)
 *fill*         0x00000000900001cc        0x4 
                0x00000000900009d0                PROVIDE (__global_pointer$ = (. + 0x800))
 *(.sdata .sdata.* .sdata*)
 .sdata.curbrk.2850
                0x00000000900001d0        0x4 ./hbird_sdk/SoC/hbirdv2/Common/Source/Stubs/sbrk.o
 .sdata.SystemCoreClock
                0x00000000900001d4        0x4 ./hbird_sdk/SoC/hbirdv2/Common/Source/system_hbirdv2.o
                0x00000000900001d4                SystemCoreClock
 .sdata.seed3_volatile
                0x00000000900001d8        0x4 ./application/core_portme.o
                0x00000000900001d8                seed3_volatile
 .sdata.seed4_volatile
                0x00000000900001dc        0x4 ./application/core_portme.o
                0x00000000900001dc                seed4_volatile
 .sdata._impure_ptr
                0x00000000900001e0        0x4 e:/nucleistudio/nucleistudio_ide_202102-win64/nucleistudio/toolchain/gcc/bin/../lib/gcc/riscv-nuclei-elf/9.2.0/../../../../riscv-nuclei-elf/lib/rv32imac/ilp32\libg_nano.a(lib_a-impure.o)
                0x00000000900001e0                _impure_ptr
 .sdata2._global_impure_ptr
                0x00000000900001e4        0x4 e:/nucleistudio/nucleistudio_ide_202102-win64/nucleistudio/toolchain/gcc/bin/../lib/gcc/riscv-nuclei-elf/9.2.0/../../../../riscv-nuclei-elf/lib/rv32imac/ilp32\libg_nano.a(lib_a-impure.o)
                0x00000000900001e4                _global_impure_ptr
 *(.gnu.linkonce.s.*)
                0x00000000900001e8                . = ALIGN (0x8)
 *(.srodata.cst16)
 *(.srodata.cst8)
 .srodata.cst8  0x00000000900001e8       0x10 ./application/core_main.o
 .srodata.cst8  0x00000000900001f8        0x8 e:/nucleistudio/nucleistudio_ide_202102-win64/nucleistudio/toolchain/gcc/bin/../lib/gcc/riscv-nuclei-elf/9.2.0/../../../../riscv-nuclei-elf/lib/rv32imac/ilp32\libg_nano.a(lib_a-nano-vfprintf_float.o)
 .srodata.cst8  0x0000000090000200       0x38 e:/nucleistudio/nucleistudio_ide_202102-win64/nucleistudio/toolchain/gcc/bin/../lib/gcc/riscv-nuclei-elf/9.2.0/../../../../riscv-nuclei-elf/lib/rv32imac/ilp32\libg_nano.a(lib_a-dtoa.o)
                                         0x48 (size before relaxing)
 *(.srodata.cst4)
 *(.srodata.cst2)
 *(.srodata .srodata.*)
                0x0000000090000238                . = ALIGN (0x4)
                0x0000000090000238                PROVIDE (_edata = .)
                [!provide]                        PROVIDE (edata = .)
                [!provide]                        PROVIDE (_fbss = .)
                0x0000000090000238                PROVIDE (__bss_start = .)

.bss            0x0000000090000238      0x154
 *(.sbss*)
 .sbss.seed1_volatile
                0x0000000090000238        0x4 ./application/core_portme.o
                0x0000000090000238                seed1_volatile
 .sbss.seed2_volatile
                0x000000009000023c        0x4 ./application/core_portme.o
                0x000000009000023c                seed2_volatile
 .sbss.seed5_volatile
                0x0000000090000240        0x4 ./application/core_portme.o
                0x0000000090000240                seed5_volatile
 *fill*         0x0000000090000244        0x4 
 .sbss.t0       0x0000000090000248        0x8 ./application/core_portme.o
 .sbss.t1       0x0000000090000250        0x8 ./application/core_portme.o
 .sbss._global_atexit
                0x0000000090000258        0x4 e:/nucleistudio/nucleistudio_ide_202102-win64/nucleistudio/toolchain/gcc/bin/../lib/gcc/riscv-nuclei-elf/9.2.0/../../../../riscv-nuclei-elf/lib/rv32imac/ilp32\libg_nano.a(lib_a-__call_atexit.o)
                0x0000000090000258                _global_atexit
 .sbss.__malloc_free_list
                0x000000009000025c        0x4 e:/nucleistudio/nucleistudio_ide_202102-win64/nucleistudio/toolchain/gcc/bin/../lib/gcc/riscv-nuclei-elf/9.2.0/../../../../riscv-nuclei-elf/lib/rv32imac/ilp32\libg_nano.a(lib_a-nano-mallocr.o)
                0x000000009000025c                __malloc_free_list
 .sbss.__malloc_sbrk_start
                0x0000000090000260        0x4 e:/nucleistudio/nucleistudio_ide_202102-win64/nucleistudio/toolchain/gcc/bin/../lib/gcc/riscv-nuclei-elf/9.2.0/../../../../riscv-nuclei-elf/lib/rv32imac/ilp32\libg_nano.a(lib_a-nano-mallocr.o)
                0x0000000090000260                __malloc_sbrk_start
 *(.gnu.linkonce.sb.*)
 *(.bss .bss.*)
 .bss.SystemCoreInterruptHandlers
                0x0000000090000264       0x28 ./hbird_sdk/SoC/hbirdv2/Common/Source/system_hbirdv2.o
 .bss.SystemExceptionHandlers
                0x000000009000028c       0x2c ./hbird_sdk/SoC/hbirdv2/Common/Source/system_hbirdv2.o
 .bss.SystemExtInterruptHandlers
                0x00000000900002b8       0x44 ./hbird_sdk/SoC/hbirdv2/Common/Source/system_hbirdv2.o
 .bss._global_atexit0
                0x00000000900002fc       0x8c e:/nucleistudio/nucleistudio_ide_202102-win64/nucleistudio/toolchain/gcc/bin/../lib/gcc/riscv-nuclei-elf/9.2.0/../../../../riscv-nuclei-elf/lib/rv32imac/ilp32\libg_nano.a(lib_a-__atexit.o)
 *(.gnu.linkonce.b.*)
 *(COMMON)
 COMMON         0x0000000090000388        0x4 e:/nucleistudio/nucleistudio_ide_202102-win64/nucleistudio/toolchain/gcc/bin/../lib/gcc/riscv-nuclei-elf/9.2.0/../../../../riscv-nuclei-elf/lib/rv32imac/ilp32\libg_nano.a(lib_a-reent.o)
                0x0000000090000388                errno
                0x000000009000038c                . = ALIGN (0x4)
                0x0000000090000390                . = ALIGN (0x8)
                0x0000000090000390                PROVIDE (_end = .)
                [!provide]                        PROVIDE (end = .)

.stack          0x000000009000f800      0x800 load address 0x000000009000038c
                0x000000009000f800                PROVIDE (_heap_end = .)
                0x0000000000000800                . = __stack_size
 *fill*         0x000000009000f800      0x800 
                0x0000000090010000                PROVIDE (_sp = .)
OUTPUT(coremark.elf elf32-littleriscv)

.debug_info     0x0000000000000000    0x12f5f
 .debug_info    0x0000000000000000      0x999 ./hbird_sdk/SoC/hbirdv2/Common/Source/Stubs/close.o
 .debug_info    0x0000000000000999      0xc1e ./hbird_sdk/SoC/hbirdv2/Common/Source/Stubs/fstat.o
 .debug_info    0x00000000000015b7      0x118 ./hbird_sdk/SoC/hbirdv2/Common/Source/Stubs/isatty.o
 .debug_info    0x00000000000016cf      0x9b6 ./hbird_sdk/SoC/hbirdv2/Common/Source/Stubs/lseek.o
 .debug_info    0x0000000000002085      0xb55 ./hbird_sdk/SoC/hbirdv2/Common/Source/Stubs/read.o
 .debug_info    0x0000000000002bda      0x15c ./hbird_sdk/SoC/hbirdv2/Common/Source/Stubs/sbrk.o
 .debug_info    0x0000000000002d36      0xbc9 ./hbird_sdk/SoC/hbirdv2/Common/Source/Stubs/write.o
 .debug_info    0x00000000000038ff       0x26 ./hbird_sdk/SoC/hbirdv2/Common/Source/GCC/intexc_hbirdv2.o
 .debug_info    0x0000000000003925       0x26 ./hbird_sdk/SoC/hbirdv2/Common/Source/GCC/startup_hbirdv2.o
 .debug_info    0x000000000000394b      0x392 ./hbird_sdk/SoC/hbirdv2/Common/Source/Drivers/hbirdv2_gpio.o
 .debug_info    0x0000000000003cdd      0x539 ./hbird_sdk/SoC/hbirdv2/Common/Source/Drivers/hbirdv2_uart.o
 .debug_info    0x0000000000004216      0x317 ./hbird_sdk/SoC/hbirdv2/Common/Source/hbirdv2_common.o
 .debug_info    0x000000000000452d     0x17f6 ./hbird_sdk/SoC/hbirdv2/Common/Source/system_hbirdv2.o
 .debug_info    0x0000000000005d23     0x157b ./application/core_list_join.o
 .debug_info    0x000000000000729e     0x144c ./application/core_main.o
 .debug_info    0x00000000000086ea     0x1371 ./application/core_matrix.o
 .debug_info    0x0000000000009a5b      0xc6f ./application/core_portme.o
 .debug_info    0x000000000000a6ca      0xda4 ./application/core_state.o
 .debug_info    0x000000000000b46e      0xc96 ./application/core_util.o
 .debug_info    0x000000000000c104      0x730 e:/nucleistudio/nucleistudio_ide_202102-win64/nucleistudio/toolchain/gcc/bin/../lib/gcc/riscv-nuclei-elf/9.2.0/rv32imac/ilp32\libgcc.a(divdf3.o)
 .debug_info    0x000000000000c834      0x286 e:/nucleistudio/nucleistudio_ide_202102-win64/nucleistudio/toolchain/gcc/bin/../lib/gcc/riscv-nuclei-elf/9.2.0/rv32imac/ilp32\libgcc.a(gedf2.o)
 .debug_info    0x000000000000caba      0x286 e:/nucleistudio/nucleistudio_ide_202102-win64/nucleistudio/toolchain/gcc/bin/../lib/gcc/riscv-nuclei-elf/9.2.0/rv32imac/ilp32\libgcc.a(ledf2.o)
 .debug_info    0x000000000000cd40      0x208 e:/nucleistudio/nucleistudio_ide_202102-win64/nucleistudio/toolchain/gcc/bin/../lib/gcc/riscv-nuclei-elf/9.2.0/rv32imac/ilp32\libgcc.a(fixunsdfsi.o)
 .debug_info    0x000000000000cf48      0x2af e:/nucleistudio/nucleistudio_ide_202102-win64/nucleistudio/toolchain/gcc/bin/../lib/gcc/riscv-nuclei-elf/9.2.0/rv32imac/ilp32\libgcc.a(floatunsidf.o)
 .debug_info    0x000000000000d1f7      0x2e8 e:/nucleistudio/nucleistudio_ide_202102-win64/nucleistudio/toolchain/gcc/bin/../lib/gcc/riscv-nuclei-elf/9.2.0/rv32imac/ilp32\libgcc.a(floatundidf.o)
 .debug_info    0x000000000000d4df      0x3bb e:/nucleistudio/nucleistudio_ide_202102-win64/nucleistudio/toolchain/gcc/bin/../lib/gcc/riscv-nuclei-elf/9.2.0/rv32imac/ilp32\libgcc.a(divsf3.o)
 .debug_info    0x000000000000d89a      0x24c e:/nucleistudio/nucleistudio_ide_202102-win64/nucleistudio/toolchain/gcc/bin/../lib/gcc/riscv-nuclei-elf/9.2.0/rv32imac/ilp32\libgcc.a(floatundisf.o)
 .debug_info    0x000000000000dae6      0x2ac e:/nucleistudio/nucleistudio_ide_202102-win64/nucleistudio/toolchain/gcc/bin/../lib/gcc/riscv-nuclei-elf/9.2.0/rv32imac/ilp32\libgcc.a(extendsfdf2.o)
 .debug_info    0x000000000000dd92      0xc72 e:/nucleistudio/nucleistudio_ide_202102-win64/nucleistudio/toolchain/gcc/bin/../lib/gcc/riscv-nuclei-elf/9.2.0/rv32imac/ilp32\libgcc.a(_lshrdi3.o)
 .debug_info    0x000000000000ea04      0xc72 e:/nucleistudio/nucleistudio_ide_202102-win64/nucleistudio/toolchain/gcc/bin/../lib/gcc/riscv-nuclei-elf/9.2.0/rv32imac/ilp32\libgcc.a(_ashldi3.o)
 .debug_info    0x000000000000f676      0xb6a e:/nucleistudio/nucleistudio_ide_202102-win64/nucleistudio/toolchain/gcc/bin/../lib/gcc/riscv-nuclei-elf/9.2.0/rv32imac/ilp32\libgcc.a(_clz.o)
 .debug_info    0x00000000000101e0      0xbd7 e:/nucleistudio/nucleistudio_ide_202102-win64/nucleistudio/toolchain/gcc/bin/../lib/gcc/riscv-nuclei-elf/9.2.0/rv32imac/ilp32\libgcc.a(_clzsi2.o)
 .debug_info    0x0000000000010db7      0x599 e:/nucleistudio/nucleistudio_ide_202102-win64/nucleistudio/toolchain/gcc/bin/../lib/gcc/riscv-nuclei-elf/9.2.0/rv32imac/ilp32\libgcc.a(adddf3.o)
 .debug_info    0x0000000000011350      0x288 e:/nucleistudio/nucleistudio_ide_202102-win64/nucleistudio/toolchain/gcc/bin/../lib/gcc/riscv-nuclei-elf/9.2.0/rv32imac/ilp32\libgcc.a(eqdf2.o)
 .debug_info    0x00000000000115d8      0x75c e:/nucleistudio/nucleistudio_ide_202102-win64/nucleistudio/toolchain/gcc/bin/../lib/gcc/riscv-nuclei-elf/9.2.0/rv32imac/ilp32\libgcc.a(muldf3.o)
 .debug_info    0x0000000000011d34      0x599 e:/nucleistudio/nucleistudio_ide_202102-win64/nucleistudio/toolchain/gcc/bin/../lib/gcc/riscv-nuclei-elf/9.2.0/rv32imac/ilp32\libgcc.a(subdf3.o)
 .debug_info    0x00000000000122cd      0x289 e:/nucleistudio/nucleistudio_ide_202102-win64/nucleistudio/toolchain/gcc/bin/../lib/gcc/riscv-nuclei-elf/9.2.0/rv32imac/ilp32\libgcc.a(unorddf2.o)
 .debug_info    0x0000000000012556      0x21a e:/nucleistudio/nucleistudio_ide_202102-win64/nucleistudio/toolchain/gcc/bin/../lib/gcc/riscv-nuclei-elf/9.2.0/rv32imac/ilp32\libgcc.a(fixdfsi.o)
 .debug_info    0x0000000000012770      0x2bc e:/nucleistudio/nucleistudio_ide_202102-win64/nucleistudio/toolchain/gcc/bin/../lib/gcc/riscv-nuclei-elf/9.2.0/rv32imac/ilp32\libgcc.a(floatsidf.o)
 .debug_info    0x0000000000012a2c      0x533 e:/nucleistudio/nucleistudio_ide_202102-win64/nucleistudio/toolchain/gcc/bin/../lib/gcc/riscv-nuclei-elf/9.2.0/rv32imac/ilp32\libgcc.a(trunctfdf2.o)

.debug_abbrev   0x0000000000000000     0x4d9b
 .debug_abbrev  0x0000000000000000      0x1e7 ./hbird_sdk/SoC/hbirdv2/Common/Source/Stubs/close.o
 .debug_abbrev  0x00000000000001e7      0x1fa ./hbird_sdk/SoC/hbirdv2/Common/Source/Stubs/fstat.o
 .debug_abbrev  0x00000000000003e1       0x82 ./hbird_sdk/SoC/hbirdv2/Common/Source/Stubs/isatty.o
 .debug_abbrev  0x0000000000000463      0x1f8 ./hbird_sdk/SoC/hbirdv2/Common/Source/Stubs/lseek.o
 .debug_abbrev  0x000000000000065b      0x254 ./hbird_sdk/SoC/hbirdv2/Common/Source/Stubs/read.o
 .debug_abbrev  0x00000000000008af       0xa8 ./hbird_sdk/SoC/hbirdv2/Common/Source/Stubs/sbrk.o
 .debug_abbrev  0x0000000000000957      0x280 ./hbird_sdk/SoC/hbirdv2/Common/Source/Stubs/write.o
 .debug_abbrev  0x0000000000000bd7       0x14 ./hbird_sdk/SoC/hbirdv2/Common/Source/GCC/intexc_hbirdv2.o
 .debug_abbrev  0x0000000000000beb       0x14 ./hbird_sdk/SoC/hbirdv2/Common/Source/GCC/startup_hbirdv2.o
 .debug_abbrev  0x0000000000000bff      0x105 ./hbird_sdk/SoC/hbirdv2/Common/Source/Drivers/hbirdv2_gpio.o
 .debug_abbrev  0x0000000000000d04      0x15f ./hbird_sdk/SoC/hbirdv2/Common/Source/Drivers/hbirdv2_uart.o
 .debug_abbrev  0x0000000000000e63      0x1f9 ./hbird_sdk/SoC/hbirdv2/Common/Source/hbirdv2_common.o
 .debug_abbrev  0x000000000000105c      0x5a0 ./hbird_sdk/SoC/hbirdv2/Common/Source/system_hbirdv2.o
 .debug_abbrev  0x00000000000015fc      0x422 ./application/core_list_join.o
 .debug_abbrev  0x0000000000001a1e      0x2ef ./application/core_main.o
 .debug_abbrev  0x0000000000001d0d      0x375 ./application/core_matrix.o
 .debug_abbrev  0x0000000000002082      0x309 ./application/core_portme.o
 .debug_abbrev  0x000000000000238b      0x368 ./application/core_state.o
 .debug_abbrev  0x00000000000026f3      0x328 ./application/core_util.o
 .debug_abbrev  0x0000000000002a1b      0x187 e:/nucleistudio/nucleistudio_ide_202102-win64/nucleistudio/toolchain/gcc/bin/../lib/gcc/riscv-nuclei-elf/9.2.0/rv32imac/ilp32\libgcc.a(divdf3.o)
 .debug_abbrev  0x0000000000002ba2      0x199 e:/nucleistudio/nucleistudio_ide_202102-win64/nucleistudio/toolchain/gcc/bin/../lib/gcc/riscv-nuclei-elf/9.2.0/rv32imac/ilp32\libgcc.a(gedf2.o)
 .debug_abbrev  0x0000000000002d3b      0x199 e:/nucleistudio/nucleistudio_ide_202102-win64/nucleistudio/toolchain/gcc/bin/../lib/gcc/riscv-nuclei-elf/9.2.0/rv32imac/ilp32\libgcc.a(ledf2.o)
 .debug_abbrev  0x0000000000002ed4      0x18a e:/nucleistudio/nucleistudio_ide_202102-win64/nucleistudio/toolchain/gcc/bin/../lib/gcc/riscv-nuclei-elf/9.2.0/rv32imac/ilp32\libgcc.a(fixunsdfsi.o)
 .debug_abbrev  0x000000000000305e      0x178 e:/nucleistudio/nucleistudio_ide_202102-win64/nucleistudio/toolchain/gcc/bin/../lib/gcc/riscv-nuclei-elf/9.2.0/rv32imac/ilp32\libgcc.a(floatunsidf.o)
 .debug_abbrev  0x00000000000031d6      0x19f e:/nucleistudio/nucleistudio_ide_202102-win64/nucleistudio/toolchain/gcc/bin/../lib/gcc/riscv-nuclei-elf/9.2.0/rv32imac/ilp32\libgcc.a(floatundidf.o)
 .debug_abbrev  0x0000000000003375      0x16f e:/nucleistudio/nucleistudio_ide_202102-win64/nucleistudio/toolchain/gcc/bin/../lib/gcc/riscv-nuclei-elf/9.2.0/rv32imac/ilp32\libgcc.a(divsf3.o)
 .debug_abbrev  0x00000000000034e4      0x18d e:/nucleistudio/nucleistudio_ide_202102-win64/nucleistudio/toolchain/gcc/bin/../lib/gcc/riscv-nuclei-elf/9.2.0/rv32imac/ilp32\libgcc.a(floatundisf.o)
 .debug_abbrev  0x0000000000003671      0x17b e:/nucleistudio/nucleistudio_ide_202102-win64/nucleistudio/toolchain/gcc/bin/../lib/gcc/riscv-nuclei-elf/9.2.0/rv32imac/ilp32\libgcc.a(extendsfdf2.o)
 .debug_abbrev  0x00000000000037ec      0x275 e:/nucleistudio/nucleistudio_ide_202102-win64/nucleistudio/toolchain/gcc/bin/../lib/gcc/riscv-nuclei-elf/9.2.0/rv32imac/ilp32\libgcc.a(_lshrdi3.o)
 .debug_abbrev  0x0000000000003a61      0x275 e:/nucleistudio/nucleistudio_ide_202102-win64/nucleistudio/toolchain/gcc/bin/../lib/gcc/riscv-nuclei-elf/9.2.0/rv32imac/ilp32\libgcc.a(_ashldi3.o)
 .debug_abbrev  0x0000000000003cd6      0x1e8 e:/nucleistudio/nucleistudio_ide_202102-win64/nucleistudio/toolchain/gcc/bin/../lib/gcc/riscv-nuclei-elf/9.2.0/rv32imac/ilp32\libgcc.a(_clz.o)
 .debug_abbrev  0x0000000000003ebe      0x242 e:/nucleistudio/nucleistudio_ide_202102-win64/nucleistudio/toolchain/gcc/bin/../lib/gcc/riscv-nuclei-elf/9.2.0/rv32imac/ilp32\libgcc.a(_clzsi2.o)
 .debug_abbrev  0x0000000000004100      0x196 e:/nucleistudio/nucleistudio_ide_202102-win64/nucleistudio/toolchain/gcc/bin/../lib/gcc/riscv-nuclei-elf/9.2.0/rv32imac/ilp32\libgcc.a(adddf3.o)
 .debug_abbrev  0x0000000000004296      0x186 e:/nucleistudio/nucleistudio_ide_202102-win64/nucleistudio/toolchain/gcc/bin/../lib/gcc/riscv-nuclei-elf/9.2.0/rv32imac/ilp32\libgcc.a(eqdf2.o)
 .debug_abbrev  0x000000000000441c      0x18e e:/nucleistudio/nucleistudio_ide_202102-win64/nucleistudio/toolchain/gcc/bin/../lib/gcc/riscv-nuclei-elf/9.2.0/rv32imac/ilp32\libgcc.a(muldf3.o)
 .debug_abbrev  0x00000000000045aa      0x196 e:/nucleistudio/nucleistudio_ide_202102-win64/nucleistudio/toolchain/gcc/bin/../lib/gcc/riscv-nuclei-elf/9.2.0/rv32imac/ilp32\libgcc.a(subdf3.o)
 .debug_abbrev  0x0000000000004740      0x1a2 e:/nucleistudio/nucleistudio_ide_202102-win64/nucleistudio/toolchain/gcc/bin/../lib/gcc/riscv-nuclei-elf/9.2.0/rv32imac/ilp32\libgcc.a(unorddf2.o)
 .debug_abbrev  0x00000000000048e2      0x18a e:/nucleistudio/nucleistudio_ide_202102-win64/nucleistudio/toolchain/gcc/bin/../lib/gcc/riscv-nuclei-elf/9.2.0/rv32imac/ilp32\libgcc.a(fixdfsi.o)
 .debug_abbrev  0x0000000000004a6c      0x178 e:/nucleistudio/nucleistudio_ide_202102-win64/nucleistudio/toolchain/gcc/bin/../lib/gcc/riscv-nuclei-elf/9.2.0/rv32imac/ilp32\libgcc.a(floatsidf.o)
 .debug_abbrev  0x0000000000004be4      0x1b7 e:/nucleistudio/nucleistudio_ide_202102-win64/nucleistudio/toolchain/gcc/bin/../lib/gcc/riscv-nuclei-elf/9.2.0/rv32imac/ilp32\libgcc.a(trunctfdf2.o)

.debug_loc      0x0000000000000000     0xa605
 .debug_loc     0x0000000000000000       0x21 ./hbird_sdk/SoC/hbirdv2/Common/Source/Stubs/close.o
 .debug_loc     0x0000000000000021       0x2e ./hbird_sdk/SoC/hbirdv2/Common/Source/Stubs/fstat.o
 .debug_loc     0x000000000000004f       0x21 ./hbird_sdk/SoC/hbirdv2/Common/Source/Stubs/isatty.o
 .debug_loc     0x0000000000000070       0x21 ./hbird_sdk/SoC/hbirdv2/Common/Source/Stubs/lseek.o
 .debug_loc     0x0000000000000091       0xa8 ./hbird_sdk/SoC/hbirdv2/Common/Source/Stubs/read.o
 .debug_loc     0x0000000000000139       0x21 ./hbird_sdk/SoC/hbirdv2/Common/Source/Stubs/sbrk.o
 .debug_loc     0x000000000000015a       0xe9 ./hbird_sdk/SoC/hbirdv2/Common/Source/Stubs/write.o
 .debug_loc     0x0000000000000243      0x42c ./hbird_sdk/SoC/hbirdv2/Common/Source/Drivers/hbirdv2_gpio.o
 .debug_loc     0x000000000000066f      0x45c ./hbird_sdk/SoC/hbirdv2/Common/Source/Drivers/hbirdv2_uart.o
 .debug_loc     0x0000000000000acb       0x80 ./hbird_sdk/SoC/hbirdv2/Common/Source/hbirdv2_common.o
 .debug_loc     0x0000000000000b4b      0x653 ./hbird_sdk/SoC/hbirdv2/Common/Source/system_hbirdv2.o
 .debug_loc     0x000000000000119e     0x107c ./application/core_list_join.o
 .debug_loc     0x000000000000221a      0x55f ./application/core_main.o
 .debug_loc     0x0000000000002779     0x111c ./application/core_matrix.o
 .debug_loc     0x0000000000003895      0x123 ./application/core_portme.o
 .debug_loc     0x00000000000039b8      0x870 ./application/core_state.o
 .debug_loc     0x0000000000004228      0x395 ./application/core_util.o
 .debug_loc     0x00000000000045bd     0x10e0 e:/nucleistudio/nucleistudio_ide_202102-win64/nucleistudio/toolchain/gcc/bin/../lib/gcc/riscv-nuclei-elf/9.2.0/rv32imac/ilp32\libgcc.a(divdf3.o)
 .debug_loc     0x000000000000569d      0x135 e:/nucleistudio/nucleistudio_ide_202102-win64/nucleistudio/toolchain/gcc/bin/../lib/gcc/riscv-nuclei-elf/9.2.0/rv32imac/ilp32\libgcc.a(gedf2.o)
 .debug_loc     0x00000000000057d2      0x135 e:/nucleistudio/nucleistudio_ide_202102-win64/nucleistudio/toolchain/gcc/bin/../lib/gcc/riscv-nuclei-elf/9.2.0/rv32imac/ilp32\libgcc.a(ledf2.o)
 .debug_loc     0x0000000000005907       0xe7 e:/nucleistudio/nucleistudio_ide_202102-win64/nucleistudio/toolchain/gcc/bin/../lib/gcc/riscv-nuclei-elf/9.2.0/rv32imac/ilp32\libgcc.a(fixunsdfsi.o)
 .debug_loc     0x00000000000059ee      0x14f e:/nucleistudio/nucleistudio_ide_202102-win64/nucleistudio/toolchain/gcc/bin/../lib/gcc/riscv-nuclei-elf/9.2.0/rv32imac/ilp32\libgcc.a(floatunsidf.o)
 .debug_loc     0x0000000000005b3d      0x322 e:/nucleistudio/nucleistudio_ide_202102-win64/nucleistudio/toolchain/gcc/bin/../lib/gcc/riscv-nuclei-elf/9.2.0/rv32imac/ilp32\libgcc.a(floatundidf.o)
 .debug_loc     0x0000000000005e5f      0x758 e:/nucleistudio/nucleistudio_ide_202102-win64/nucleistudio/toolchain/gcc/bin/../lib/gcc/riscv-nuclei-elf/9.2.0/rv32imac/ilp32\libgcc.a(divsf3.o)
 .debug_loc     0x00000000000065b7      0x1c8 e:/nucleistudio/nucleistudio_ide_202102-win64/nucleistudio/toolchain/gcc/bin/../lib/gcc/riscv-nuclei-elf/9.2.0/rv32imac/ilp32\libgcc.a(floatundisf.o)
 .debug_loc     0x000000000000677f      0x1c4 e:/nucleistudio/nucleistudio_ide_202102-win64/nucleistudio/toolchain/gcc/bin/../lib/gcc/riscv-nuclei-elf/9.2.0/rv32imac/ilp32\libgcc.a(extendsfdf2.o)
 .debug_loc     0x0000000000006943       0x7e e:/nucleistudio/nucleistudio_ide_202102-win64/nucleistudio/toolchain/gcc/bin/../lib/gcc/riscv-nuclei-elf/9.2.0/rv32imac/ilp32\libgcc.a(_lshrdi3.o)
 .debug_loc     0x00000000000069c1       0x7e e:/nucleistudio/nucleistudio_ide_202102-win64/nucleistudio/toolchain/gcc/bin/../lib/gcc/riscv-nuclei-elf/9.2.0/rv32imac/ilp32\libgcc.a(_ashldi3.o)
 .debug_loc     0x0000000000006a3f       0x6b e:/nucleistudio/nucleistudio_ide_202102-win64/nucleistudio/toolchain/gcc/bin/../lib/gcc/riscv-nuclei-elf/9.2.0/rv32imac/ilp32\libgcc.a(_clzsi2.o)
 .debug_loc     0x0000000000006aaa     0x119d e:/nucleistudio/nucleistudio_ide_202102-win64/nucleistudio/toolchain/gcc/bin/../lib/gcc/riscv-nuclei-elf/9.2.0/rv32imac/ilp32\libgcc.a(adddf3.o)
 .debug_loc     0x0000000000007c47       0xa4 e:/nucleistudio/nucleistudio_ide_202102-win64/nucleistudio/toolchain/gcc/bin/../lib/gcc/riscv-nuclei-elf/9.2.0/rv32imac/ilp32\libgcc.a(eqdf2.o)
 .debug_loc     0x0000000000007ceb      0xd9a e:/nucleistudio/nucleistudio_ide_202102-win64/nucleistudio/toolchain/gcc/bin/../lib/gcc/riscv-nuclei-elf/9.2.0/rv32imac/ilp32\libgcc.a(muldf3.o)
 .debug_loc     0x0000000000008a85     0x1208 e:/nucleistudio/nucleistudio_ide_202102-win64/nucleistudio/toolchain/gcc/bin/../lib/gcc/riscv-nuclei-elf/9.2.0/rv32imac/ilp32\libgcc.a(subdf3.o)
 .debug_loc     0x0000000000009c8d       0x8c e:/nucleistudio/nucleistudio_ide_202102-win64/nucleistudio/toolchain/gcc/bin/../lib/gcc/riscv-nuclei-elf/9.2.0/rv32imac/ilp32\libgcc.a(unorddf2.o)
 .debug_loc     0x0000000000009d19      0x181 e:/nucleistudio/nucleistudio_ide_202102-win64/nucleistudio/toolchain/gcc/bin/../lib/gcc/riscv-nuclei-elf/9.2.0/rv32imac/ilp32\libgcc.a(fixdfsi.o)
 .debug_loc     0x0000000000009e9a      0x14c e:/nucleistudio/nucleistudio_ide_202102-win64/nucleistudio/toolchain/gcc/bin/../lib/gcc/riscv-nuclei-elf/9.2.0/rv32imac/ilp32\libgcc.a(floatsidf.o)
 .debug_loc     0x0000000000009fe6      0x61f e:/nucleistudio/nucleistudio_ide_202102-win64/nucleistudio/toolchain/gcc/bin/../lib/gcc/riscv-nuclei-elf/9.2.0/rv32imac/ilp32\libgcc.a(trunctfdf2.o)

.debug_aranges  0x0000000000000000      0x728
 .debug_aranges
                0x0000000000000000       0x20 ./hbird_sdk/SoC/hbirdv2/Common/Source/Stubs/close.o
 .debug_aranges
                0x0000000000000020       0x20 ./hbird_sdk/SoC/hbirdv2/Common/Source/Stubs/fstat.o
 .debug_aranges
                0x0000000000000040       0x20 ./hbird_sdk/SoC/hbirdv2/Common/Source/Stubs/isatty.o
 .debug_aranges
                0x0000000000000060       0x20 ./hbird_sdk/SoC/hbirdv2/Common/Source/Stubs/lseek.o
 .debug_aranges
                0x0000000000000080       0x20 ./hbird_sdk/SoC/hbirdv2/Common/Source/Stubs/read.o
 .debug_aranges
                0x00000000000000a0       0x20 ./hbird_sdk/SoC/hbirdv2/Common/Source/Stubs/sbrk.o
 .debug_aranges
                0x00000000000000c0       0x20 ./hbird_sdk/SoC/hbirdv2/Common/Source/Stubs/write.o
 .debug_aranges
                0x00000000000000e0       0x20 ./hbird_sdk/SoC/hbirdv2/Common/Source/GCC/intexc_hbirdv2.o
 .debug_aranges
                0x0000000000000100       0x20 ./hbird_sdk/SoC/hbirdv2/Common/Source/GCC/startup_hbirdv2.o
 .debug_aranges
                0x0000000000000120       0x60 ./hbird_sdk/SoC/hbirdv2/Common/Source/Drivers/hbirdv2_gpio.o
 .debug_aranges
                0x0000000000000180       0x98 ./hbird_sdk/SoC/hbirdv2/Common/Source/Drivers/hbirdv2_uart.o
 .debug_aranges
                0x0000000000000218       0x30 ./hbird_sdk/SoC/hbirdv2/Common/Source/hbirdv2_common.o
 .debug_aranges
                0x0000000000000248       0x98 ./hbird_sdk/SoC/hbirdv2/Common/Source/system_hbirdv2.o
 .debug_aranges
                0x00000000000002e0       0x78 ./application/core_list_join.o
 .debug_aranges
                0x0000000000000358       0x28 ./application/core_main.o
 .debug_aranges
                0x0000000000000380       0x60 ./application/core_matrix.o
 .debug_aranges
                0x00000000000003e0       0x38 ./application/core_portme.o
 .debug_aranges
                0x0000000000000418       0x30 ./application/core_state.o
 .debug_aranges
                0x0000000000000448       0x48 ./application/core_util.o
 .debug_aranges
                0x0000000000000490       0x20 e:/nucleistudio/nucleistudio_ide_202102-win64/nucleistudio/toolchain/gcc/bin/../lib/gcc/riscv-nuclei-elf/9.2.0/rv32imac/ilp32\libgcc.a(divdf3.o)
 .debug_aranges
                0x00000000000004b0       0x20 e:/nucleistudio/nucleistudio_ide_202102-win64/nucleistudio/toolchain/gcc/bin/../lib/gcc/riscv-nuclei-elf/9.2.0/rv32imac/ilp32\libgcc.a(gedf2.o)
 .debug_aranges
                0x00000000000004d0       0x20 e:/nucleistudio/nucleistudio_ide_202102-win64/nucleistudio/toolchain/gcc/bin/../lib/gcc/riscv-nuclei-elf/9.2.0/rv32imac/ilp32\libgcc.a(ledf2.o)
 .debug_aranges
                0x00000000000004f0       0x20 e:/nucleistudio/nucleistudio_ide_202102-win64/nucleistudio/toolchain/gcc/bin/../lib/gcc/riscv-nuclei-elf/9.2.0/rv32imac/ilp32\libgcc.a(fixunsdfsi.o)
 .debug_aranges
                0x0000000000000510       0x20 e:/nucleistudio/nucleistudio_ide_202102-win64/nucleistudio/toolchain/gcc/bin/../lib/gcc/riscv-nuclei-elf/9.2.0/rv32imac/ilp32\libgcc.a(floatunsidf.o)
 .debug_aranges
                0x0000000000000530       0x20 e:/nucleistudio/nucleistudio_ide_202102-win64/nucleistudio/toolchain/gcc/bin/../lib/gcc/riscv-nuclei-elf/9.2.0/rv32imac/ilp32\libgcc.a(floatundidf.o)
 .debug_aranges
                0x0000000000000550       0x20 e:/nucleistudio/nucleistudio_ide_202102-win64/nucleistudio/toolchain/gcc/bin/../lib/gcc/riscv-nuclei-elf/9.2.0/rv32imac/ilp32\libgcc.a(divsf3.o)
 .debug_aranges
                0x0000000000000570       0x20 e:/nucleistudio/nucleistudio_ide_202102-win64/nucleistudio/toolchain/gcc/bin/../lib/gcc/riscv-nuclei-elf/9.2.0/rv32imac/ilp32\libgcc.a(floatundisf.o)
 .debug_aranges
                0x0000000000000590       0x20 e:/nucleistudio/nucleistudio_ide_202102-win64/nucleistudio/toolchain/gcc/bin/../lib/gcc/riscv-nuclei-elf/9.2.0/rv32imac/ilp32\libgcc.a(extendsfdf2.o)
 .debug_aranges
                0x00000000000005b0       0x20 e:/nucleistudio/nucleistudio_ide_202102-win64/nucleistudio/toolchain/gcc/bin/../lib/gcc/riscv-nuclei-elf/9.2.0/rv32imac/ilp32\libgcc.a(_lshrdi3.o)
 .debug_aranges
                0x00000000000005d0       0x20 e:/nucleistudio/nucleistudio_ide_202102-win64/nucleistudio/toolchain/gcc/bin/../lib/gcc/riscv-nuclei-elf/9.2.0/rv32imac/ilp32\libgcc.a(_ashldi3.o)
 .debug_aranges
                0x00000000000005f0       0x18 e:/nucleistudio/nucleistudio_ide_202102-win64/nucleistudio/toolchain/gcc/bin/../lib/gcc/riscv-nuclei-elf/9.2.0/rv32imac/ilp32\libgcc.a(_clz.o)
 .debug_aranges
                0x0000000000000608       0x20 e:/nucleistudio/nucleistudio_ide_202102-win64/nucleistudio/toolchain/gcc/bin/../lib/gcc/riscv-nuclei-elf/9.2.0/rv32imac/ilp32\libgcc.a(_clzsi2.o)
 .debug_aranges
                0x0000000000000628       0x20 e:/nucleistudio/nucleistudio_ide_202102-win64/nucleistudio/toolchain/gcc/bin/../lib/gcc/riscv-nuclei-elf/9.2.0/rv32imac/ilp32\libgcc.a(adddf3.o)
 .debug_aranges
                0x0000000000000648       0x20 e:/nucleistudio/nucleistudio_ide_202102-win64/nucleistudio/toolchain/gcc/bin/../lib/gcc/riscv-nuclei-elf/9.2.0/rv32imac/ilp32\libgcc.a(eqdf2.o)
 .debug_aranges
                0x0000000000000668       0x20 e:/nucleistudio/nucleistudio_ide_202102-win64/nucleistudio/toolchain/gcc/bin/../lib/gcc/riscv-nuclei-elf/9.2.0/rv32imac/ilp32\libgcc.a(muldf3.o)
 .debug_aranges
                0x0000000000000688       0x20 e:/nucleistudio/nucleistudio_ide_202102-win64/nucleistudio/toolchain/gcc/bin/../lib/gcc/riscv-nuclei-elf/9.2.0/rv32imac/ilp32\libgcc.a(subdf3.o)
 .debug_aranges
                0x00000000000006a8       0x20 e:/nucleistudio/nucleistudio_ide_202102-win64/nucleistudio/toolchain/gcc/bin/../lib/gcc/riscv-nuclei-elf/9.2.0/rv32imac/ilp32\libgcc.a(unorddf2.o)
 .debug_aranges
                0x00000000000006c8       0x20 e:/nucleistudio/nucleistudio_ide_202102-win64/nucleistudio/toolchain/gcc/bin/../lib/gcc/riscv-nuclei-elf/9.2.0/rv32imac/ilp32\libgcc.a(fixdfsi.o)
 .debug_aranges
                0x00000000000006e8       0x20 e:/nucleistudio/nucleistudio_ide_202102-win64/nucleistudio/toolchain/gcc/bin/../lib/gcc/riscv-nuclei-elf/9.2.0/rv32imac/ilp32\libgcc.a(floatsidf.o)
 .debug_aranges
                0x0000000000000708       0x20 e:/nucleistudio/nucleistudio_ide_202102-win64/nucleistudio/toolchain/gcc/bin/../lib/gcc/riscv-nuclei-elf/9.2.0/rv32imac/ilp32\libgcc.a(trunctfdf2.o)

.debug_ranges   0x0000000000000000     0x1580
 .debug_ranges  0x0000000000000000       0x10 ./hbird_sdk/SoC/hbirdv2/Common/Source/Stubs/close.o
 .debug_ranges  0x0000000000000010       0x10 ./hbird_sdk/SoC/hbirdv2/Common/Source/Stubs/fstat.o
 .debug_ranges  0x0000000000000020       0x10 ./hbird_sdk/SoC/hbirdv2/Common/Source/Stubs/isatty.o
 .debug_ranges  0x0000000000000030       0x10 ./hbird_sdk/SoC/hbirdv2/Common/Source/Stubs/lseek.o
 .debug_ranges  0x0000000000000040       0x10 ./hbird_sdk/SoC/hbirdv2/Common/Source/Stubs/read.o
 .debug_ranges  0x0000000000000050       0x10 ./hbird_sdk/SoC/hbirdv2/Common/Source/Stubs/sbrk.o
 .debug_ranges  0x0000000000000060       0x10 ./hbird_sdk/SoC/hbirdv2/Common/Source/Stubs/write.o
 .debug_ranges  0x0000000000000070       0x50 ./hbird_sdk/SoC/hbirdv2/Common/Source/Drivers/hbirdv2_gpio.o
 .debug_ranges  0x00000000000000c0       0x88 ./hbird_sdk/SoC/hbirdv2/Common/Source/Drivers/hbirdv2_uart.o
 .debug_ranges  0x0000000000000148       0x80 ./hbird_sdk/SoC/hbirdv2/Common/Source/hbirdv2_common.o
 .debug_ranges  0x00000000000001c8      0x128 ./hbird_sdk/SoC/hbirdv2/Common/Source/system_hbirdv2.o
 .debug_ranges  0x00000000000002f0      0x190 ./application/core_list_join.o
 .debug_ranges  0x0000000000000480       0x58 ./application/core_main.o
 .debug_ranges  0x00000000000004d8      0x148 ./application/core_matrix.o
 .debug_ranges  0x0000000000000620       0x98 ./application/core_portme.o
 .debug_ranges  0x00000000000006b8      0x130 ./application/core_state.o
 .debug_ranges  0x00000000000007e8       0xa8 ./application/core_util.o
 .debug_ranges  0x0000000000000890      0x198 e:/nucleistudio/nucleistudio_ide_202102-win64/nucleistudio/toolchain/gcc/bin/../lib/gcc/riscv-nuclei-elf/9.2.0/rv32imac/ilp32\libgcc.a(divdf3.o)
 .debug_ranges  0x0000000000000a28       0x50 e:/nucleistudio/nucleistudio_ide_202102-win64/nucleistudio/toolchain/gcc/bin/../lib/gcc/riscv-nuclei-elf/9.2.0/rv32imac/ilp32\libgcc.a(gedf2.o)
 .debug_ranges  0x0000000000000a78       0x50 e:/nucleistudio/nucleistudio_ide_202102-win64/nucleistudio/toolchain/gcc/bin/../lib/gcc/riscv-nuclei-elf/9.2.0/rv32imac/ilp32\libgcc.a(ledf2.o)
 .debug_ranges  0x0000000000000ac8       0x20 e:/nucleistudio/nucleistudio_ide_202102-win64/nucleistudio/toolchain/gcc/bin/../lib/gcc/riscv-nuclei-elf/9.2.0/rv32imac/ilp32\libgcc.a(fixunsdfsi.o)
 .debug_ranges  0x0000000000000ae8       0x70 e:/nucleistudio/nucleistudio_ide_202102-win64/nucleistudio/toolchain/gcc/bin/../lib/gcc/riscv-nuclei-elf/9.2.0/rv32imac/ilp32\libgcc.a(floatunsidf.o)
 .debug_ranges  0x0000000000000b58       0x68 e:/nucleistudio/nucleistudio_ide_202102-win64/nucleistudio/toolchain/gcc/bin/../lib/gcc/riscv-nuclei-elf/9.2.0/rv32imac/ilp32\libgcc.a(floatundidf.o)
 .debug_ranges  0x0000000000000bc0       0xc0 e:/nucleistudio/nucleistudio_ide_202102-win64/nucleistudio/toolchain/gcc/bin/../lib/gcc/riscv-nuclei-elf/9.2.0/rv32imac/ilp32\libgcc.a(divsf3.o)
 .debug_ranges  0x0000000000000c80       0x68 e:/nucleistudio/nucleistudio_ide_202102-win64/nucleistudio/toolchain/gcc/bin/../lib/gcc/riscv-nuclei-elf/9.2.0/rv32imac/ilp32\libgcc.a(floatundisf.o)
 .debug_ranges  0x0000000000000ce8       0x38 e:/nucleistudio/nucleistudio_ide_202102-win64/nucleistudio/toolchain/gcc/bin/../lib/gcc/riscv-nuclei-elf/9.2.0/rv32imac/ilp32\libgcc.a(extendsfdf2.o)
 .debug_ranges  0x0000000000000d20       0x20 e:/nucleistudio/nucleistudio_ide_202102-win64/nucleistudio/toolchain/gcc/bin/../lib/gcc/riscv-nuclei-elf/9.2.0/rv32imac/ilp32\libgcc.a(_clzsi2.o)
 .debug_ranges  0x0000000000000d40      0x228 e:/nucleistudio/nucleistudio_ide_202102-win64/nucleistudio/toolchain/gcc/bin/../lib/gcc/riscv-nuclei-elf/9.2.0/rv32imac/ilp32\libgcc.a(adddf3.o)
 .debug_ranges  0x0000000000000f68       0x48 e:/nucleistudio/nucleistudio_ide_202102-win64/nucleistudio/toolchain/gcc/bin/../lib/gcc/riscv-nuclei-elf/9.2.0/rv32imac/ilp32\libgcc.a(eqdf2.o)
 .debug_ranges  0x0000000000000fb0      0x230 e:/nucleistudio/nucleistudio_ide_202102-win64/nucleistudio/toolchain/gcc/bin/../lib/gcc/riscv-nuclei-elf/9.2.0/rv32imac/ilp32\libgcc.a(muldf3.o)
 .debug_ranges  0x00000000000011e0      0x220 e:/nucleistudio/nucleistudio_ide_202102-win64/nucleistudio/toolchain/gcc/bin/../lib/gcc/riscv-nuclei-elf/9.2.0/rv32imac/ilp32\libgcc.a(subdf3.o)
 .debug_ranges  0x0000000000001400       0x20 e:/nucleistudio/nucleistudio_ide_202102-win64/nucleistudio/toolchain/gcc/bin/../lib/gcc/riscv-nuclei-elf/9.2.0/rv32imac/ilp32\libgcc.a(unorddf2.o)
 .debug_ranges  0x0000000000001420       0x18 e:/nucleistudio/nucleistudio_ide_202102-win64/nucleistudio/toolchain/gcc/bin/../lib/gcc/riscv-nuclei-elf/9.2.0/rv32imac/ilp32\libgcc.a(fixdfsi.o)
 .debug_ranges  0x0000000000001438       0x68 e:/nucleistudio/nucleistudio_ide_202102-win64/nucleistudio/toolchain/gcc/bin/../lib/gcc/riscv-nuclei-elf/9.2.0/rv32imac/ilp32\libgcc.a(floatsidf.o)
 .debug_ranges  0x00000000000014a0       0xe0 e:/nucleistudio/nucleistudio_ide_202102-win64/nucleistudio/toolchain/gcc/bin/../lib/gcc/riscv-nuclei-elf/9.2.0/rv32imac/ilp32\libgcc.a(trunctfdf2.o)

.debug_line     0x0000000000000000    0x1121d
 .debug_line    0x0000000000000000      0x2a8 ./hbird_sdk/SoC/hbirdv2/Common/Source/Stubs/close.o
 .debug_line    0x00000000000002a8      0x38b ./hbird_sdk/SoC/hbirdv2/Common/Source/Stubs/fstat.o
 .debug_line    0x0000000000000633      0x1fb ./hbird_sdk/SoC/hbirdv2/Common/Source/Stubs/isatty.o
 .debug_line    0x000000000000082e      0x296 ./hbird_sdk/SoC/hbirdv2/Common/Source/Stubs/lseek.o
 .debug_line    0x0000000000000ac4      0x33b ./hbird_sdk/SoC/hbirdv2/Common/Source/Stubs/read.o
 .debug_line    0x0000000000000dff      0x2df ./hbird_sdk/SoC/hbirdv2/Common/Source/Stubs/sbrk.o
 .debug_line    0x00000000000010de      0x392 ./hbird_sdk/SoC/hbirdv2/Common/Source/Stubs/write.o
 .debug_line    0x0000000000001470       0x97 ./hbird_sdk/SoC/hbirdv2/Common/Source/GCC/intexc_hbirdv2.o
 .debug_line    0x0000000000001507      0x163 ./hbird_sdk/SoC/hbirdv2/Common/Source/GCC/startup_hbirdv2.o
 .debug_line    0x000000000000166a      0x6eb ./hbird_sdk/SoC/hbirdv2/Common/Source/Drivers/hbirdv2_gpio.o
 .debug_line    0x0000000000001d55      0x9cc ./hbird_sdk/SoC/hbirdv2/Common/Source/Drivers/hbirdv2_uart.o
 .debug_line    0x0000000000002721      0x567 ./hbird_sdk/SoC/hbirdv2/Common/Source/hbirdv2_common.o
 .debug_line    0x0000000000002c88      0xe0f ./hbird_sdk/SoC/hbirdv2/Common/Source/system_hbirdv2.o
 .debug_line    0x0000000000003a97     0x159c ./application/core_list_join.o
 .debug_line    0x0000000000005033     0x109c ./application/core_main.o
 .debug_line    0x00000000000060cf     0x14ba ./application/core_matrix.o
 .debug_line    0x0000000000007589      0x66e ./application/core_portme.o
 .debug_line    0x0000000000007bf7     0x109d ./application/core_state.o
 .debug_line    0x0000000000008c94      0x68d ./application/core_util.o
 .debug_line    0x0000000000009321      0xfd7 e:/nucleistudio/nucleistudio_ide_202102-win64/nucleistudio/toolchain/gcc/bin/../lib/gcc/riscv-nuclei-elf/9.2.0/rv32imac/ilp32\libgcc.a(divdf3.o)
 .debug_line    0x000000000000a2f8      0x35f e:/nucleistudio/nucleistudio_ide_202102-win64/nucleistudio/toolchain/gcc/bin/../lib/gcc/riscv-nuclei-elf/9.2.0/rv32imac/ilp32\libgcc.a(gedf2.o)
 .debug_line    0x000000000000a657      0x35f e:/nucleistudio/nucleistudio_ide_202102-win64/nucleistudio/toolchain/gcc/bin/../lib/gcc/riscv-nuclei-elf/9.2.0/rv32imac/ilp32\libgcc.a(ledf2.o)
 .debug_line    0x000000000000a9b6      0x212 e:/nucleistudio/nucleistudio_ide_202102-win64/nucleistudio/toolchain/gcc/bin/../lib/gcc/riscv-nuclei-elf/9.2.0/rv32imac/ilp32\libgcc.a(fixunsdfsi.o)
 .debug_line    0x000000000000abc8      0x2db e:/nucleistudio/nucleistudio_ide_202102-win64/nucleistudio/toolchain/gcc/bin/../lib/gcc/riscv-nuclei-elf/9.2.0/rv32imac/ilp32\libgcc.a(floatunsidf.o)
 .debug_line    0x000000000000aea3      0x4d4 e:/nucleistudio/nucleistudio_ide_202102-win64/nucleistudio/toolchain/gcc/bin/../lib/gcc/riscv-nuclei-elf/9.2.0/rv32imac/ilp32\libgcc.a(floatundidf.o)
 .debug_line    0x000000000000b377      0x8be e:/nucleistudio/nucleistudio_ide_202102-win64/nucleistudio/toolchain/gcc/bin/../lib/gcc/riscv-nuclei-elf/9.2.0/rv32imac/ilp32\libgcc.a(divsf3.o)
 .debug_line    0x000000000000bc35      0x3e9 e:/nucleistudio/nucleistudio_ide_202102-win64/nucleistudio/toolchain/gcc/bin/../lib/gcc/riscv-nuclei-elf/9.2.0/rv32imac/ilp32\libgcc.a(floatundisf.o)
 .debug_line    0x000000000000c01e      0x415 e:/nucleistudio/nucleistudio_ide_202102-win64/nucleistudio/toolchain/gcc/bin/../lib/gcc/riscv-nuclei-elf/9.2.0/rv32imac/ilp32\libgcc.a(extendsfdf2.o)
 .debug_line    0x000000000000c433      0x38c e:/nucleistudio/nucleistudio_ide_202102-win64/nucleistudio/toolchain/gcc/bin/../lib/gcc/riscv-nuclei-elf/9.2.0/rv32imac/ilp32\libgcc.a(_lshrdi3.o)
 .debug_line    0x000000000000c7bf      0x38c e:/nucleistudio/nucleistudio_ide_202102-win64/nucleistudio/toolchain/gcc/bin/../lib/gcc/riscv-nuclei-elf/9.2.0/rv32imac/ilp32\libgcc.a(_ashldi3.o)
 .debug_line    0x000000000000cb4b      0x2b8 e:/nucleistudio/nucleistudio_ide_202102-win64/nucleistudio/toolchain/gcc/bin/../lib/gcc/riscv-nuclei-elf/9.2.0/rv32imac/ilp32\libgcc.a(_clz.o)
 .debug_line    0x000000000000ce03      0x344 e:/nucleistudio/nucleistudio_ide_202102-win64/nucleistudio/toolchain/gcc/bin/../lib/gcc/riscv-nuclei-elf/9.2.0/rv32imac/ilp32\libgcc.a(_clzsi2.o)
 .debug_line    0x000000000000d147     0x1081 e:/nucleistudio/nucleistudio_ide_202102-win64/nucleistudio/toolchain/gcc/bin/../lib/gcc/riscv-nuclei-elf/9.2.0/rv32imac/ilp32\libgcc.a(adddf3.o)
 .debug_line    0x000000000000e1c8      0x2ca e:/nucleistudio/nucleistudio_ide_202102-win64/nucleistudio/toolchain/gcc/bin/../lib/gcc/riscv-nuclei-elf/9.2.0/rv32imac/ilp32\libgcc.a(eqdf2.o)
 .debug_line    0x000000000000e492      0xe12 e:/nucleistudio/nucleistudio_ide_202102-win64/nucleistudio/toolchain/gcc/bin/../lib/gcc/riscv-nuclei-elf/9.2.0/rv32imac/ilp32\libgcc.a(muldf3.o)
 .debug_line    0x000000000000f2a4     0x10e0 e:/nucleistudio/nucleistudio_ide_202102-win64/nucleistudio/toolchain/gcc/bin/../lib/gcc/riscv-nuclei-elf/9.2.0/rv32imac/ilp32\libgcc.a(subdf3.o)
 .debug_line    0x0000000000010384      0x215 e:/nucleistudio/nucleistudio_ide_202102-win64/nucleistudio/toolchain/gcc/bin/../lib/gcc/riscv-nuclei-elf/9.2.0/rv32imac/ilp32\libgcc.a(unorddf2.o)
 .debug_line    0x0000000000010599      0x281 e:/nucleistudio/nucleistudio_ide_202102-win64/nucleistudio/toolchain/gcc/bin/../lib/gcc/riscv-nuclei-elf/9.2.0/rv32imac/ilp32\libgcc.a(fixdfsi.o)
 .debug_line    0x000000000001081a      0x2bb e:/nucleistudio/nucleistudio_ide_202102-win64/nucleistudio/toolchain/gcc/bin/../lib/gcc/riscv-nuclei-elf/9.2.0/rv32imac/ilp32\libgcc.a(floatsidf.o)
 .debug_line    0x0000000000010ad5      0x748 e:/nucleistudio/nucleistudio_ide_202102-win64/nucleistudio/toolchain/gcc/bin/../lib/gcc/riscv-nuclei-elf/9.2.0/rv32imac/ilp32\libgcc.a(trunctfdf2.o)

.debug_str      0x0000000000000000     0x29ab
 .debug_str     0x0000000000000000      0x548 ./hbird_sdk/SoC/hbirdv2/Common/Source/Stubs/close.o
                                        0x5e3 (size before relaxing)
 .debug_str     0x0000000000000548      0x17c ./hbird_sdk/SoC/hbirdv2/Common/Source/Stubs/fstat.o
                                        0x77b (size before relaxing)
 .debug_str     0x00000000000006c4       0x3e ./hbird_sdk/SoC/hbirdv2/Common/Source/Stubs/isatty.o
                                        0x214 (size before relaxing)
 .debug_str     0x0000000000000702       0x43 ./hbird_sdk/SoC/hbirdv2/Common/Source/Stubs/lseek.o
                                        0x5fd (size before relaxing)
 .debug_str     0x0000000000000745       0x5d ./hbird_sdk/SoC/hbirdv2/Common/Source/Stubs/read.o
                                        0x649 (size before relaxing)
 .debug_str     0x00000000000007a2       0x5a ./hbird_sdk/SoC/hbirdv2/Common/Source/Stubs/sbrk.o
                                        0x235 (size before relaxing)
 .debug_str     0x00000000000007fc       0x49 ./hbird_sdk/SoC/hbirdv2/Common/Source/Stubs/write.o
                                        0x653 (size before relaxing)