Archive member included to satisfy reference by file (symbol)

e:/nucleistudio/nucleistudio_ide_202102-win64/nucleistudio/toolchain/gcc/bin/../lib/gcc/riscv-nuclei-elf/9.2.0/rv32imac/ilp32\libgcc.a(_divdi3.o)
                              ./hbird_sdk/SoC/hbirdv2/Common/Source/Stubs/gettimeofday.o (__divdi3)
e:/nucleistudio/nucleistudio_ide_202102-win64/nucleistudio/toolchain/gcc/bin/../lib/gcc/riscv-nuclei-elf/9.2.0/rv32imac/ilp32\libgcc.a(_udivdi3.o)
                              ./hbird_sdk/SoC/hbirdv2/Common/Source/Stubs/gettimeofday.o (__udivdi3)
e:/nucleistudio/nucleistudio_ide_202102-win64/nucleistudio/toolchain/gcc/bin/../lib/gcc/riscv-nuclei-elf/9.2.0/rv32imac/ilp32\libgcc.a(_umoddi3.o)
                              ./hbird_sdk/SoC/hbirdv2/Common/Source/Stubs/gettimeofday.o (__umoddi3)
e:/nucleistudio/nucleistudio_ide_202102-win64/nucleistudio/toolchain/gcc/bin/../lib/gcc/riscv-nuclei-elf/9.2.0/rv32imac/ilp32\libgcc.a(divsf3.o)
                              ./application/dhry_1.o (__divsf3)
e:/nucleistudio/nucleistudio_ide_202102-win64/nucleistudio/toolchain/gcc/bin/../lib/gcc/riscv-nuclei-elf/9.2.0/rv32imac/ilp32\libgcc.a(mulsf3.o)
                              ./application/dhry_1.o (__mulsf3)
e:/nucleistudio/nucleistudio_ide_202102-win64/nucleistudio/toolchain/gcc/bin/../lib/gcc/riscv-nuclei-elf/9.2.0/rv32imac/ilp32\libgcc.a(floatsisf.o)
                              ./application/dhry_1.o (__floatsisf)
e:/nucleistudio/nucleistudio_ide_202102-win64/nucleistudio/toolchain/gcc/bin/../lib/gcc/riscv-nuclei-elf/9.2.0/rv32imac/ilp32\libgcc.a(extendsfdf2.o)
                              ./application/dhry_1.o (__extendsfdf2)
e:/nucleistudio/nucleistudio_ide_202102-win64/nucleistudio/toolchain/gcc/bin/../lib/gcc/riscv-nuclei-elf/9.2.0/rv32imac/ilp32\libgcc.a(_clz.o)
                              e:/nucleistudio/nucleistudio_ide_202102-win64/nucleistudio/toolchain/gcc/bin/../lib/gcc/riscv-nuclei-elf/9.2.0/rv32imac/ilp32\libgcc.a(_divdi3.o) (__clz_tab)
e:/nucleistudio/nucleistudio_ide_202102-win64/nucleistudio/toolchain/gcc/bin/../lib/gcc/riscv-nuclei-elf/9.2.0/rv32imac/ilp32\libgcc.a(_clzsi2.o)
                              e:/nucleistudio/nucleistudio_ide_202102-win64/nucleistudio/toolchain/gcc/bin/../lib/gcc/riscv-nuclei-elf/9.2.0/rv32imac/ilp32\libgcc.a(divsf3.o) (__clzsi2)
e:/nucleistudio/nucleistudio_ide_202102-win64/nucleistudio/toolchain/gcc/bin/../lib/gcc/riscv-nuclei-elf/9.2.0/../../../../riscv-nuclei-elf/lib/rv32imac/ilp32\libg_nano.a(lib_a-atexit.o)
                              ./hbird_sdk/SoC/hbirdv2/Common/Source/GCC/startup_hbirdv2.o (atexit)
e:/nucleistudio/nucleistudio_ide_202102-win64/nucleistudio/toolchain/gcc/bin/../lib/gcc/riscv-nuclei-elf/9.2.0/../../../../riscv-nuclei-elf/lib/rv32imac/ilp32\libg_nano.a(lib_a-fini.o)
                              ./hbird_sdk/SoC/hbirdv2/Common/Source/GCC/startup_hbirdv2.o (__libc_fini_array)
e:/nucleistudio/nucleistudio_ide_202102-win64/nucleistudio/toolchain/gcc/bin/../lib/gcc/riscv-nuclei-elf/9.2.0/../../../../riscv-nuclei-elf/lib/rv32imac/ilp32\libg_nano.a(lib_a-init.o)
                              ./hbird_sdk/SoC/hbirdv2/Common/Source/GCC/startup_hbirdv2.o (__libc_init_array)
e:/nucleistudio/nucleistudio_ide_202102-win64/nucleistudio/toolchain/gcc/bin/../lib/gcc/riscv-nuclei-elf/9.2.0/../../../../riscv-nuclei-elf/lib/rv32imac/ilp32\libg_nano.a(lib_a-malloc.o)
                              ./application/dhry_1.o (malloc)
e:/nucleistudio/nucleistudio_ide_202102-win64/nucleistudio/toolchain/gcc/bin/../lib/gcc/riscv-nuclei-elf/9.2.0/../../../../riscv-nuclei-elf/lib/rv32imac/ilp32\libg_nano.a(lib_a-nano-freer.o)
                              e:/nucleistudio/nucleistudio_ide_202102-win64/nucleistudio/toolchain/gcc/bin/../lib/gcc/riscv-nuclei-elf/9.2.0/../../../../riscv-nuclei-elf/lib/rv32imac/ilp32\libg_nano.a(lib_a-malloc.o) (_free_r)
e:/nucleistudio/nucleistudio_ide_202102-win64/nucleistudio/toolchain/gcc/bin/../lib/gcc/riscv-nuclei-elf/9.2.0/../../../../riscv-nuclei-elf/lib/rv32imac/ilp32\libg_nano.a(lib_a-nano-mallocr.o)
                              e:/nucleistudio/nucleistudio_ide_202102-win64/nucleistudio/toolchain/gcc/bin/../lib/gcc/riscv-nuclei-elf/9.2.0/../../../../riscv-nuclei-elf/lib/rv32imac/ilp32\libg_nano.a(lib_a-malloc.o) (_malloc_r)
e:/nucleistudio/nucleistudio_ide_202102-win64/nucleistudio/toolchain/gcc/bin/../lib/gcc/riscv-nuclei-elf/9.2.0/../../../../riscv-nuclei-elf/lib/rv32imac/ilp32\libg_nano.a(lib_a-nano-vfprintf_float.o)
                              (_printf_float)
e:/nucleistudio/nucleistudio_ide_202102-win64/nucleistudio/toolchain/gcc/bin/../lib/gcc/riscv-nuclei-elf/9.2.0/../../../../riscv-nuclei-elf/lib/rv32imac/ilp32\libg_nano.a(lib_a-nano-vfprintf_i.o)
[...]
Memory Configuration

Name             Origin             Length             Attributes
ilm              0x0000000080000000 0x0000000000010000 axrl !w
ram              0x0000000090000000 0x0000000000010000 axw !rl
*default*        0x0000000000000000 0xffffffffffffffff

Linker script and memory map

LOAD ./hbird_sdk/SoC/hbirdv2/Common/Source/Stubs/clock_getres.o
LOAD ./hbird_sdk/SoC/hbirdv2/Common/Source/Stubs/clock_gettime.o
LOAD ./hbird_sdk/SoC/hbirdv2/Common/Source/Stubs/clock_settime.o
LOAD ./hbird_sdk/SoC/hbirdv2/Common/Source/Stubs/close.o
LOAD ./hbird_sdk/SoC/hbirdv2/Common/Source/Stubs/execve.o
LOAD ./hbird_sdk/SoC/hbirdv2/Common/Source/Stubs/exit.o
LOAD ./hbird_sdk/SoC/hbirdv2/Common/Source/Stubs/fork.o
LOAD ./hbird_sdk/SoC/hbirdv2/Common/Source/Stubs/fstat.o
LOAD ./hbird_sdk/SoC/hbirdv2/Common/Source/Stubs/getpid.o
LOAD ./hbird_sdk/SoC/hbirdv2/Common/Source/Stubs/gettimeofday.o
LOAD ./hbird_sdk/SoC/hbirdv2/Common/Source/Stubs/isatty.o
LOAD ./hbird_sdk/SoC/hbirdv2/Common/Source/Stubs/kill.o
LOAD ./hbird_sdk/SoC/hbirdv2/Common/Source/Stubs/link.o
LOAD ./hbird_sdk/SoC/hbirdv2/Common/Source/Stubs/lseek.o
LOAD ./hbird_sdk/SoC/hbirdv2/Common/Source/Stubs/open.o
LOAD ./hbird_sdk/SoC/hbirdv2/Common/Source/Stubs/read.o
LOAD ./hbird_sdk/SoC/hbirdv2/Common/Source/Stubs/sbrk.o
LOAD ./hbird_sdk/SoC/hbirdv2/Common/Source/Stubs/stat.o
LOAD ./hbird_sdk/SoC/hbirdv2/Common/Source/Stubs/times.o
LOAD ./hbird_sdk/SoC/hbirdv2/Common/Source/Stubs/unlink.o
LOAD ./hbird_sdk/SoC/hbirdv2/Common/Source/Stubs/wait.o
LOAD ./hbird_sdk/SoC/hbirdv2/Common/Source/Stubs/write.o
LOAD ./hbird_sdk/SoC/hbirdv2/Common/Source/GCC/intexc_hbirdv2.o
LOAD ./hbird_sdk/SoC/hbirdv2/Common/Source/GCC/startup_hbirdv2.o
LOAD ./hbird_sdk/SoC/hbirdv2/Common/Source/Drivers/hbirdv2_gpio.o
LOAD ./hbird_sdk/SoC/hbirdv2/Common/Source/Drivers/hbirdv2_i2c.o
LOAD ./hbird_sdk/SoC/hbirdv2/Common/Source/Drivers/hbirdv2_pwm.o
LOAD ./hbird_sdk/SoC/hbirdv2/Common/Source/Drivers/hbirdv2_spi.o
LOAD ./hbird_sdk/SoC/hbirdv2/Common/Source/Drivers/hbirdv2_uart.o
LOAD ./hbird_sdk/SoC/hbirdv2/Common/Source/Drivers/htif.o
LOAD ./hbird_sdk/SoC/hbirdv2/Common/Source/hbirdv2_common.o
LOAD ./hbird_sdk/SoC/hbirdv2/Common/Source/system_hbirdv2.o
LOAD ./application/dhry_1.o
LOAD ./application/dhry_2.o
LOAD ./application/dhry_stubs.o
LOAD e:/nucleistudio/nucleistudio_ide_202102-win64/nucleistudio/toolchain/gcc/bin/../lib/gcc/riscv-nuclei-elf/9.2.0/../../../../riscv-nuclei-elf/lib/rv32imac/ilp32\libstdc++.a
LOAD e:/nucleistudio/nucleistudio_ide_202102-win64/nucleistudio/toolchain/gcc/bin/../lib/gcc/riscv-nuclei-elf/9.2.0/../../../../riscv-nuclei-elf/lib/rv32imac/ilp32\libstdc++.a
LOAD e:/nucleistudio/nucleistudio_ide_202102-win64/nucleistudio/toolchain/gcc/bin/../lib/gcc/riscv-nuclei-elf/9.2.0/../../../../riscv-nuclei-elf/lib/rv32imac/ilp32\libm.a
LOAD e:/nucleistudio/nucleistudio_ide_202102-win64/nucleistudio/toolchain/gcc/bin/../lib/gcc/riscv-nuclei-elf/9.2.0/rv32imac/ilp32\libgcc.a
LOAD e:/nucleistudio/nucleistudio_ide_202102-win64/nucleistudio/toolchain/gcc/bin/../lib/gcc/riscv-nuclei-elf/9.2.0/../../../../riscv-nuclei-elf/lib/rv32imac/ilp32\libg_nano.a
LOAD e:/nucleistudio/nucleistudio_ide_202102-win64/nucleistudio/toolchain/gcc/bin/../lib/gcc/riscv-nuclei-elf/9.2.0/../../../../riscv-nuclei-elf/lib/rv32imac/ilp32\libc_nano.a
LOAD e:/nucleistudio/nucleistudio_ide_202102-win64/nucleistudio/toolchain/gcc/bin/../lib/gcc/riscv-nuclei-elf/9.2.0/rv32imac/ilp32\libgcc.a
START GROUP
LOAD e:/nucleistudio/nucleistudio_ide_202102-win64/nucleistudio/toolchain/gcc/bin/../lib/gcc/riscv-nuclei-elf/9.2.0/rv32imac/ilp32\libgcc.a
LOAD e:/nucleistudio/nucleistudio_ide_202102-win64/nucleistudio/toolchain/gcc/bin/../lib/gcc/riscv-nuclei-elf/9.2.0/../../../../riscv-nuclei-elf/lib/rv32imac/ilp32\libc_nano.a
LOAD e:/nucleistudio/nucleistudio_ide_202102-win64/nucleistudio/toolchain/gcc/bin/../lib/gcc/riscv-nuclei-elf/9.2.0/../../../../riscv-nuclei-elf/lib/rv32imac/ilp32\libnosys.a
END GROUP
START GROUP
LOAD e:/nucleistudio/nucleistudio_ide_202102-win64/nucleistudio/toolchain/gcc/bin/../lib/gcc/riscv-nuclei-elf/9.2.0/rv32imac/ilp32\libgcc.a
LOAD e:/nucleistudio/nucleistudio_ide_202102-win64/nucleistudio/toolchain/gcc/bin/../lib/gcc/riscv-nuclei-elf/9.2.0/../../../../riscv-nuclei-elf/lib/rv32imac/ilp32\libc_nano.a
LOAD e:/nucleistudio/nucleistudio_ide_202102-win64/nucleistudio/toolchain/gcc/bin/../lib/gcc/riscv-nuclei-elf/9.2.0/../../../../riscv-nuclei-elf/lib/rv32imac/ilp32\libnosys.a
END GROUP
                0x0000000000000800                __stack_size = DEFINED (__stack_size)?__stack_size:0x800

.init           0x0000000080000000       0xbe
 *(.vtable)
 *(SORT_NONE(.init))
 .init          0x0000000080000000       0xbe ./hbird_sdk/SoC/hbirdv2/Common/Source/GCC/startup_hbirdv2.o
                0x0000000080000000                _start

.ilalign        0x00000000800000be        0x2
                0x00000000800000c0                . = ALIGN (0x4)
 *fill*         0x00000000800000be        0x2 
                0x00000000800000c0                PROVIDE (_ilm_lma = .)

.ialign         0x00000000800000c0        0x0
                0x00000000800000c0                PROVIDE (_ilm = .)

.text           0x00000000800000c0     0x6132
 *(.text.unlikely .text.unlikely.*)
 *(.text.startup .text.startup.*)
 .text.startup.main
                0x00000000800000c0      0x72a ./application/dhry_1.o
                0x00000000800000c0                main
 *(.text .text.*)
 .text._close   0x00000000800007ea        0xe ./hbird_sdk/SoC/hbirdv2/Common/Source/Stubs/close.o
                0x00000000800007ea                _close
 .text._fstat   0x00000000800007f8       0x1e ./hbird_sdk/SoC/hbirdv2/Common/Source/Stubs/fstat.o
                0x00000000800007f8                _fstat
 .text._isatty  0x0000000080000816        0x4 ./hbird_sdk/SoC/hbirdv2/Common/Source/Stubs/isatty.o
                0x0000000080000816                _isatty
 .text._lseek   0x000000008000081a        0x4 ./hbird_sdk/SoC/hbirdv2/Common/Source/Stubs/lseek.o
                0x000000008000081a                _lseek
 .text._read    0x000000008000081e       0x22 ./hbird_sdk/SoC/hbirdv2/Common/Source/Stubs/read.o
                0x000000008000081e                _read
 .text._sbrk    0x0000000080000840       0x30 ./hbird_sdk/SoC/hbirdv2/Common/Source/Stubs/sbrk.o
                0x0000000080000840                _sbrk
 .text._write   0x0000000080000870       0x62 ./hbird_sdk/SoC/hbirdv2/Common/Source/Stubs/write.o
                0x0000000080000870                _write
 *fill*         0x00000000800008d2        0x2 
 .text.trap     0x00000000800008d4       0x78 ./hbird_sdk/SoC/hbirdv2/Common/Source/GCC/intexc_hbirdv2.o
                0x00000000800008d4                trap_entry
 .text.gpio_iof_config
                0x000000008000094c       0x12 ./hbird_sdk/SoC/hbirdv2/Common/Source/Drivers/hbirdv2_gpio.o
                0x000000008000094c                gpio_iof_config
 .text.uart_init
                0x000000008000095e       0x3a ./hbird_sdk/SoC/hbirdv2/Common/Source/Drivers/hbirdv2_uart.o
                0x000000008000095e                uart_init
 .text.uart_write
                0x0000000080000998       0x14 ./hbird_sdk/SoC/hbirdv2/Common/Source/Drivers/hbirdv2_uart.o
                0x0000000080000998                uart_write
 .text.uart_read
                0x00000000800009ac       0x16 ./hbird_sdk/SoC/hbirdv2/Common/Source/Drivers/hbirdv2_uart.o
                0x00000000800009ac                uart_read
 .text.measure_cpu_freq
                0x00000000800009c2       0x56 ./hbird_sdk/SoC/hbirdv2/Common/Source/hbirdv2_common.o
                0x00000000800009c2                measure_cpu_freq
 .text.get_cpu_freq
                0x0000000080000a18       0x12 ./hbird_sdk/SoC/hbirdv2/Common/Source/hbirdv2_common.o
                0x0000000080000a18                get_cpu_freq
 .text.system_default_exception_handler
                0x0000000080000a2a       0x44 ./hbird_sdk/SoC/hbirdv2/Common/Source/system_hbirdv2.o
 .text.system_default_interrupt_handler
                0x0000000080000a6e       0x48 ./hbird_sdk/SoC/hbirdv2/Common/Source/system_hbirdv2.o
 .text.SystemInit
                0x0000000080000ab6       0x12 ./hbird_sdk/SoC/hbirdv2/Common/Source/system_hbirdv2.o
                0x0000000080000ab6                SystemInit
 .text.core_trap_handler
                0x0000000080000ac8       0x94 ./hbird_sdk/SoC/hbirdv2/Common/Source/system_hbirdv2.o
                0x0000000080000ac8                core_trap_handler
 .text.SystemBannerPrint
                0x0000000080000b5c       0x4c ./hbird_sdk/SoC/hbirdv2/Common/Source/system_hbirdv2.o
                0x0000000080000b5c                SystemBannerPrint
 .text._premain_init
                0x0000000080000ba8       0xae ./hbird_sdk/SoC/hbirdv2/Common/Source/system_hbirdv2.o
                0x0000000080000ba8                _premain_init
 .text._postmain_fini
                0x0000000080000c56        0x2 ./hbird_sdk/SoC/hbirdv2/Common/Source/system_hbirdv2.o
                0x0000000080000c56                _postmain_fini
 .text._init    0x0000000080000c58        0x2 ./hbird_sdk/SoC/hbirdv2/Common/Source/system_hbirdv2.o
                0x0000000080000c58                _init
 .text._fini    0x0000000080000c5a        0x2 ./hbird_sdk/SoC/hbirdv2/Common/Source/system_hbirdv2.o
                0x0000000080000c5a                _fini
 .text.Proc_3   0x0000000080000c5c       0x18 ./application/dhry_1.o
                0x0000000080000c5c                Proc_3
 .text.Proc_1   0x0000000080000c74       0xea ./application/dhry_1.o
                0x0000000080000c74                Proc_1
 .text.Proc_6   0x0000000080000d5e       0x42 ./application/dhry_2.o
                0x0000000080000d5e                Proc_6
 .text.Proc_7   0x0000000080000da0        0x8 ./application/dhry_2.o
                0x0000000080000da0                Proc_7
 .text.Proc_8   0x0000000080000da8       0x42 ./application/dhry_2.o
                0x0000000080000da8                Proc_8
 .text.Func_1   0x0000000080000dea       0x18 ./application/dhry_2.o
                0x0000000080000dea                Func_1
 .text.Func_2   0x0000000080000e02       0x40 ./application/dhry_2.o
                0x0000000080000e02                Func_2
 .text.csr_cycle
                0x0000000080000e42       0x2a ./application/dhry_stubs.o
                0x0000000080000e42                csr_cycle
 .text.csr_instret
                0x0000000080000e6c       0x2a ./application/dhry_stubs.o
                0x0000000080000e6c                csr_instret
 .text.time     0x0000000080000e96       0x16 ./application/dhry_stubs.o
                0x0000000080000e96                time
 .text          0x0000000080000eac      0x248 e:/nucleistudio/nucleistudio_ide_202102-win64/nucleistudio/toolchain/gcc/bin/../lib/gcc/riscv-nuclei-elf/9.2.0/rv32imac/ilp32\libgcc.a(divsf3.o)
                0x0000000080000eac                __divsf3
 .text          0x00000000800010f4      0x21e e:/nucleistudio/nucleistudio_ide_202102-win64/nucleistudio/toolchain/gcc/bin/../lib/gcc/riscv-nuclei-elf/9.2.0/rv32imac/ilp32\libgcc.a(mulsf3.o)
                0x00000000800010f4                __mulsf3
 .text          0x0000000080001312       0xba e:/nucleistudio/nucleistudio_ide_202102-win64/nucleistudio/toolchain/gcc/bin/../lib/gcc/riscv-nuclei-elf/9.2.0/rv32imac/ilp32\libgcc.a(floatsisf.o)
                0x0000000080001312                __floatsisf
 .text          0x00000000800013cc       0x96 e:/nucleistudio/nucleistudio_ide_202102-win64/nucleistudio/toolchain/gcc/bin/../lib/gcc/riscv-nuclei-elf/9.2.0/rv32imac/ilp32\libgcc.a(extendsfdf2.o)
                0x00000000800013cc                __extendsfdf2
 .text          0x0000000080001462       0x3c e:/nucleistudio/nucleistudio_ide_202102-win64/nucleistudio/toolchain/gcc/bin/../lib/gcc/riscv-nuclei-elf/9.2.0/rv32imac/ilp32\libgcc.a(_clzsi2.o)
                0x0000000080001462                __clzsi2
 .text.atexit   0x000000008000149e        0xc e:/nucleistudio/nucleistudio_ide_202102-win64/nucleistudio/toolchain/gcc/bin/../lib/gcc/riscv-nuclei-elf/9.2.0/../../../../riscv-nuclei-elf/lib/rv32imac/ilp32\libg_nano.a(lib_a-atexit.o)
                0x000000008000149e                atexit
 .text.__libc_fini_array
                0x00000000800014aa       0x3a e:/nucleistudio/nucleistudio_ide_202102-win64/nucleistudio/toolchain/gcc/bin/../lib/gcc/riscv-nuclei-elf/9.2.0/../../../../riscv-nuclei-elf/lib/rv32imac/ilp32\libg_nano.a(lib_a-fini.o)
                0x00000000800014aa                __libc_fini_array
 .text.__libc_init_array
                0x00000000800014e4       0x6e e:/nucleistudio/nucleistudio_ide_202102-win64/nucleistudio/toolchain/gcc/bin/../lib/gcc/riscv-nuclei-elf/9.2.0/../../../../riscv-nuclei-elf/lib/rv32imac/ilp32\libg_nano.a(lib_a-init.o)
                0x00000000800014e4                __libc_init_array
 .text.malloc   0x0000000080001552        0xc e:/nucleistudio/nucleistudio_ide_202102-win64/nucleistudio/toolchain/gcc/bin/../lib/gcc/riscv-nuclei-elf/9.2.0/../../../../riscv-nuclei-elf/lib/rv32imac/ilp32\libg_nano.a(lib_a-malloc.o)
                0x0000000080001552                malloc
 .text._free_r  0x000000008000155e       0xa6 e:/nucleistudio/nucleistudio_ide_202102-win64/nucleistudio/toolchain/gcc/bin/../lib/gcc/riscv-nuclei-elf/9.2.0/../../../../riscv-nuclei-elf/lib/rv32imac/ilp32\libg_nano.a(lib_a-nano-freer.o)
                0x000000008000155e                _free_r
 .text._malloc_r
                0x0000000080001604       0xde e:/nucleistudio/nucleistudio_ide_202102-win64/nucleistudio/toolchain/gcc/bin/../lib/gcc/riscv-nuclei-elf/9.2.0/../../../../riscv-nuclei-elf/lib/rv32imac/ilp32\libg_nano.a(lib_a-nano-mallocr.o)
                0x0000000080001604                _malloc_r
 .text.__cvt    0x00000000800016e2       0xf2 e:/nucleistudio/nucleistudio_ide_202102-win64/nucleistudio/toolchain/gcc/bin/../lib/gcc/riscv-nuclei-elf/9.2.0/../../../../riscv-nuclei-elf/lib/rv32imac/ilp32\libg_nano.a(lib_a-nano-vfprintf_float.o)
                0x00000000800016e2                __cvt
 .text.__exponent
                0x00000000800017d4       0x9c e:/nucleistudio/nucleistudio_ide_202102-win64/nucleistudio/toolchain/gcc/bin/../lib/gcc/riscv-nuclei-elf/9.2.0/../../../../riscv-nuclei-elf/lib/rv32imac/ilp32\libg_nano.a(lib_a-nano-vfprintf_float.o)
                0x00000000800017d4                __exponent
 .text._printf_float
                0x0000000080001870      0x4ce e:/nucleistudio/nucleistudio_ide_202102-win64/nucleistudio/toolchain/gcc/bin/../lib/gcc/riscv-nuclei-elf/9.2.0/../../../../riscv-nuclei-elf/lib/rv32imac/ilp32\libg_nano.a(lib_a-nano-vfprintf_float.o)
                0x0000000080001870                _printf_float
 .text._printf_common
                0x0000000080001d3e      0x10c e:/nucleistudio/nucleistudio_ide_202102-win64/nucleistudio/toolchain/gcc/bin/../lib/gcc/riscv-nuclei-elf/9.2.0/../../../../riscv-nuclei-elf/lib/rv32imac/ilp32\libg_nano.a(lib_a-nano-vfprintf_i.o)
                0x0000000080001d3e                _printf_common
 .text._printf_i
                0x0000000080001e4a      0x274 e:/nucleistudio/nucleistudio_ide_202102-win64/nucleistudio/toolchain/gcc/bin/../lib/gcc/riscv-nuclei-elf/9.2.0/../../../../riscv-nuclei-elf/lib/rv32imac/ilp32\libg_nano.a(lib_a-nano-vfprintf_i.o)
                0x0000000080001e4a                _printf_i
 .text.printf   0x00000000800020be       0x40 e:/nucleistudio/nucleistudio_ide_202102-win64/nucleistudio/toolchain/gcc/bin/../lib/gcc/riscv-nuclei-elf/9.2.0/../../../../riscv-nuclei-elf/lib/rv32imac/ilp32\libg_nano.a(lib_a-printf.o)
                0x00000000800020be                iprintf
                0x00000000800020be                printf
 .text.putchar  0x00000000800020fe       0x2c e:/nucleistudio/nucleistudio_ide_202102-win64/nucleistudio/toolchain/gcc/bin/../lib/gcc/riscv-nuclei-elf/9.2.0/../../../../riscv-nuclei-elf/lib/rv32imac/ilp32\libg_nano.a(lib_a-putchar.o)
                0x00000000800020fe                putchar
 .text._putc_r  0x000000008000212a       0x84 e:/nucleistudio/nucleistudio_ide_202102-win64/nucleistudio/toolchain/gcc/bin/../lib/gcc/riscv-nuclei-elf/9.2.0/../../../../riscv-nuclei-elf/lib/rv32imac/ilp32\libg_nano.a(lib_a-putc.o)
                0x000000008000212a                _putc_r
 .text._puts_r  0x00000000800021ae       0xde e:/nucleistudio/nucleistudio_ide_202102-win64/nucleistudio/toolchain/gcc/bin/../lib/gcc/riscv-nuclei-elf/9.2.0/../../../../riscv-nuclei-elf/lib/rv32imac/ilp32\libg_nano.a(lib_a-puts.o)
                0x00000000800021ae                _puts_r
 .text.puts     0x000000008000228c        0xc e:/nucleistudio/nucleistudio_ide_202102-win64/nucleistudio/toolchain/gcc/bin/../lib/gcc/riscv-nuclei-elf/9.2.0/../../../../riscv-nuclei-elf/lib/rv32imac/ilp32\libg_nano.a(lib_a-puts.o)
                0x000000008000228c                puts
 .text._sbrk_r  0x0000000080002298       0x30 e:/nucleistudio/nucleistudio_ide_202102-win64/nucleistudio/toolchain/gcc/bin/../lib/gcc/riscv-nuclei-elf/9.2.0/../../../../riscv-nuclei-elf/lib/rv32imac/ilp32\libg_nano.a(lib_a-sbrkr.o)
                0x0000000080002298                _sbrk_r
 .text          0x00000000800022c8      0x11e e:/nucleistudio/nucleistudio_ide_202102-win64/nucleistudio/toolchain/gcc/bin/../lib/gcc/riscv-nuclei-elf/9.2.0/../../../../riscv-nuclei-elf/lib/rv32imac/ilp32\libg_nano.a(lib_a-strcmp.o)
                0x00000000800022c8                strcmp
 .text.strlen   0x00000000800023e6       0x12 e:/nucleistudio/nucleistudio_ide_202102-win64/nucleistudio/toolchain/gcc/bin/../lib/gcc/riscv-nuclei-elf/9.2.0/../../../../riscv-nuclei-elf/lib/rv32imac/ilp32\libg_nano.a(lib_a-strlen.o)
                0x00000000800023e6                strlen
 .text.isatty   0x00000000800023f8        0x4 e:/nucleistudio/nucleistudio_ide_202102-win64/nucleistudio/toolchain/gcc/bin/../lib/gcc/riscv-nuclei-elf/9.2.0/../../../../riscv-nuclei-elf/lib/rv32imac/ilp32\libg_nano.a(lib_a-sysisatty.o)
                0x00000000800023f8                isatty
 .text.__swbuf_r
                0x00000000800023fc       0xc6 e:/nucleistudio/nucleistudio_ide_202102-win64/nucleistudio/toolchain/gcc/bin/../lib/gcc/riscv-nuclei-elf/9.2.0/../../../../riscv-nuclei-elf/lib/rv32imac/ilp32\libg_nano.a(lib_a-wbuf.o)
                0x00000000800023fc                __swbuf_r
 .text.__swsetup_r
                0x00000000800024c2      0x110 e:/nucleistudio/nucleistudio_ide_202102-win64/nucleistudio/toolchain/gcc/bin/../lib/gcc/riscv-nuclei-elf/9.2.0/../../../../riscv-nuclei-elf/lib/rv32imac/ilp32\libg_nano.a(lib_a-wsetup.o)
                0x00000000800024c2                __swsetup_r
 .text.__register_exitproc
                0x00000000800025d2       0x7c e:/nucleistudio/nucleistudio_ide_202102-win64/nucleistudio/toolchain/gcc/bin/../lib/gcc/riscv-nuclei-elf/9.2.0/../../../../riscv-nuclei-elf/lib/rv32imac/ilp32\libg_nano.a(lib_a-__atexit.o)
                0x00000000800025d2                __register_exitproc
 .text.quorem   0x000000008000264e      0x138 e:/nucleistudio/nucleistudio_ide_202102-win64/nucleistudio/toolchain/gcc/bin/../lib/gcc/riscv-nuclei-elf/9.2.0/../../../../riscv-nuclei-elf/lib/rv32imac/ilp32\libg_nano.a(lib_a-dtoa.o)
 .text._dtoa_r  0x0000000080002786      0xc24 e:/nucleistudio/nucleistudio_ide_202102-win64/nucleistudio/toolchain/gcc/bin/../lib/gcc/riscv-nuclei-elf/9.2.0/../../../../riscv-nuclei-elf/lib/rv32imac/ilp32\libg_nano.a(lib_a-dtoa.o)
                0x0000000080002786                _dtoa_r
 .text.__sflush_r
                0x00000000800033aa      0x14c e:/nucleistudio/nucleistudio_ide_202102-win64/nucleistudio/toolchain/gcc/bin/../lib/gcc/riscv-nuclei-elf/9.2.0/../../../../riscv-nuclei-elf/lib/rv32imac/ilp32\libg_nano.a(lib_a-fflush.o)
                0x00000000800033aa                __sflush_r
 .text._fflush_r
                0x00000000800034f6       0x64 e:/nucleistudio/nucleistudio_ide_202102-win64/nucleistudio/toolchain/gcc/bin/../lib/gcc/riscv-nuclei-elf/9.2.0/../../../../riscv-nuclei-elf/lib/rv32imac/ilp32\libg_nano.a(lib_a-fflush.o)
                0x00000000800034f6                _fflush_r
 .text.std      0x000000008000355a       0x68 e:/nucleistudio/nucleistudio_ide_202102-win64/nucleistudio/toolchain/gcc/bin/../lib/gcc/riscv-nuclei-elf/9.2.0/../../../../riscv-nuclei-elf/lib/rv32imac/ilp32\libg_nano.a(lib_a-findfp.o)
 .text._cleanup_r
                0x00000000800035c2        0xa e:/nucleistudio/nucleistudio_ide_202102-win64/nucleistudio/toolchain/gcc/bin/../lib/gcc/riscv-nuclei-elf/9.2.0/../../../../riscv-nuclei-elf/lib/rv32imac/ilp32\libg_nano.a(lib_a-findfp.o)
                0x00000000800035c2                _cleanup_r
 .text.__sfmoreglue
                0x00000000800035cc       0x46 e:/nucleistudio/nucleistudio_ide_202102-win64/nucleistudio/toolchain/gcc/bin/../lib/gcc/riscv-nuclei-elf/9.2.0/../../../../riscv-nuclei-elf/lib/rv32imac/ilp32\libg_nano.a(lib_a-findfp.o)
                0x00000000800035cc                __sfmoreglue
 .text.__sinit  0x0000000080003612       0x66 e:/nucleistudio/nucleistudio_ide_202102-win64/nucleistudio/toolchain/gcc/bin/../lib/gcc/riscv-nuclei-elf/9.2.0/../../../../riscv-nuclei-elf/lib/rv32imac/ilp32\libg_nano.a(lib_a-findfp.o)
                0x0000000080003612                __sinit
 .text.__sfp    0x0000000080003678       0x98 e:/nucleistudio/nucleistudio_ide_202102-win64/nucleistudio/toolchain/gcc/bin/../lib/gcc/riscv-nuclei-elf/9.2.0/../../../../riscv-nuclei-elf/lib/rv32imac/ilp32\libg_nano.a(lib_a-findfp.o)
                0x0000000080003678                __sfp
 .text._fwalk_reent
                0x0000000080003710       0x6a e:/nucleistudio/nucleistudio_ide_202102-win64/nucleistudio/toolchain/gcc/bin/../lib/gcc/riscv-nuclei-elf/9.2.0/../../../../riscv-nuclei-elf/lib/rv32imac/ilp32\libg_nano.a(lib_a-fwalk.o)
                0x0000000080003710                _fwalk_reent
 .text._localeconv_r
                0x000000008000377a       0x1a e:/nucleistudio/nucleistudio_ide_202102-win64/nucleistudio/toolchain/gcc/bin/../lib/gcc/riscv-nuclei-elf/9.2.0/../../../../riscv-nuclei-elf/lib/rv32imac/ilp32\libg_nano.a(lib_a-localeconv.o)
                0x000000008000377a                _localeconv_r
 .text.__swhatbuf_r
                0x0000000080003794       0x5c e:/nucleistudio/nucleistudio_ide_202102-win64/nucleistudio/toolchain/gcc/bin/../lib/gcc/riscv-nuclei-elf/9.2.0/../../../../riscv-nuclei-elf/lib/rv32imac/ilp32\libg_nano.a(lib_a-makebuf.o)
                0x0000000080003794                __swhatbuf_r
 .text.__smakebuf_r
                0x00000000800037f0       0xa0 e:/nucleistudio/nucleistudio_ide_202102-win64/nucleistudio/toolchain/gcc/bin/../lib/gcc/riscv-nuclei-elf/9.2.0/../../../../riscv-nuclei-elf/lib/rv32imac/ilp32\libg_nano.a(lib_a-makebuf.o)
                0x00000000800037f0                __smakebuf_r
 .text.__ascii_mbtowc
                0x0000000080003890       0x3a e:/nucleistudio/nucleistudio_ide_202102-win64/nucleistudio/toolchain/gcc/bin/../lib/gcc/riscv-nuclei-elf/9.2.0/../../../../riscv-nuclei-elf/lib/rv32imac/ilp32\libg_nano.a(lib_a-mbtowc_r.o)
                0x0000000080003890                __ascii_mbtowc
 .text.memchr   0x00000000800038ca       0x1a e:/nucleistudio/nucleistudio_ide_202102-win64/nucleistudio/toolchain/gcc/bin/../lib/gcc/riscv-nuclei-elf/9.2.0/../../../../riscv-nuclei-elf/lib/rv32imac/ilp32\libg_nano.a(lib_a-memchr.o)
                0x00000000800038ca                memchr
 .text.memcpy   0x00000000800038e4       0xd4 e:/nucleistudio/nucleistudio_ide_202102-win64/nucleistudio/toolchain/gcc/bin/../lib/gcc/riscv-nuclei-elf/9.2.0/../../../../riscv-nuclei-elf/lib/rv32imac/ilp32\libg_nano.a(lib_a-memcpy.o)
                0x00000000800038e4                memcpy
 .text          0x00000000800039b8       0xa8 e:/nucleistudio/nucleistudio_ide_202102-win64/nucleistudio/toolchain/gcc/bin/../lib/gcc/riscv-nuclei-elf/9.2.0/../../../../riscv-nuclei-elf/lib/rv32imac/ilp32\libg_nano.a(lib_a-memset.o)
                0x00000000800039b8                memset
 .text.__malloc_lock
                0x0000000080003a60        0x2 e:/nucleistudio/nucleistudio_ide_202102-win64/nucleistudio/toolchain/gcc/bin/../lib/gcc/riscv-nuclei-elf/9.2.0/../../../../riscv-nuclei-elf/lib/rv32imac/ilp32\libg_nano.a(lib_a-mlock.o)
                0x0000000080003a60                __malloc_lock
 .text.__malloc_unlock
                0x0000000080003a62        0x2 e:/nucleistudio/nucleistudio_ide_202102-win64/nucleistudio/toolchain/gcc/bin/../lib/gcc/riscv-nuclei-elf/9.2.0/../../../../riscv-nuclei-elf/lib/rv32imac/ilp32\libg_nano.a(lib_a-mlock.o)
                0x0000000080003a62                __malloc_unlock
 .text._Balloc  0x0000000080003a64       0x8e e:/nucleistudio/nucleistudio_ide_202102-win64/nucleistudio/toolchain/gcc/bin/../lib/gcc/riscv-nuclei-elf/9.2.0/../../../../riscv-nuclei-elf/lib/rv32imac/ilp32\libg_nano.a(lib_a-mprec.o)
                0x0000000080003a64                _Balloc
 .text._Bfree   0x0000000080003af2       0x46 e:/nucleistudio/nucleistudio_ide_202102-win64/nucleistudio/toolchain/gcc/bin/../lib/gcc/riscv-nuclei-elf/9.2.0/../../../../riscv-nuclei-elf/lib/rv32imac/ilp32\libg_nano.a(lib_a-mprec.o)
                0x0000000080003af2                _Bfree
 .text.__multadd
                0x0000000080003b38       0x9a e:/nucleistudio/nucleistudio_ide_202102-win64/nucleistudio/toolchain/gcc/bin/../lib/gcc/riscv-nuclei-elf/9.2.0/../../../../riscv-nuclei-elf/lib/rv32imac/ilp32\libg_nano.a(lib_a-mprec.o)
                0x0000000080003b38                __multadd
 .text.__hi0bits
                0x0000000080003bd2       0x46 e:/nucleistudio/nucleistudio_ide_202102-win64/nucleistudio/toolchain/gcc/bin/../lib/gcc/riscv-nuclei-elf/9.2.0/../../../../riscv-nuclei-elf/lib/rv32imac/ilp32\libg_nano.a(lib_a-mprec.o)
                0x0000000080003bd2                __hi0bits
 .text.__lo0bits
                0x0000000080003c18       0x6a e:/nucleistudio/nucleistudio_ide_202102-win64/nucleistudio/toolchain/gcc/bin/../lib/gcc/riscv-nuclei-elf/9.2.0/../../../../riscv-nuclei-elf/lib/rv32imac/ilp32\libg_nano.a(lib_a-mprec.o)
                0x0000000080003c18                __lo0bits
 .text.__i2b    0x0000000080003c82       0x1a e:/nucleistudio/nucleistudio_ide_202102-win64/nucleistudio/toolchain/gcc/bin/../lib/gcc/riscv-nuclei-elf/9.2.0/../../../../riscv-nuclei-elf/lib/rv32imac/ilp32\libg_nano.a(lib_a-mprec.o)
                0x0000000080003c82                __i2b
 .text.__multiply
                0x0000000080003c9c      0x162 e:/nucleistudio/nucleistudio_ide_202102-win64/nucleistudio/toolchain/gcc/bin/../lib/gcc/riscv-nuclei-elf/9.2.0/../../../../riscv-nuclei-elf/lib/rv32imac/ilp32\libg_nano.a(lib_a-mprec.o)
                0x0000000080003c9c                __multiply
 .text.__pow5mult
                0x0000000080003dfe       0xb8 e:/nucleistudio/nucleistudio_ide_202102-win64/nucleistudio/toolchain/gcc/bin/../lib/gcc/riscv-nuclei-elf/9.2.0/../../../../riscv-nuclei-elf/lib/rv32imac/ilp32\libg_nano.a(lib_a-mprec.o)
                0x0000000080003dfe                __pow5mult
 .text.__lshift
                0x0000000080003eb6       0xe8 e:/nucleistudio/nucleistudio_ide_202102-win64/nucleistudio/toolchain/gcc/bin/../lib/gcc/riscv-nuclei-elf/9.2.0/../../../../riscv-nuclei-elf/lib/rv32imac/ilp32\libg_nano.a(lib_a-mprec.o)
                0x0000000080003eb6                __lshift
 .text.__mcmp   0x0000000080003f9e       0x3a e:/nucleistudio/nucleistudio_ide_202102-win64/nucleistudio/toolchain/gcc/bin/../lib/gcc/riscv-nuclei-elf/9.2.0/../../../../riscv-nuclei-elf/lib/rv32imac/ilp32\libg_nano.a(lib_a-mprec.o)
                0x0000000080003f9e                __mcmp
 .text.__mdiff  0x0000000080003fd8      0x132 e:/nucleistudio/nucleistudio_ide_202102-win64/nucleistudio/toolchain/gcc/bin/../lib/gcc/riscv-nuclei-elf/9.2.0/../../../../riscv-nuclei-elf/lib/rv32imac/ilp32\libg_nano.a(lib_a-mprec.o)
                0x0000000080003fd8                __mdiff
 .text.__d2b    0x000000008000410a       0xd4 e:/nucleistudio/nucleistudio_ide_202102-win64/nucleistudio/toolchain/gcc/bin/../lib/gcc/riscv-nuclei-elf/9.2.0/../../../../riscv-nuclei-elf/lib/rv32imac/ilp32\libg_nano.a(lib_a-mprec.o)
                0x000000008000410a                __d2b
 .text._calloc_r
                0x00000000800041de       0x28 e:/nucleistudio/nucleistudio_ide_202102-win64/nucleistudio/toolchain/gcc/bin/../lib/gcc/riscv-nuclei-elf/9.2.0/../../../../riscv-nuclei-elf/lib/rv32imac/ilp32\libg_nano.a(lib_a-nano-callocr.o)
                0x00000000800041de                _calloc_r
 .text.__sfputc_r
                0x0000000080004206       0x2a e:/nucleistudio/nucleistudio_ide_202102-win64/nucleistudio/toolchain/gcc/bin/../lib/gcc/riscv-nuclei-elf/9.2.0/../../../../riscv-nuclei-elf/lib/rv32imac/ilp32\libg_nano.a(lib_a-nano-vfprintf.o)
 .text.__sfputs_r
                0x0000000080004230       0x42 e:/nucleistudio/nucleistudio_ide_202102-win64/nucleistudio/toolchain/gcc/bin/../lib/gcc/riscv-nuclei-elf/9.2.0/../../../../riscv-nuclei-elf/lib/rv32imac/ilp32\libg_nano.a(lib_a-nano-vfprintf.o)
                0x0000000080004230                __sfputs_r
 .text._vfprintf_r
                0x0000000080004272      0x29e e:/nucleistudio/nucleistudio_ide_202102-win64/nucleistudio/toolchain/gcc/bin/../lib/gcc/riscv-nuclei-elf/9.2.0/../../../../riscv-nuclei-elf/lib/rv32imac/ilp32\libg_nano.a(lib_a-nano-vfprintf.o)
                0x0000000080004272                _vfprintf_r
                0x0000000080004272                _vfiprintf_r
 .text.__sread  0x0000000080004510       0x30 e:/nucleistudio/nucleistudio_ide_202102-win64/nucleistudio/toolchain/gcc/bin/../lib/gcc/riscv-nuclei-elf/9.2.0/../../../../riscv-nuclei-elf/lib/rv32imac/ilp32\libg_nano.a(lib_a-stdio.o)
                0x0000000080004510                __sread
 .text.__swrite
                0x0000000080004540       0x4e e:/nucleistudio/nucleistudio_ide_202102-win64/nucleistudio/toolchain/gcc/bin/../lib/gcc/riscv-nuclei-elf/9.2.0/../../../../riscv-nuclei-elf/lib/rv32imac/ilp32\libg_nano.a(lib_a-stdio.o)
                0x0000000080004540                __swrite
 .text.__sseek  0x000000008000458e       0x36 e:/nucleistudio/nucleistudio_ide_202102-win64/nucleistudio/toolchain/gcc/bin/../lib/gcc/riscv-nuclei-elf/9.2.0/../../../../riscv-nuclei-elf/lib/rv32imac/ilp32\libg_nano.a(lib_a-stdio.o)
                0x000000008000458e                __sseek
 .text.__sclose
                0x00000000800045c4        0x6 e:/nucleistudio/nucleistudio_ide_202102-win64/nucleistudio/toolchain/gcc/bin/../lib/gcc/riscv-nuclei-elf/9.2.0/../../../../riscv-nuclei-elf/lib/rv32imac/ilp32\libg_nano.a(lib_a-stdio.o)
                0x00000000800045c4                __sclose
 .text.__ascii_wctomb
                0x00000000800045ca       0x20 e:/nucleistudio/nucleistudio_ide_202102-win64/nucleistudio/toolchain/gcc/bin/../lib/gcc/riscv-nuclei-elf/9.2.0/../../../../riscv-nuclei-elf/lib/rv32imac/ilp32\libg_nano.a(lib_a-wctomb_r.o)
                0x00000000800045ca                __ascii_wctomb
 .text._write_r
                0x00000000800045ea       0x34 e:/nucleistudio/nucleistudio_ide_202102-win64/nucleistudio/toolchain/gcc/bin/../lib/gcc/riscv-nuclei-elf/9.2.0/../../../../riscv-nuclei-elf/lib/rv32imac/ilp32\libg_nano.a(lib_a-writer.o)
                0x00000000800045ea                _write_r
 .text._close_r
                0x000000008000461e       0x30 e:/nucleistudio/nucleistudio_ide_202102-win64/nucleistudio/toolchain/gcc/bin/../lib/gcc/riscv-nuclei-elf/9.2.0/../../../../riscv-nuclei-elf/lib/rv32imac/ilp32\libg_nano.a(lib_a-closer.o)
                0x000000008000461e                _close_r
 .text._fstat_r
                0x000000008000464e       0x32 e:/nucleistudio/nucleistudio_ide_202102-win64/nucleistudio/toolchain/gcc/bin/../lib/gcc/riscv-nuclei-elf/9.2.0/../../../../riscv-nuclei-elf/lib/rv32imac/ilp32\libg_nano.a(lib_a-fstatr.o)
                0x000000008000464e                _fstat_r
 .text._isatty_r
                0x0000000080004680       0x30 e:/nucleistudio/nucleistudio_ide_202102-win64/nucleistudio/toolchain/gcc/bin/../lib/gcc/riscv-nuclei-elf/9.2.0/../../../../riscv-nuclei-elf/lib/rv32imac/ilp32\libg_nano.a(lib_a-isattyr.o)
                0x0000000080004680                _isatty_r
 .text._lseek_r
                0x00000000800046b0       0x34 e:/nucleistudio/nucleistudio_ide_202102-win64/nucleistudio/toolchain/gcc/bin/../lib/gcc/riscv-nuclei-elf/9.2.0/../../../../riscv-nuclei-elf/lib/rv32imac/ilp32\libg_nano.a(lib_a-lseekr.o)
                0x00000000800046b0                _lseek_r
 .text._read_r  0x00000000800046e4       0x34 e:/nucleistudio/nucleistudio_ide_202102-win64/nucleistudio/toolchain/gcc/bin/../lib/gcc/riscv-nuclei-elf/9.2.0/../../../../riscv-nuclei-elf/lib/rv32imac/ilp32\libg_nano.a(lib_a-readr.o)
                0x00000000800046e4                _read_r
 .text          0x0000000080004718      0x5f0 e:/nucleistudio/nucleistudio_ide_202102-win64/nucleistudio/toolchain/gcc/bin/../lib/gcc/riscv-nuclei-elf/9.2.0/rv32imac/ilp32\libgcc.a(adddf3.o)
                0x0000000080004718                __adddf3
 .text          0x0000000080004d08      0x546 e:/nucleistudio/nucleistudio_ide_202102-win64/nucleistudio/toolchain/gcc/bin/../lib/gcc/riscv-nuclei-elf/9.2.0/rv32imac/ilp32\libgcc.a(divdf3.o)
                0x0000000080004d08                __divdf3
 .text          0x000000008000524e       0x6a e:/nucleistudio/nucleistudio_ide_202102-win64/nucleistudio/toolchain/gcc/bin/../lib/gcc/riscv-nuclei-elf/9.2.0/rv32imac/ilp32\libgcc.a(eqdf2.o)
                0x000000008000524e                __nedf2
                0x000000008000524e                __eqdf2
 .text          0x00000000800052b8       0xa6 e:/nucleistudio/nucleistudio_ide_202102-win64/nucleistudio/toolchain/gcc/bin/../lib/gcc/riscv-nuclei-elf/9.2.0/rv32imac/ilp32\libgcc.a(gedf2.o)
                0x00000000800052b8                __gedf2
                0x00000000800052b8                __gtdf2
 .text          0x000000008000535e       0xa6 e:/nucleistudio/nucleistudio_ide_202102-win64/nucleistudio/toolchain/gcc/bin/../lib/gcc/riscv-nuclei-elf/9.2.0/rv32imac/ilp32\libgcc.a(ledf2.o)
                0x000000008000535e                __ledf2
                0x000000008000535e                __ltdf2
 .text          0x0000000080005404      0x44a e:/nucleistudio/nucleistudio_ide_202102-win64/nucleistudio/toolchain/gcc/bin/../lib/gcc/riscv-nuclei-elf/9.2.0/rv32imac/ilp32\libgcc.a(muldf3.o)
                0x0000000080005404                __muldf3
 .text          0x000000008000584e      0x602 e:/nucleistudio/nucleistudio_ide_202102-win64/nucleistudio/toolchain/gcc/bin/../lib/gcc/riscv-nuclei-elf/9.2.0/rv32imac/ilp32\libgcc.a(subdf3.o)
                0x000000008000584e                __subdf3
 .text          0x0000000080005e50       0x3a e:/nucleistudio/nucleistudio_ide_202102-win64/nucleistudio/toolchain/gcc/bin/../lib/gcc/riscv-nuclei-elf/9.2.0/rv32imac/ilp32\libgcc.a(unorddf2.o)
                0x0000000080005e50                __unorddf2
 .text          0x0000000080005e8a       0x64 e:/nucleistudio/nucleistudio_ide_202102-win64/nucleistudio/toolchain/gcc/bin/../lib/gcc/riscv-nuclei-elf/9.2.0/rv32imac/ilp32\libgcc.a(fixdfsi.o)
                0x0000000080005e8a                __fixdfsi
 .text          0x0000000080005eee       0x6a e:/nucleistudio/nucleistudio_ide_202102-win64/nucleistudio/toolchain/gcc/bin/../lib/gcc/riscv-nuclei-elf/9.2.0/rv32imac/ilp32\libgcc.a(floatsidf.o)
                0x0000000080005eee                __floatsidf
 .text          0x0000000080005f58       0x50 e:/nucleistudio/nucleistudio_ide_202102-win64/nucleistudio/toolchain/gcc/bin/../lib/gcc/riscv-nuclei-elf/9.2.0/rv32imac/ilp32\libgcc.a(floatunsidf.o)
                0x0000000080005f58                __floatunsidf
 .text          0x0000000080005fa8      0x24a e:/nucleistudio/nucleistudio_ide_202102-win64/nucleistudio/toolchain/gcc/bin/../lib/gcc/riscv-nuclei-elf/9.2.0/rv32imac/ilp32\libgcc.a(trunctfdf2.o)
                0x0000000080005fa8                __trunctfdf2
 *(.gnu.linkonce.t.*)

.rodata         0x00000000800061f8      0xbc4
                0x00000000800061f8                . = ALIGN (0x4)
 *(.rdata)
 *(.rodata .rodata.*)
 .rodata.system_default_exception_handler.str1.4
                0x00000000800061f8       0x44 ./hbird_sdk/SoC/hbirdv2/Common/Source/system_hbirdv2.o
 .rodata.system_default_interrupt_handler.str1.4
                0x000000008000623c       0x13 ./hbird_sdk/SoC/hbirdv2/Common/Source/system_hbirdv2.o
 *fill*         0x000000008000624f        0x1 
 .rodata.SystemBannerPrint.str1.4
                0x0000000080006250       0x6f ./hbird_sdk/SoC/hbirdv2/Common/Source/system_hbirdv2.o
 *fill*         0x00000000800062bf        0x1 
 .rodata.main.str1.4
                0x00000000800062c0      0x5e3 ./application/dhry_1.o
 *fill*         0x00000000800068a3        0x1 
 .rodata        0x00000000800068a4       0x3c e:/nucleistudio/nucleistudio_ide_202102-win64/nucleistudio/toolchain/gcc/bin/../lib/gcc/riscv-nuclei-elf/9.2.0/rv32imac/ilp32\libgcc.a(divsf3.o)
 .rodata        0x00000000800068e0       0x3c e:/nucleistudio/nucleistudio_ide_202102-win64/nucleistudio/toolchain/gcc/bin/../lib/gcc/riscv-nuclei-elf/9.2.0/rv32imac/ilp32\libgcc.a(mulsf3.o)
 .rodata        0x000000008000691c      0x100 e:/nucleistudio/nucleistudio_ide_202102-win64/nucleistudio/toolchain/gcc/bin/../lib/gcc/riscv-nuclei-elf/9.2.0/rv32imac/ilp32\libgcc.a(_clz.o)
                0x000000008000691c                __clz_tab
 .rodata._printf_float.str1.4
                0x0000000080006a1c       0x12 e:/nucleistudio/nucleistudio_ide_202102-win64/nucleistudio/toolchain/gcc/bin/../lib/gcc/riscv-nuclei-elf/9.2.0/../../../../riscv-nuclei-elf/lib/rv32imac/ilp32\libg_nano.a(lib_a-nano-vfprintf_float.o)
 *fill*         0x0000000080006a2e        0x2 
 .rodata._printf_i.str1.4
                0x0000000080006a30       0x25 e:/nucleistudio/nucleistudio_ide_202102-win64/nucleistudio/toolchain/gcc/bin/../lib/gcc/riscv-nuclei-elf/9.2.0/../../../../riscv-nuclei-elf/lib/rv32imac/ilp32\libg_nano.a(lib_a-nano-vfprintf_i.o)
 *fill*         0x0000000080006a55        0x3 
 .rodata._printf_i
                0x0000000080006a58       0x58 e:/nucleistudio/nucleistudio_ide_202102-win64/nucleistudio/toolchain/gcc/bin/../lib/gcc/riscv-nuclei-elf/9.2.0/../../../../riscv-nuclei-elf/lib/rv32imac/ilp32\libg_nano.a(lib_a-nano-vfprintf_i.o)
 .rodata._dtoa_r.str1.4
                0x0000000080006ab0       0x10 e:/nucleistudio/nucleistudio_ide_202102-win64/nucleistudio/toolchain/gcc/bin/../lib/gcc/riscv-nuclei-elf/9.2.0/../../../../riscv-nuclei-elf/lib/rv32imac/ilp32\libg_nano.a(lib_a-dtoa.o)
                                         0x12 (size before relaxing)
 .rodata.__sf_fake_stderr
                0x0000000080006ac0       0x20 e:/nucleistudio/nucleistudio_ide_202102-win64/nucleistudio/toolchain/gcc/bin/../lib/gcc/riscv-nuclei-elf/9.2.0/../../../../riscv-nuclei-elf/lib/rv32imac/ilp32\libg_nano.a(lib_a-findfp.o)
                0x0000000080006ac0                __sf_fake_stderr
 .rodata.__sf_fake_stdin
                0x0000000080006ae0       0x20 e:/nucleistudio/nucleistudio_ide_202102-win64/nucleistudio/toolchain/gcc/bin/../lib/gcc/riscv-nuclei-elf/9.2.0/../../../../riscv-nuclei-elf/lib/rv32imac/ilp32\libg_nano.a(lib_a-findfp.o)
                0x0000000080006ae0                __sf_fake_stdin
 .rodata.__sf_fake_stdout
                0x0000000080006b00       0x20 e:/nucleistudio/nucleistudio_ide_202102-win64/nucleistudio/toolchain/gcc/bin/../lib/gcc/riscv-nuclei-elf/9.2.0/../../../../riscv-nuclei-elf/lib/rv32imac/ilp32\libg_nano.a(lib_a-findfp.o)
                0x0000000080006b00                __sf_fake_stdout
 .rodata._setlocale_r.str1.4
                0x0000000080006b20        0xa e:/nucleistudio/nucleistudio_ide_202102-win64/nucleistudio/toolchain/gcc/bin/../lib/gcc/riscv-nuclei-elf/9.2.0/../../../../riscv-nuclei-elf/lib/rv32imac/ilp32\libg_nano.a(lib_a-locale.o)
                                          0xd (size before relaxing)
 *fill*         0x0000000080006b2a        0x2 
 .rodata.str1.4
                0x0000000080006b2c        0x2 e:/nucleistudio/nucleistudio_ide_202102-win64/nucleistudio/toolchain/gcc/bin/../lib/gcc/riscv-nuclei-elf/9.2.0/../../../../riscv-nuclei-elf/lib/rv32imac/ilp32\libg_nano.a(lib_a-locale.o)
 *fill*         0x0000000080006b2e        0x2 
 .rodata.__mprec_bigtens
                0x0000000080006b30       0x28 e:/nucleistudio/nucleistudio_ide_202102-win64/nucleistudio/toolchain/gcc/bin/../lib/gcc/riscv-nuclei-elf/9.2.0/../../../../riscv-nuclei-elf/lib/rv32imac/ilp32\libg_nano.a(lib_a-mprec.o)
                0x0000000080006b30                __mprec_bigtens
 .rodata.__mprec_tens
                0x0000000080006b58       0xc8 e:/nucleistudio/nucleistudio_ide_202102-win64/nucleistudio/toolchain/gcc/bin/../lib/gcc/riscv-nuclei-elf/9.2.0/../../../../riscv-nuclei-elf/lib/rv32imac/ilp32\libg_nano.a(lib_a-mprec.o)
                0x0000000080006b58                __mprec_tens
 .rodata.p05.3298
                0x0000000080006c20        0xc e:/nucleistudio/nucleistudio_ide_202102-win64/nucleistudio/toolchain/gcc/bin/../lib/gcc/riscv-nuclei-elf/9.2.0/../../../../riscv-nuclei-elf/lib/rv32imac/ilp32\libg_nano.a(lib_a-mprec.o)
 .rodata._vfprintf_r.str1.4
                0x0000000080006c2c       0x14 e:/nucleistudio/nucleistudio_ide_202102-win64/nucleistudio/toolchain/gcc/bin/../lib/gcc/riscv-nuclei-elf/9.2.0/../../../../riscv-nuclei-elf/lib/rv32imac/ilp32\libg_nano.a(lib_a-nano-vfprintf.o)
                                         0x13 (size before relaxing)
 .rodata._ctype_
                0x0000000080006c40      0x101 e:/nucleistudio/nucleistudio_ide_202102-win64/nucleistudio/toolchain/gcc/bin/../lib/gcc/riscv-nuclei-elf/9.2.0/../../../../riscv-nuclei-elf/lib/rv32imac/ilp32\libg_nano.a(lib_a-ctype_.o)
                0x0000000080006c40                _ctype_
 *fill*         0x0000000080006d41        0x3 
 .rodata        0x0000000080006d44       0x3c e:/nucleistudio/nucleistudio_ide_202102-win64/nucleistudio/toolchain/gcc/bin/../lib/gcc/riscv-nuclei-elf/9.2.0/rv32imac/ilp32\libgcc.a(divdf3.o)
 .rodata        0x0000000080006d80       0x3c e:/nucleistudio/nucleistudio_ide_202102-win64/nucleistudio/toolchain/gcc/bin/../lib/gcc/riscv-nuclei-elf/9.2.0/rv32imac/ilp32\libgcc.a(muldf3.o)
                0x0000000080006dbc                . = ALIGN (0x4)
                0x0000000080006dbc                __rt_init_start = .
 *(SORT_BY_NAME(.rti_fn*))
                0x0000000080006dbc                __rt_init_end = .
                0x0000000080006dbc                . = ALIGN (0x4)
                0x0000000080006dbc                __fsymtab_start = .
 *(FSymTab)
                0x0000000080006dbc                __fsymtab_end = .
                0x0000000080006dbc                . = ALIGN (0x4)
                0x0000000080006dbc                __vsymtab_start = .
 *(VSymTab)
                0x0000000080006dbc                __vsymtab_end = .
 *(.gnu.linkonce.r.*)

.rela.dyn       0x0000000080006dbc        0x0
 .rela.text._close
                0x0000000080006dbc        0x0 ./hbird_sdk/SoC/hbirdv2/Common/Source/Stubs/close.o
 .rela.text._fstat
                0x0000000080006dbc        0x0 ./hbird_sdk/SoC/hbirdv2/Common/Source/Stubs/close.o
 .rela.text._sbrk
                0x0000000080006dbc        0x0 ./hbird_sdk/SoC/hbirdv2/Common/Source/Stubs/close.o
 .rela.sdata.curbrk.2850
                0x0000000080006dbc        0x0 ./hbird_sdk/SoC/hbirdv2/Common/Source/Stubs/close.o
 .rela.init     0x0000000080006dbc        0x0 ./hbird_sdk/SoC/hbirdv2/Common/Source/Stubs/close.o
 .rela.text.__libc_fini_array
                0x0000000080006dbc        0x0 ./hbird_sdk/SoC/hbirdv2/Common/Source/Stubs/close.o
 .rela.text.__libc_init_array
                0x0000000080006dbc        0x0 ./hbird_sdk/SoC/hbirdv2/Common/Source/Stubs/close.o
 .rela.text._sbrk_r
                0x0000000080006dbc        0x0 ./hbird_sdk/SoC/hbirdv2/Common/Source/Stubs/close.o
 .rela.text.isatty
                0x0000000080006dbc        0x0 ./hbird_sdk/SoC/hbirdv2/Common/Source/Stubs/close.o
 .rela.text.__register_exitproc
                0x0000000080006dbc        0x0 ./hbird_sdk/SoC/hbirdv2/Common/Source/Stubs/close.o
 .rela.text._vfprintf_r
                0x0000000080006dbc        0x0 ./hbird_sdk/SoC/hbirdv2/Common/Source/Stubs/close.o
 .rela.text._write_r
                0x0000000080006dbc        0x0 ./hbird_sdk/SoC/hbirdv2/Common/Source/Stubs/close.o
 .rela.text._close_r
                0x0000000080006dbc        0x0 ./hbird_sdk/SoC/hbirdv2/Common/Source/Stubs/close.o
 .rela.text._fstat_r
                0x0000000080006dbc        0x0 ./hbird_sdk/SoC/hbirdv2/Common/Source/Stubs/close.o
 .rela.text._isatty_r
                0x0000000080006dbc        0x0 ./hbird_sdk/SoC/hbirdv2/Common/Source/Stubs/close.o
 .rela.text._lseek_r
                0x0000000080006dbc        0x0 ./hbird_sdk/SoC/hbirdv2/Common/Source/Stubs/close.o
 .rela.text._read_r
                0x0000000080006dbc        0x0 ./hbird_sdk/SoC/hbirdv2/Common/Source/Stubs/close.o

.fini
 *(SORT_NONE(.fini))
                0x0000000080006dbc                . = ALIGN (0x4)
                [!provide]                        PROVIDE (__etext = .)
                [!provide]                        PROVIDE (_etext = .)
                [!provide]                        PROVIDE (etext = .)
                0x0000000080006dbc                PROVIDE (_eilm = .)

.preinit_array  0x0000000080006dbc        0x0
                0x0000000080006dbc                PROVIDE (__preinit_array_start = .)
 *(.preinit_array)
                0x0000000080006dbc                PROVIDE (__preinit_array_end = .)

.init_array     0x0000000080006dbc        0x0
                0x0000000080006dbc                PROVIDE (__init_array_start = .)
 *(SORT_BY_INIT_PRIORITY(.init_array.*) SORT_BY_INIT_PRIORITY(.ctors.*))
 *(.init_array EXCLUDE_FILE(*crtend?.o *crtend.o *crtbegin?.o *crtbegin.o) .ctors)
                0x0000000080006dbc                PROVIDE (__init_array_end = .)

.fini_array     0x0000000080006dbc        0x0
                0x0000000080006dbc                PROVIDE (__fini_array_start = .)
 *(SORT_BY_INIT_PRIORITY(.fini_array.*) SORT_BY_INIT_PRIORITY(.dtors.*))
 *(.fini_array EXCLUDE_FILE(*crtend?.o *crtend.o *crtbegin?.o *crtbegin.o) .dtors)
                0x0000000080006dbc                PROVIDE (__fini_array_end = .)

.ctors
 *crtbegin.o(.ctors)
 *crtbegin?.o(.ctors)
 *(EXCLUDE_FILE(*crtend?.o *crtend.o) .ctors)
 *(SORT_BY_NAME(.ctors.*))
 *(.ctors)

.dtors
 *crtbegin.o(.dtors)
 *crtbegin?.o(.dtors)
 *(EXCLUDE_FILE(*crtend?.o *crtend.o) .dtors)
 *(SORT_BY_NAME(.dtors.*))
 *(.dtors)

.lalign         0x0000000080006dbc        0x0
                0x0000000080006dbc                . = ALIGN (0x4)
                0x0000000080006dbc                PROVIDE (_data_lma = .)

.dalign         0x0000000090000000        0x0 load address 0x0000000080006dbc
                0x0000000090000000                . = ALIGN (0x4)
                0x0000000090000000                PROVIDE (_data = .)

.data           0x0000000090000000      0x23c load address 0x0000000080006dbc
 *(.data .data.*)
 .data.impure_data
                0x0000000090000000       0x60 e:/nucleistudio/nucleistudio_ide_202102-win64/nucleistudio/toolchain/gcc/bin/../lib/gcc/riscv-nuclei-elf/9.2.0/../../../../riscv-nuclei-elf/lib/rv32imac/ilp32\libg_nano.a(lib_a-impure.o)
 .data.__global_locale
                0x0000000090000060      0x16c e:/nucleistudio/nucleistudio_ide_202102-win64/nucleistudio/toolchain/gcc/bin/../lib/gcc/riscv-nuclei-elf/9.2.0/../../../../riscv-nuclei-elf/lib/rv32imac/ilp32\libg_nano.a(lib_a-locale.o)
                0x0000000090000060                __global_locale
 *(.gnu.linkonce.d.*)
                0x00000000900001d0                . = ALIGN (0x8)
 *fill*         0x00000000900001cc        0x4 
                0x00000000900009d0                PROVIDE (__global_pointer$ = (. + 0x800))
 *(.sdata .sdata.* .sdata*)
 .sdata.curbrk.2850
                0x00000000900001d0        0x4 ./hbird_sdk/SoC/hbirdv2/Common/Source/Stubs/sbrk.o
 .sdata.SystemCoreClock
                0x00000000900001d4        0x4 ./hbird_sdk/SoC/hbirdv2/Common/Source/system_hbirdv2.o
                0x00000000900001d4                SystemCoreClock
 .sdata._impure_ptr
                0x00000000900001d8        0x4 e:/nucleistudio/nucleistudio_ide_202102-win64/nucleistudio/toolchain/gcc/bin/../lib/gcc/riscv-nuclei-elf/9.2.0/../../../../riscv-nuclei-elf/lib/rv32imac/ilp32\libg_nano.a(lib_a-impure.o)
                0x00000000900001d8                _impure_ptr
 .sdata2._global_impure_ptr
                0x00000000900001dc        0x4 e:/nucleistudio/nucleistudio_ide_202102-win64/nucleistudio/toolchain/gcc/bin/../lib/gcc/riscv-nuclei-elf/9.2.0/../../../../riscv-nuclei-elf/lib/rv32imac/ilp32\libg_nano.a(lib_a-impure.o)
                0x00000000900001dc                _global_impure_ptr
 *(.gnu.linkonce.s.*)
                0x00000000900001e0                . = ALIGN (0x8)
 *(.srodata.cst16)
 *(.srodata.cst8)
 .srodata.cst8  0x00000000900001e0        0x8 e:/nucleistudio/nucleistudio_ide_202102-win64/nucleistudio/toolchain/gcc/bin/../lib/gcc/riscv-nuclei-elf/9.2.0/../../../../riscv-nuclei-elf/lib/rv32imac/ilp32\libg_nano.a(lib_a-nano-vfprintf_float.o)
 .srodata.cst8  0x00000000900001e8       0x48 e:/nucleistudio/nucleistudio_ide_202102-win64/nucleistudio/toolchain/gcc/bin/../lib/gcc/riscv-nuclei-elf/9.2.0/../../../../riscv-nuclei-elf/lib/rv32imac/ilp32\libg_nano.a(lib_a-dtoa.o)
 *(.srodata.cst4)
 .srodata.cst4  0x0000000090000230        0xc ./application/dhry_1.o
 *(.srodata.cst2)
 *(.srodata .srodata.*)
                0x000000009000023c                . = ALIGN (0x4)
                0x000000009000023c                PROVIDE (_edata = .)
                [!provide]                        PROVIDE (edata = .)
                [!provide]                        PROVIDE (_fbss = .)
                0x000000009000023c                PROVIDE (__bss_start = .)

.bss            0x000000009000023c     0x2958
 *(.sbss*)
 .sbss.Begin_Cycle
                0x000000009000023c        0x4 ./application/dhry_1.o
                0x000000009000023c                Begin_Cycle
 .sbss.Begin_Instret
                0x0000000090000240        0x4 ./application/dhry_1.o
                0x0000000090000240                Begin_Instret
 .sbss.Begin_Time
                0x0000000090000244        0x4 ./application/dhry_1.o
                0x0000000090000244                Begin_Time
 .sbss.Bool_Glob
                0x0000000090000248        0x4 ./application/dhry_1.o
                0x0000000090000248                Bool_Glob
 .sbss.Ch_1_Glob
                0x000000009000024c        0x1 ./application/dhry_1.o
                0x000000009000024c                Ch_1_Glob
 .sbss.Ch_2_Glob
                0x000000009000024d        0x1 ./application/dhry_1.o
                0x000000009000024d                Ch_2_Glob
 *fill*         0x000000009000024e        0x2 
 .sbss.DMIPS_MHZ
                0x0000000090000250        0x4 ./application/dhry_1.o
                0x0000000090000250                DMIPS_MHZ
 .sbss.Dhrystones_Per_Second
                0x0000000090000254        0x4 ./application/dhry_1.o
                0x0000000090000254                Dhrystones_Per_Second
 .sbss.End_Cycle
                0x0000000090000258        0x4 ./application/dhry_1.o
                0x0000000090000258                End_Cycle
 .sbss.End_Instret
                0x000000009000025c        0x4 ./application/dhry_1.o
                0x000000009000025c                End_Instret
 .sbss.End_Time
                0x0000000090000260        0x4 ./application/dhry_1.o
                0x0000000090000260                End_Time
 .sbss.Instret  0x0000000090000264        0x4 ./application/dhry_1.o
                0x0000000090000264                Instret
 .sbss.Int_Glob
                0x0000000090000268        0x4 ./application/dhry_1.o
                0x0000000090000268                Int_Glob
 .sbss.Microseconds
                0x000000009000026c        0x4 ./application/dhry_1.o
                0x000000009000026c                Microseconds
 .sbss.Next_Ptr_Glob
                0x0000000090000270        0x4 ./application/dhry_1.o
                0x0000000090000270                Next_Ptr_Glob
 .sbss.Ptr_Glob
                0x0000000090000274        0x4 ./application/dhry_1.o
                0x0000000090000274                Ptr_Glob
 .sbss.Reg      0x0000000090000278        0x4 ./application/dhry_1.o
                0x0000000090000278                Reg
 .sbss.User_Cycle
                0x000000009000027c        0x4 ./application/dhry_1.o
                0x000000009000027c                User_Cycle
 .sbss.User_Instret
                0x0000000090000280        0x4 ./application/dhry_1.o
                0x0000000090000280                User_Instret
 .sbss.User_Time
                0x0000000090000284        0x4 ./application/dhry_1.o
                0x0000000090000284                User_Time
 .sbss.__malloc_free_list
                0x0000000090000288        0x4 e:/nucleistudio/nucleistudio_ide_202102-win64/nucleistudio/toolchain/gcc/bin/../lib/gcc/riscv-nuclei-elf/9.2.0/../../../../riscv-nuclei-elf/lib/rv32imac/ilp32\libg_nano.a(lib_a-nano-mallocr.o)
                0x0000000090000288                __malloc_free_list
 .sbss.__malloc_sbrk_start
                0x000000009000028c        0x4 e:/nucleistudio/nucleistudio_ide_202102-win64/nucleistudio/toolchain/gcc/bin/../lib/gcc/riscv-nuclei-elf/9.2.0/../../../../riscv-nuclei-elf/lib/rv32imac/ilp32\libg_nano.a(lib_a-nano-mallocr.o)
                0x000000009000028c                __malloc_sbrk_start
 .sbss._global_atexit
                0x0000000090000290        0x4 e:/nucleistudio/nucleistudio_ide_202102-win64/nucleistudio/toolchain/gcc/bin/../lib/gcc/riscv-nuclei-elf/9.2.0/../../../../riscv-nuclei-elf/lib/rv32imac/ilp32\libg_nano.a(lib_a-__call_atexit.o)
                0x0000000090000290                _global_atexit
 *(.gnu.linkonce.sb.*)
 *(.bss .bss.*)
 .bss.SystemCoreInterruptHandlers
                0x0000000090000294       0x28 ./hbird_sdk/SoC/hbirdv2/Common/Source/system_hbirdv2.o
 .bss.SystemExceptionHandlers
                0x00000000900002bc       0x2c ./hbird_sdk/SoC/hbirdv2/Common/Source/system_hbirdv2.o
 .bss.SystemExtInterruptHandlers
                0x00000000900002e8       0x44 ./hbird_sdk/SoC/hbirdv2/Common/Source/system_hbirdv2.o
 .bss.Arr_1_Glob
                0x000000009000032c       0xc8 ./application/dhry_1.o
                0x000000009000032c                Arr_1_Glob
 .bss.Arr_2_Glob
                0x00000000900003f4     0x2710 ./application/dhry_1.o
                0x00000000900003f4                Arr_2_Glob
 .bss._global_atexit0
                0x0000000090002b04       0x8c e:/nucleistudio/nucleistudio_ide_202102-win64/nucleistudio/toolchain/gcc/bin/../lib/gcc/riscv-nuclei-elf/9.2.0/../../../../riscv-nuclei-elf/lib/rv32imac/ilp32\libg_nano.a(lib_a-__atexit.o)
 *(.gnu.linkonce.b.*)
 *(COMMON)
 COMMON         0x0000000090002b90        0x4 e:/nucleistudio/nucleistudio_ide_202102-win64/nucleistudio/toolchain/gcc/bin/../lib/gcc/riscv-nuclei-elf/9.2.0/../../../../riscv-nuclei-elf/lib/rv32imac/ilp32\libg_nano.a(lib_a-reent.o)
                0x0000000090002b90                errno
                0x0000000090002b94                . = ALIGN (0x4)
                0x0000000090002b98                . = ALIGN (0x8)
                0x0000000090002b98                PROVIDE (_end = .)
                [!provide]                        PROVIDE (end = .)

.stack          0x000000009000f800      0x800 load address 0x0000000090002b94
                0x000000009000f800                PROVIDE (_heap_end = .)
                0x0000000000000800                . = __stack_size
 *fill*         0x000000009000f800      0x800 
                0x0000000090010000                PROVIDE (_sp = .)
OUTPUT(dhrystone.elf elf32-littleriscv)

.debug_info     0x0000000000000000     0xda09
 .debug_info    0x0000000000000000      0x999 ./hbird_sdk/SoC/hbirdv2/Common/Source/Stubs/close.o
 .debug_info    0x0000000000000999      0xc1e ./hbird_sdk/SoC/hbirdv2/Common/Source/Stubs/fstat.o
 .debug_info    0x00000000000015b7      0x118 ./hbird_sdk/SoC/hbirdv2/Common/Source/Stubs/isatty.o
 .debug_info    0x00000000000016cf      0x9b6 ./hbird_sdk/SoC/hbirdv2/Common/Source/Stubs/lseek.o
 .debug_info    0x0000000000002085      0xb55 ./hbird_sdk/SoC/hbirdv2/Common/Source/Stubs/read.o
 .debug_info    0x0000000000002bda      0x15c ./hbird_sdk/SoC/hbirdv2/Common/Source/Stubs/sbrk.o
 .debug_info    0x0000000000002d36      0xbc9 ./hbird_sdk/SoC/hbirdv2/Common/Source/Stubs/write.o
 .debug_info    0x00000000000038ff       0x26 ./hbird_sdk/SoC/hbirdv2/Common/Source/GCC/intexc_hbirdv2.o
 .debug_info    0x0000000000003925       0x26 ./hbird_sdk/SoC/hbirdv2/Common/Source/GCC/startup_hbirdv2.o
 .debug_info    0x000000000000394b      0x392 ./hbird_sdk/SoC/hbirdv2/Common/Source/Drivers/hbirdv2_gpio.o
 .debug_info    0x0000000000003cdd      0x539 ./hbird_sdk/SoC/hbirdv2/Common/Source/Drivers/hbirdv2_uart.o
 .debug_info    0x0000000000004216      0x317 ./hbird_sdk/SoC/hbirdv2/Common/Source/hbirdv2_common.o
 .debug_info    0x000000000000452d     0x17f6 ./hbird_sdk/SoC/hbirdv2/Common/Source/system_hbirdv2.o
 .debug_info    0x0000000000005d23     0x182d ./application/dhry_1.o
 .debug_info    0x0000000000007550      0xc71 ./application/dhry_2.o
 .debug_info    0x00000000000081c1      0x404 ./application/dhry_stubs.o
 .debug_info    0x00000000000085c5      0x3bb e:/nucleistudio/nucleistudio_ide_202102-win64/nucleistudio/toolchain/gcc/bin/../lib/gcc/riscv-nuclei-elf/9.2.0/rv32imac/ilp32\libgcc.a(divsf3.o)
 .debug_info    0x0000000000008980      0x3ac e:/nucleistudio/nucleistudio_ide_202102-win64/nucleistudio/toolchain/gcc/bin/../lib/gcc/riscv-nuclei-elf/9.2.0/rv32imac/ilp32\libgcc.a(mulsf3.o)
 .debug_info    0x0000000000008d2c      0x25d e:/nucleistudio/nucleistudio_ide_202102-win64/nucleistudio/toolchain/gcc/bin/../lib/gcc/riscv-nuclei-elf/9.2.0/rv32imac/ilp32\libgcc.a(floatsisf.o)
 .debug_info    0x0000000000008f89      0x2ac e:/nucleistudio/nucleistudio_ide_202102-win64/nucleistudio/toolchain/gcc/bin/../lib/gcc/riscv-nuclei-elf/9.2.0/rv32imac/ilp32\libgcc.a(extendsfdf2.o)
 .debug_info    0x0000000000009235      0xb6a e:/nucleistudio/nucleistudio_ide_202102-win64/nucleistudio/toolchain/gcc/bin/../lib/gcc/riscv-nuclei-elf/9.2.0/rv32imac/ilp32\libgcc.a(_clz.o)
 .debug_info    0x0000000000009d9f      0xbd7 e:/nucleistudio/nucleistudio_ide_202102-win64/nucleistudio/toolchain/gcc/bin/../lib/gcc/riscv-nuclei-elf/9.2.0/rv32imac/ilp32\libgcc.a(_clzsi2.o)
 .debug_info    0x000000000000a976      0x599 e:/nucleistudio/nucleistudio_ide_202102-win64/nucleistudio/toolchain/gcc/bin/../lib/gcc/riscv-nuclei-elf/9.2.0/rv32imac/ilp32\libgcc.a(adddf3.o)
 .debug_info    0x000000000000af0f      0x730 e:/nucleistudio/nucleistudio_ide_202102-win64/nucleistudio/toolchain/gcc/bin/../lib/gcc/riscv-nuclei-elf/9.2.0/rv32imac/ilp32\libgcc.a(divdf3.o)
 .debug_info    0x000000000000b63f      0x288 e:/nucleistudio/nucleistudio_ide_202102-win64/nucleistudio/toolchain/gcc/bin/../lib/gcc/riscv-nuclei-elf/9.2.0/rv32imac/ilp32\libgcc.a(eqdf2.o)
 .debug_info    0x000000000000b8c7      0x286 e:/nucleistudio/nucleistudio_ide_202102-win64/nucleistudio/toolchain/gcc/bin/../lib/gcc/riscv-nuclei-elf/9.2.0/rv32imac/ilp32\libgcc.a(gedf2.o)
 .debug_info    0x000000000000bb4d      0x286 e:/nucleistudio/nucleistudio_ide_202102-win64/nucleistudio/toolchain/gcc/bin/../lib/gcc/riscv-nuclei-elf/9.2.0/rv32imac/ilp32\libgcc.a(ledf2.o)
 .debug_info    0x000000000000bdd3      0x75c e:/nucleistudio/nucleistudio_ide_202102-win64/nucleistudio/toolchain/gcc/bin/../lib/gcc/riscv-nuclei-elf/9.2.0/rv32imac/ilp32\libgcc.a(muldf3.o)
 .debug_info    0x000000000000c52f      0x599 e:/nucleistudio/nucleistudio_ide_202102-win64/nucleistudio/toolchain/gcc/bin/../lib/gcc/riscv-nuclei-elf/9.2.0/rv32imac/ilp32\libgcc.a(subdf3.o)
 .debug_info    0x000000000000cac8      0x289 e:/nucleistudio/nucleistudio_ide_202102-win64/nucleistudio/toolchain/gcc/bin/../lib/gcc/riscv-nuclei-elf/9.2.0/rv32imac/ilp32\libgcc.a(unorddf2.o)
 .debug_info    0x000000000000cd51      0x21a e:/nucleistudio/nucleistudio_ide_202102-win64/nucleistudio/toolchain/gcc/bin/../lib/gcc/riscv-nuclei-elf/9.2.0/rv32imac/ilp32\libgcc.a(fixdfsi.o)
 .debug_info    0x000000000000cf6b      0x2bc e:/nucleistudio/nucleistudio_ide_202102-win64/nucleistudio/toolchain/gcc/bin/../lib/gcc/riscv-nuclei-elf/9.2.0/rv32imac/ilp32\libgcc.a(floatsidf.o)
 .debug_info    0x000000000000d227      0x2af e:/nucleistudio/nucleistudio_ide_202102-win64/nucleistudio/toolchain/gcc/bin/../lib/gcc/riscv-nuclei-elf/9.2.0/rv32imac/ilp32\libgcc.a(floatunsidf.o)
 .debug_info    0x000000000000d4d6      0x533 e:/nucleistudio/nucleistudio_ide_202102-win64/nucleistudio/toolchain/gcc/bin/../lib/gcc/riscv-nuclei-elf/9.2.0/rv32imac/ilp32\libgcc.a(trunctfdf2.o)

.debug_abbrev   0x0000000000000000     0x3b32
 .debug_abbrev  0x0000000000000000      0x1e7 ./hbird_sdk/SoC/hbirdv2/Common/Source/Stubs/close.o
 .debug_abbrev  0x00000000000001e7      0x1fa ./hbird_sdk/SoC/hbirdv2/Common/Source/Stubs/fstat.o
 .debug_abbrev  0x00000000000003e1       0x82 ./hbird_sdk/SoC/hbirdv2/Common/Source/Stubs/isatty.o
 .debug_abbrev  0x0000000000000463      0x1f8 ./hbird_sdk/SoC/hbirdv2/Common/Source/Stubs/lseek.o
 .debug_abbrev  0x000000000000065b      0x254 ./hbird_sdk/SoC/hbirdv2/Common/Source/Stubs/read.o
 .debug_abbrev  0x00000000000008af       0xa8 ./hbird_sdk/SoC/hbirdv2/Common/Source/Stubs/sbrk.o
 .debug_abbrev  0x0000000000000957      0x280 ./hbird_sdk/SoC/hbirdv2/Common/Source/Stubs/write.o
 .debug_abbrev  0x0000000000000bd7       0x14 ./hbird_sdk/SoC/hbirdv2/Common/Source/GCC/intexc_hbirdv2.o
 .debug_abbrev  0x0000000000000beb       0x14 ./hbird_sdk/SoC/hbirdv2/Common/Source/GCC/startup_hbirdv2.o
 .debug_abbrev  0x0000000000000bff      0x105 ./hbird_sdk/SoC/hbirdv2/Common/Source/Drivers/hbirdv2_gpio.o
 .debug_abbrev  0x0000000000000d04      0x15f ./hbird_sdk/SoC/hbirdv2/Common/Source/Drivers/hbirdv2_uart.o
 .debug_abbrev  0x0000000000000e63      0x1f9 ./hbird_sdk/SoC/hbirdv2/Common/Source/hbirdv2_common.o
 .debug_abbrev  0x000000000000105c      0x5a0 ./hbird_sdk/SoC/hbirdv2/Common/Source/system_hbirdv2.o
 .debug_abbrev  0x00000000000015fc      0x3cb ./application/dhry_1.o
 .debug_abbrev  0x00000000000019c7      0x2fb ./application/dhry_2.o
 .debug_abbrev  0x0000000000001cc2      0x17e ./application/dhry_stubs.o
 .debug_abbrev  0x0000000000001e40      0x16f e:/nucleistudio/nucleistudio_ide_202102-win64/nucleistudio/toolchain/gcc/bin/../lib/gcc/riscv-nuclei-elf/9.2.0/rv32imac/ilp32\libgcc.a(divsf3.o)
 .debug_abbrev  0x0000000000001faf      0x17a e:/nucleistudio/nucleistudio_ide_202102-win64/nucleistudio/toolchain/gcc/bin/../lib/gcc/riscv-nuclei-elf/9.2.0/rv32imac/ilp32\libgcc.a(mulsf3.o)
 .debug_abbrev  0x0000000000002129      0x198 e:/nucleistudio/nucleistudio_ide_202102-win64/nucleistudio/toolchain/gcc/bin/../lib/gcc/riscv-nuclei-elf/9.2.0/rv32imac/ilp32\libgcc.a(floatsisf.o)
 .debug_abbrev  0x00000000000022c1      0x17b e:/nucleistudio/nucleistudio_ide_202102-win64/nucleistudio/toolchain/gcc/bin/../lib/gcc/riscv-nuclei-elf/9.2.0/rv32imac/ilp32\libgcc.a(extendsfdf2.o)
 .debug_abbrev  0x000000000000243c      0x1e8 e:/nucleistudio/nucleistudio_ide_202102-win64/nucleistudio/toolchain/gcc/bin/../lib/gcc/riscv-nuclei-elf/9.2.0/rv32imac/ilp32\libgcc.a(_clz.o)
 .debug_abbrev  0x0000000000002624      0x242 e:/nucleistudio/nucleistudio_ide_202102-win64/nucleistudio/toolchain/gcc/bin/../lib/gcc/riscv-nuclei-elf/9.2.0/rv32imac/ilp32\libgcc.a(_clzsi2.o)
 .debug_abbrev  0x0000000000002866      0x196 e:/nucleistudio/nucleistudio_ide_202102-win64/nucleistudio/toolchain/gcc/bin/../lib/gcc/riscv-nuclei-elf/9.2.0/rv32imac/ilp32\libgcc.a(adddf3.o)
 .debug_abbrev  0x00000000000029fc      0x187 e:/nucleistudio/nucleistudio_ide_202102-win64/nucleistudio/toolchain/gcc/bin/../lib/gcc/riscv-nuclei-elf/9.2.0/rv32imac/ilp32\libgcc.a(divdf3.o)
 .debug_abbrev  0x0000000000002b83      0x186 e:/nucleistudio/nucleistudio_ide_202102-win64/nucleistudio/toolchain/gcc/bin/../lib/gcc/riscv-nuclei-elf/9.2.0/rv32imac/ilp32\libgcc.a(eqdf2.o)
 .debug_abbrev  0x0000000000002d09      0x199 e:/nucleistudio/nucleistudio_ide_202102-win64/nucleistudio/toolchain/gcc/bin/../lib/gcc/riscv-nuclei-elf/9.2.0/rv32imac/ilp32\libgcc.a(gedf2.o)
 .debug_abbrev  0x0000000000002ea2      0x199 e:/nucleistudio/nucleistudio_ide_202102-win64/nucleistudio/toolchain/gcc/bin/../lib/gcc/riscv-nuclei-elf/9.2.0/rv32imac/ilp32\libgcc.a(ledf2.o)
 .debug_abbrev  0x000000000000303b      0x18e e:/nucleistudio/nucleistudio_ide_202102-win64/nucleistudio/toolchain/gcc/bin/../lib/gcc/riscv-nuclei-elf/9.2.0/rv32imac/ilp32\libgcc.a(muldf3.o)
 .debug_abbrev  0x00000000000031c9      0x196 e:/nucleistudio/nucleistudio_ide_202102-win64/nucleistudio/toolchain/gcc/bin/../lib/gcc/riscv-nuclei-elf/9.2.0/rv32imac/ilp32\libgcc.a(subdf3.o)
 .debug_abbrev  0x000000000000335f      0x1a2 e:/nucleistudio/nucleistudio_ide_202102-win64/nucleistudio/toolchain/gcc/bin/../lib/gcc/riscv-nuclei-elf/9.2.0/rv32imac/ilp32\libgcc.a(unorddf2.o)
 .debug_abbrev  0x0000000000003501      0x18a e:/nucleistudio/nucleistudio_ide_202102-win64/nucleistudio/toolchain/gcc/bin/../lib/gcc/riscv-nuclei-elf/9.2.0/rv32imac/ilp32\libgcc.a(fixdfsi.o)
 .debug_abbrev  0x000000000000368b      0x178 e:/nucleistudio/nucleistudio_ide_202102-win64/nucleistudio/toolchain/gcc/bin/../lib/gcc/riscv-nuclei-elf/9.2.0/rv32imac/ilp32\libgcc.a(floatsidf.o)
 .debug_abbrev  0x0000000000003803      0x178 e:/nucleistudio/nucleistudio_ide_202102-win64/nucleistudio/toolchain/gcc/bin/../lib/gcc/riscv-nuclei-elf/9.2.0/rv32imac/ilp32\libgcc.a(floatunsidf.o)
 .debug_abbrev  0x000000000000397b      0x1b7 e:/nucleistudio/nucleistudio_ide_202102-win64/nucleistudio/toolchain/gcc/bin/../lib/gcc/riscv-nuclei-elf/9.2.0/rv32imac/ilp32\libgcc.a(trunctfdf2.o)

.debug_loc      0x0000000000000000     0x7a6e
 .debug_loc     0x0000000000000000       0x21 ./hbird_sdk/SoC/hbirdv2/Common/Source/Stubs/close.o
 .debug_loc     0x0000000000000021       0x2e ./hbird_sdk/SoC/hbirdv2/Common/Source/Stubs/fstat.o
 .debug_loc     0x000000000000004f       0x21 ./hbird_sdk/SoC/hbirdv2/Common/Source/Stubs/isatty.o
 .debug_loc     0x0000000000000070       0x21 ./hbird_sdk/SoC/hbirdv2/Common/Source/Stubs/lseek.o
 .debug_loc     0x0000000000000091       0xa8 ./hbird_sdk/SoC/hbirdv2/Common/Source/Stubs/read.o
 .debug_loc     0x0000000000000139       0x21 ./hbird_sdk/SoC/hbirdv2/Common/Source/Stubs/sbrk.o
 .debug_loc     0x000000000000015a       0xe9 ./hbird_sdk/SoC/hbirdv2/Common/Source/Stubs/write.o
 .debug_loc     0x0000000000000243      0x42c ./hbird_sdk/SoC/hbirdv2/Common/Source/Drivers/hbirdv2_gpio.o
 .debug_loc     0x000000000000066f      0x45c ./hbird_sdk/SoC/hbirdv2/Common/Source/Drivers/hbirdv2_uart.o
 .debug_loc     0x0000000000000acb       0x80 ./hbird_sdk/SoC/hbirdv2/Common/Source/hbirdv2_common.o
 .debug_loc     0x0000000000000b4b      0x653 ./hbird_sdk/SoC/hbirdv2/Common/Source/system_hbirdv2.o
 .debug_loc     0x000000000000119e      0x2e1 ./application/dhry_1.o
 .debug_loc     0x000000000000147f      0x41f ./application/dhry_2.o
 .debug_loc     0x000000000000189e       0xe0 ./application/dhry_stubs.o
 .debug_loc     0x000000000000197e      0x758 e:/nucleistudio/nucleistudio_ide_202102-win64/nucleistudio/toolchain/gcc/bin/../lib/gcc/riscv-nuclei-elf/9.2.0/rv32imac/ilp32\libgcc.a(divsf3.o)
 .debug_loc     0x00000000000020d6      0x5e4 e:/nucleistudio/nucleistudio_ide_202102-win64/nucleistudio/toolchain/gcc/bin/../lib/gcc/riscv-nuclei-elf/9.2.0/rv32imac/ilp32\libgcc.a(mulsf3.o)
 .debug_loc     0x00000000000026ba      0x191 e:/nucleistudio/nucleistudio_ide_202102-win64/nucleistudio/toolchain/gcc/bin/../lib/gcc/riscv-nuclei-elf/9.2.0/rv32imac/ilp32\libgcc.a(floatsisf.o)
 .debug_loc     0x000000000000284b      0x1c4 e:/nucleistudio/nucleistudio_ide_202102-win64/nucleistudio/toolchain/gcc/bin/../lib/gcc/riscv-nuclei-elf/9.2.0/rv32imac/ilp32\libgcc.a(extendsfdf2.o)
 .debug_loc     0x0000000000002a0f       0x6b e:/nucleistudio/nucleistudio_ide_202102-win64/nucleistudio/toolchain/gcc/bin/../lib/gcc/riscv-nuclei-elf/9.2.0/rv32imac/ilp32\libgcc.a(_clzsi2.o)
 .debug_loc     0x0000000000002a7a     0x119d e:/nucleistudio/nucleistudio_ide_202102-win64/nucleistudio/toolchain/gcc/bin/../lib/gcc/riscv-nuclei-elf/9.2.0/rv32imac/ilp32\libgcc.a(adddf3.o)
 .debug_loc     0x0000000000003c17     0x10e0 e:/nucleistudio/nucleistudio_ide_202102-win64/nucleistudio/toolchain/gcc/bin/../lib/gcc/riscv-nuclei-elf/9.2.0/rv32imac/ilp32\libgcc.a(divdf3.o)
 .debug_loc     0x0000000000004cf7       0xa4 e:/nucleistudio/nucleistudio_ide_202102-win64/nucleistudio/toolchain/gcc/bin/../lib/gcc/riscv-nuclei-elf/9.2.0/rv32imac/ilp32\libgcc.a(eqdf2.o)
 .debug_loc     0x0000000000004d9b      0x135 e:/nucleistudio/nucleistudio_ide_202102-win64/nucleistudio/toolchain/gcc/bin/../lib/gcc/riscv-nuclei-elf/9.2.0/rv32imac/ilp32\libgcc.a(gedf2.o)
 .debug_loc     0x0000000000004ed0      0x135 e:/nucleistudio/nucleistudio_ide_202102-win64/nucleistudio/toolchain/gcc/bin/../lib/gcc/riscv-nuclei-elf/9.2.0/rv32imac/ilp32\libgcc.a(ledf2.o)
 .debug_loc     0x0000000000005005      0xd9a e:/nucleistudio/nucleistudio_ide_202102-win64/nucleistudio/toolchain/gcc/bin/../lib/gcc/riscv-nuclei-elf/9.2.0/rv32imac/ilp32\libgcc.a(muldf3.o)
 .debug_loc     0x0000000000005d9f     0x1208 e:/nucleistudio/nucleistudio_ide_202102-win64/nucleistudio/toolchain/gcc/bin/../lib/gcc/riscv-nuclei-elf/9.2.0/rv32imac/ilp32\libgcc.a(subdf3.o)
 .debug_loc     0x0000000000006fa7       0x8c e:/nucleistudio/nucleistudio_ide_202102-win64/nucleistudio/toolchain/gcc/bin/../lib/gcc/riscv-nuclei-elf/9.2.0/rv32imac/ilp32\libgcc.a(unorddf2.o)
 .debug_loc     0x0000000000007033      0x181 e:/nucleistudio/nucleistudio_ide_202102-win64/nucleistudio/toolchain/gcc/bin/../lib/gcc/riscv-nuclei-elf/9.2.0/rv32imac/ilp32\libgcc.a(fixdfsi.o)
 .debug_loc     0x00000000000071b4      0x14c e:/nucleistudio/nucleistudio_ide_202102-win64/nucleistudio/toolchain/gcc/bin/../lib/gcc/riscv-nuclei-elf/9.2.0/rv32imac/ilp32\libgcc.a(floatsidf.o)
 .debug_loc     0x0000000000007300      0x14f e:/nucleistudio/nucleistudio_ide_202102-win64/nucleistudio/toolchain/gcc/bin/../lib/gcc/riscv-nuclei-elf/9.2.0/rv32imac/ilp32\libgcc.a(floatunsidf.o)
 .debug_loc     0x000000000000744f      0x61f e:/nucleistudio/nucleistudio_ide_202102-win64/nucleistudio/toolchain/gcc/bin/../lib/gcc/riscv-nuclei-elf/9.2.0/rv32imac/ilp32\libgcc.a(trunctfdf2.o)

.debug_aranges  0x0000000000000000      0x5d8
 .debug_aranges
                0x0000000000000000       0x20 ./hbird_sdk/SoC/hbirdv2/Common/Source/Stubs/close.o
 .debug_aranges
                0x0000000000000020       0x20 ./hbird_sdk/SoC/hbirdv2/Common/Source/Stubs/fstat.o
 .debug_aranges
                0x0000000000000040       0x20 ./hbird_sdk/SoC/hbirdv2/Common/Source/Stubs/isatty.o
 .debug_aranges
                0x0000000000000060       0x20 ./hbird_sdk/SoC/hbirdv2/Common/Source/Stubs/lseek.o
 .debug_aranges
                0x0000000000000080       0x20 ./hbird_sdk/SoC/hbirdv2/Common/Source/Stubs/read.o
 .debug_aranges
                0x00000000000000a0       0x20 ./hbird_sdk/SoC/hbirdv2/Common/Source/Stubs/sbrk.o
 .debug_aranges
                0x00000000000000c0       0x20 ./hbird_sdk/SoC/hbirdv2/Common/Source/Stubs/write.o
 .debug_aranges
                0x00000000000000e0       0x20 ./hbird_sdk/SoC/hbirdv2/Common/Source/GCC/intexc_hbirdv2.o
 .debug_aranges
                0x0000000000000100       0x20 ./hbird_sdk/SoC/hbirdv2/Common/Source/GCC/startup_hbirdv2.o
 .debug_aranges
                0x0000000000000120       0x60 ./hbird_sdk/SoC/hbirdv2/Common/Source/Drivers/hbirdv2_gpio.o
 .debug_aranges
                0x0000000000000180       0x98 ./hbird_sdk/SoC/hbirdv2/Common/Source/Drivers/hbirdv2_uart.o
 .debug_aranges
                0x0000000000000218       0x30 ./hbird_sdk/SoC/hbirdv2/Common/Source/hbirdv2_common.o
 .debug_aranges
                0x0000000000000248       0x98 ./hbird_sdk/SoC/hbirdv2/Common/Source/system_hbirdv2.o
 .debug_aranges
                0x00000000000002e0       0x48 ./application/dhry_1.o
 .debug_aranges
                0x0000000000000328       0x48 ./application/dhry_2.o
 .debug_aranges
                0x0000000000000370       0x30 ./application/dhry_stubs.o
 .debug_aranges
                0x00000000000003a0       0x20 e:/nucleistudio/nucleistudio_ide_202102-win64/nucleistudio/toolchain/gcc/bin/../lib/gcc/riscv-nuclei-elf/9.2.0/rv32imac/ilp32\libgcc.a(divsf3.o)
 .debug_aranges
                0x00000000000003c0       0x20 e:/nucleistudio/nucleistudio_ide_202102-win64/nucleistudio/toolchain/gcc/bin/../lib/gcc/riscv-nuclei-elf/9.2.0/rv32imac/ilp32\libgcc.a(mulsf3.o)
 .debug_aranges
                0x00000000000003e0       0x20 e:/nucleistudio/nucleistudio_ide_202102-win64/nucleistudio/toolchain/gcc/bin/../lib/gcc/riscv-nuclei-elf/9.2.0/rv32imac/ilp32\libgcc.a(floatsisf.o)
 .debug_aranges
                0x0000000000000400       0x20 e:/nucleistudio/nucleistudio_ide_202102-win64/nucleistudio/toolchain/gcc/bin/../lib/gcc/riscv-nuclei-elf/9.2.0/rv32imac/ilp32\libgcc.a(extendsfdf2.o)
 .debug_aranges
                0x0000000000000420       0x18 e:/nucleistudio/nucleistudio_ide_202102-win64/nucleistudio/toolchain/gcc/bin/../lib/gcc/riscv-nuclei-elf/9.2.0/rv32imac/ilp32\libgcc.a(_clz.o)
 .debug_aranges
                0x0000000000000438       0x20 e:/nucleistudio/nucleistudio_ide_202102-win64/nucleistudio/toolchain/gcc/bin/../lib/gcc/riscv-nuclei-elf/9.2.0/rv32imac/ilp32\libgcc.a(_clzsi2.o)
 .debug_aranges
                0x0000000000000458       0x20 e:/nucleistudio/nucleistudio_ide_202102-win64/nucleistudio/toolchain/gcc/bin/../lib/gcc/riscv-nuclei-elf/9.2.0/rv32imac/ilp32\libgcc.a(adddf3.o)
 .debug_aranges
                0x0000000000000478       0x20 e:/nucleistudio/nucleistudio_ide_202102-win64/nucleistudio/toolchain/gcc/bin/../lib/gcc/riscv-nuclei-elf/9.2.0/rv32imac/ilp32\libgcc.a(divdf3.o)
 .debug_aranges
                0x0000000000000498       0x20 e:/nucleistudio/nucleistudio_ide_202102-win64/nucleistudio/toolchain/gcc/bin/../lib/gcc/riscv-nuclei-elf/9.2.0/rv32imac/ilp32\libgcc.a(eqdf2.o)
 .debug_aranges
                0x00000000000004b8       0x20 e:/nucleistudio/nucleistudio_ide_202102-win64/nucleistudio/toolchain/gcc/bin/../lib/gcc/riscv-nuclei-elf/9.2.0/rv32imac/ilp32\libgcc.a(gedf2.o)
 .debug_aranges
                0x00000000000004d8       0x20 e:/nucleistudio/nucleistudio_ide_202102-win64/nucleistudio/toolchain/gcc/bin/../lib/gcc/riscv-nuclei-elf/9.2.0/rv32imac/ilp32\libgcc.a(ledf2.o)
 .debug_aranges
                0x00000000000004f8       0x20 e:/nucleistudio/nucleistudio_ide_202102-win64/nucleistudio/toolchain/gcc/bin/../lib/gcc/riscv-nuclei-elf/9.2.0/rv32imac/ilp32\libgcc.a(muldf3.o)
 .debug_aranges
                0x0000000000000518       0x20 e:/nucleistudio/nucleistudio_ide_202102-win64/nucleistudio/toolchain/gcc/bin/../lib/gcc/riscv-nuclei-elf/9.2.0/rv32imac/ilp32\libgcc.a(subdf3.o)
 .debug_aranges
                0x0000000000000538       0x20 e:/nucleistudio/nucleistudio_ide_202102-win64/nucleistudio/toolchain/gcc/bin/../lib/gcc/riscv-nuclei-elf/9.2.0/rv32imac/ilp32\libgcc.a(unorddf2.o)
 .debug_aranges
                0x0000000000000558       0x20 e:/nucleistudio/nucleistudio_ide_202102-win64/nucleistudio/toolchain/gcc/bin/../lib/gcc/riscv-nuclei-elf/9.2.0/rv32imac/ilp32\libgcc.a(fixdfsi.o)
 .debug_aranges
                0x0000000000000578       0x20 e:/nucleistudio/nucleistudio_ide_202102-win64/nucleistudio/toolchain/gcc/bin/../lib/gcc/riscv-nuclei-elf/9.2.0/rv32imac/ilp32\libgcc.a(floatsidf.o)
 .debug_aranges
                0x0000000000000598       0x20 e:/nucleistudio/nucleistudio_ide_202102-win64/nucleistudio/toolchain/gcc/bin/../lib/gcc/riscv-nuclei-elf/9.2.0/rv32imac/ilp32\libgcc.a(floatunsidf.o)
 .debug_aranges
                0x00000000000005b8       0x20 e:/nucleistudio/nucleistudio_ide_202102-win64/nucleistudio/toolchain/gcc/bin/../lib/gcc/riscv-nuclei-elf/9.2.0/rv32imac/ilp32\libgcc.a(trunctfdf2.o)

.debug_ranges   0x0000000000000000     0x11e0
 .debug_ranges  0x0000000000000000       0x10 ./hbird_sdk/SoC/hbirdv2/Common/Source/Stubs/close.o
 .debug_ranges  0x0000000000000010       0x10 ./hbird_sdk/SoC/hbirdv2/Common/Source/Stubs/fstat.o
 .debug_ranges  0x0000000000000020       0x10 ./hbird_sdk/SoC/hbirdv2/Common/Source/Stubs/isatty.o
 .debug_ranges  0x0000000000000030       0x10 ./hbird_sdk/SoC/hbirdv2/Common/Source/Stubs/lseek.o
 .debug_ranges  0x0000000000000040       0x10 ./hbird_sdk/SoC/hbirdv2/Common/Source/Stubs/read.o
 .debug_ranges  0x0000000000000050       0x10 ./hbird_sdk/SoC/hbirdv2/Common/Source/Stubs/sbrk.o
 .debug_ranges  0x0000000000000060       0x10 ./hbird_sdk/SoC/hbirdv2/Common/Source/Stubs/write.o
 .debug_ranges  0x0000000000000070       0x50 ./hbird_sdk/SoC/hbirdv2/Common/Source/Drivers/hbirdv2_gpio.o
 .debug_ranges  0x00000000000000c0       0x88 ./hbird_sdk/SoC/hbirdv2/Common/Source/Drivers/hbirdv2_uart.o
 .debug_ranges  0x0000000000000148       0x80 ./hbird_sdk/SoC/hbirdv2/Common/Source/hbirdv2_common.o
 .debug_ranges  0x00000000000001c8      0x128 ./hbird_sdk/SoC/hbirdv2/Common/Source/system_hbirdv2.o
 .debug_ranges  0x00000000000002f0      0x128 ./application/dhry_1.o
 .debug_ranges  0x0000000000000418       0x50 ./application/dhry_2.o
 .debug_ranges  0x0000000000000468       0x80 ./application/dhry_stubs.o
 .debug_ranges  0x00000000000004e8       0xc0 e:/nucleistudio/nucleistudio_ide_202102-win64/nucleistudio/toolchain/gcc/bin/../lib/gcc/riscv-nuclei-elf/9.2.0/rv32imac/ilp32\libgcc.a(divsf3.o)
 .debug_ranges  0x00000000000005a8       0xa8 e:/nucleistudio/nucleistudio_ide_202102-win64/nucleistudio/toolchain/gcc/bin/../lib/gcc/riscv-nuclei-elf/9.2.0/rv32imac/ilp32\libgcc.a(mulsf3.o)
 .debug_ranges  0x0000000000000650       0x50 e:/nucleistudio/nucleistudio_ide_202102-win64/nucleistudio/toolchain/gcc/bin/../lib/gcc/riscv-nuclei-elf/9.2.0/rv32imac/ilp32\libgcc.a(floatsisf.o)
 .debug_ranges  0x00000000000006a0       0x38 e:/nucleistudio/nucleistudio_ide_202102-win64/nucleistudio/toolchain/gcc/bin/../lib/gcc/riscv-nuclei-elf/9.2.0/rv32imac/ilp32\libgcc.a(extendsfdf2.o)
 .debug_ranges  0x00000000000006d8       0x20 e:/nucleistudio/nucleistudio_ide_202102-win64/nucleistudio/toolchain/gcc/bin/../lib/gcc/riscv-nuclei-elf/9.2.0/rv32imac/ilp32\libgcc.a(_clzsi2.o)
 .debug_ranges  0x00000000000006f8      0x228 e:/nucleistudio/nucleistudio_ide_202102-win64/nucleistudio/toolchain/gcc/bin/../lib/gcc/riscv-nuclei-elf/9.2.0/rv32imac/ilp32\libgcc.a(adddf3.o)
 .debug_ranges  0x0000000000000920      0x198 e:/nucleistudio/nucleistudio_ide_202102-win64/nucleistudio/toolchain/gcc/bin/../lib/gcc/riscv-nuclei-elf/9.2.0/rv32imac/ilp32\libgcc.a(divdf3.o)
 .debug_ranges  0x0000000000000ab8       0x48 e:/nucleistudio/nucleistudio_ide_202102-win64/nucleistudio/toolchain/gcc/bin/../lib/gcc/riscv-nuclei-elf/9.2.0/rv32imac/ilp32\libgcc.a(eqdf2.o)
 .debug_ranges  0x0000000000000b00       0x50 e:/nucleistudio/nucleistudio_ide_202102-win64/nucleistudio/toolchain/gcc/bin/../lib/gcc/riscv-nuclei-elf/9.2.0/rv32imac/ilp32\libgcc.a(gedf2.o)
 .debug_ranges  0x0000000000000b50       0x50 e:/nucleistudio/nucleistudio_ide_202102-win64/nucleistudio/toolchain/gcc/bin/../lib/gcc/riscv-nuclei-elf/9.2.0/rv32imac/ilp32\libgcc.a(ledf2.o)
 .debug_ranges  0x0000000000000ba0      0x230 e:/nucleistudio/nucleistudio_ide_202102-win64/nucleistudio/toolchain/gcc/bin/../lib/gcc/riscv-nuclei-elf/9.2.0/rv32imac/ilp32\libgcc.a(muldf3.o)
 .debug_ranges  0x0000000000000dd0      0x220 e:/nucleistudio/nucleistudio_ide_202102-win64/nucleistudio/toolchain/gcc/bin/../lib/gcc/riscv-nuclei-elf/9.2.0/rv32imac/ilp32\libgcc.a(subdf3.o)
 .debug_ranges  0x0000000000000ff0       0x20 e:/nucleistudio/nucleistudio_ide_202102-win64/nucleistudio/toolchain/gcc/bin/../lib/gcc/riscv-nuclei-elf/9.2.0/rv32imac/ilp32\libgcc.a(unorddf2.o)
 .debug_ranges  0x0000000000001010       0x18 e:/nucleistudio/nucleistudio_ide_202102-win64/nucleistudio/toolchain/gcc/bin/../lib/gcc/riscv-nuclei-elf/9.2.0/rv32imac/ilp32\libgcc.a(fixdfsi.o)
 .debug_ranges  0x0000000000001028       0x68 e:/nucleistudio/nucleistudio_ide_202102-win64/nucleistudio/toolchain/gcc/bin/../lib/gcc/riscv-nuclei-elf/9.2.0/rv32imac/ilp32\libgcc.a(floatsidf.o)
 .debug_ranges  0x0000000000001090       0x70 e:/nucleistudio/nucleistudio_ide_202102-win64/nucleistudio/toolchain/gcc/bin/../lib/gcc/riscv-nuclei-elf/9.2.0/rv32imac/ilp32\libgcc.a(floatunsidf.o)
 .debug_ranges  0x0000000000001100       0xe0 e:/nucleistudio/nucleistudio_ide_202102-win64/nucleistudio/toolchain/gcc/bin/../lib/gcc/riscv-nuclei-elf/9.2.0/rv32imac/ilp32\libgcc.a(trunctfdf2.o)

.debug_line     0x0000000000000000     0xcb21
 .debug_line    0x0000000000000000      0x2a9 ./hbird_sdk/SoC/hbirdv2/Common/Source/Stubs/close.o
 .debug_line    0x00000000000002a9      0x38c ./hbird_sdk/SoC/hbirdv2/Common/Source/Stubs/fstat.o
 .debug_line    0x0000000000000635      0x1fc ./hbird_sdk/SoC/hbirdv2/Common/Source/Stubs/isatty.o
 .debug_line    0x0000000000000831      0x297 ./hbird_sdk/SoC/hbirdv2/Common/Source/Stubs/lseek.o
 .debug_line    0x0000000000000ac8      0x33c ./hbird_sdk/SoC/hbirdv2/Common/Source/Stubs/read.o
 .debug_line    0x0000000000000e04      0x2e0 ./hbird_sdk/SoC/hbirdv2/Common/Source/Stubs/sbrk.o
 .debug_line    0x00000000000010e4      0x393 ./hbird_sdk/SoC/hbirdv2/Common/Source/Stubs/write.o
 .debug_line    0x0000000000001477       0x97 ./hbird_sdk/SoC/hbirdv2/Common/Source/GCC/intexc_hbirdv2.o
 .debug_line    0x000000000000150e      0x163 ./hbird_sdk/SoC/hbirdv2/Common/Source/GCC/startup_hbirdv2.o
 .debug_line    0x0000000000001671      0x6ec ./hbird_sdk/SoC/hbirdv2/Common/Source/Drivers/hbirdv2_gpio.o
 .debug_line    0x0000000000001d5d      0x9cd ./hbird_sdk/SoC/hbirdv2/Common/Source/Drivers/hbirdv2_uart.o
 .debug_line    0x000000000000272a      0x569 ./hbird_sdk/SoC/hbirdv2/Common/Source/hbirdv2_common.o
 .debug_line    0x0000000000002c93      0xe11 ./hbird_sdk/SoC/hbirdv2/Common/Source/system_hbirdv2.o
 .debug_line    0x0000000000003aa4      0xdeb ./application/dhry_1.o
 .debug_line    0x000000000000488f      0x541 ./application/dhry_2.o
 .debug_line    0x0000000000004dd0      0x4d1 ./application/dhry_stubs.o
 .debug_line    0x00000000000052a1      0x8be e:/nucleistudio/nucleistudio_ide_202102-win64/nucleistudio/toolchain/gcc/bin/../lib/gcc/riscv-nuclei-elf/9.2.0/rv32imac/ilp32\libgcc.a(divsf3.o)
 .debug_line    0x0000000000005b5f      0x7c2 e:/nucleistudio/nucleistudio_ide_202102-win64/nucleistudio/toolchain/gcc/bin/../lib/gcc/riscv-nuclei-elf/9.2.0/rv32imac/ilp32\libgcc.a(mulsf3.o)
 .debug_line    0x0000000000006321      0x3a9 e:/nucleistudio/nucleistudio_ide_202102-win64/nucleistudio/toolchain/gcc/bin/../lib/gcc/riscv-nuclei-elf/9.2.0/rv32imac/ilp32\libgcc.a(floatsisf.o)
 .debug_line    0x00000000000066ca      0x415 e:/nucleistudio/nucleistudio_ide_202102-win64/nucleistudio/toolchain/gcc/bin/../lib/gcc/riscv-nuclei-elf/9.2.0/rv32imac/ilp32\libgcc.a(extendsfdf2.o)
 .debug_line    0x0000000000006adf      0x2b8 e:/nucleistudio/nucleistudio_ide_202102-win64/nucleistudio/toolchain/gcc/bin/../lib/gcc/riscv-nuclei-elf/9.2.0/rv32imac/ilp32\libgcc.a(_clz.o)
 .debug_line    0x0000000000006d97      0x344 e:/nucleistudio/nucleistudio_ide_202102-win64/nucleistudio/toolchain/gcc/bin/../lib/gcc/riscv-nuclei-elf/9.2.0/rv32imac/ilp32\libgcc.a(_clzsi2.o)
 .debug_line    0x00000000000070db     0x1081 e:/nucleistudio/nucleistudio_ide_202102-win64/nucleistudio/toolchain/gcc/bin/../lib/gcc/riscv-nuclei-elf/9.2.0/rv32imac/ilp32\libgcc.a(adddf3.o)
 .debug_line    0x000000000000815c      0xfd7 e:/nucleistudio/nucleistudio_ide_202102-win64/nucleistudio/toolchain/gcc/bin/../lib/gcc/riscv-nuclei-elf/9.2.0/rv32imac/ilp32\libgcc.a(divdf3.o)
 .debug_line    0x0000000000009133      0x2ca e:/nucleistudio/nucleistudio_ide_202102-win64/nucleistudio/toolchain/gcc/bin/../lib/gcc/riscv-nuclei-elf/9.2.0/rv32imac/ilp32\libgcc.a(eqdf2.o)
 .debug_line    0x00000000000093fd      0x35f e:/nucleistudio/nucleistudio_ide_202102-win64/nucleistudio/toolchain/gcc/bin/../lib/gcc/riscv-nuclei-elf/9.2.0/rv32imac/ilp32\libgcc.a(gedf2.o)
 .debug_line    0x000000000000975c      0x35f e:/nucleistudio/nucleistudio_ide_202102-win64/nucleistudio/toolchain/gcc/bin/../lib/gcc/riscv-nuclei-elf/9.2.0/rv32imac/ilp32\libgcc.a(ledf2.o)
 .debug_line    0x0000000000009abb      0xe12 e:/nucleistudio/nucleistudio_ide_202102-win64/nucleistudio/toolchain/gcc/bin/../lib/gcc/riscv-nuclei-elf/9.2.0/rv32imac/ilp32\libgcc.a(muldf3.o)
 .debug_line    0x000000000000a8cd     0x10e0 e:/nucleistudio/nucleistudio_ide_202102-win64/nucleistudio/toolchain/gcc/bin/../lib/gcc/riscv-nuclei-elf/9.2.0/rv32imac/ilp32\libgcc.a(subdf3.o)
 .debug_line    0x000000000000b9ad      0x215 e:/nucleistudio/nucleistudio_ide_202102-win64/nucleistudio/toolchain/gcc/bin/../lib/gcc/riscv-nuclei-elf/9.2.0/rv32imac/ilp32\libgcc.a(unorddf2.o)
 .debug_line    0x000000000000bbc2      0x281 e:/nucleistudio/nucleistudio_ide_202102-win64/nucleistudio/toolchain/gcc/bin/../lib/gcc/riscv-nuclei-elf/9.2.0/rv32imac/ilp32\libgcc.a(fixdfsi.o)
 .debug_line    0x000000000000be43      0x2bb e:/nucleistudio/nucleistudio_ide_202102-win64/nucleistudio/toolchain/gcc/bin/../lib/gcc/riscv-nuclei-elf/9.2.0/rv32imac/ilp32\libgcc.a(floatsidf.o)
 .debug_line    0x000000000000c0fe      0x2db e:/nucleistudio/nucleistudio_ide_202102-win64/nucleistudio/toolchain/gcc/bin/../lib/gcc/riscv-nuclei-elf/9.2.0/rv32imac/ilp32\libgcc.a(floatunsidf.o)
 .debug_line    0x000000000000c3d9      0x748 e:/nucleistudio/nucleistudio_ide_202102-win64/nucleistudio/toolchain/gcc/bin/../lib/gcc/riscv-nuclei-elf/9.2.0/rv32imac/ilp32\libgcc.a(trunctfdf2.o)

.debug_str      0x0000000000000000     0x2638
 .debug_str     0x0000000000000000      0x554 ./hbird_sdk/SoC/hbirdv2/Common/Source/Stubs/close.o
                                        0x5e4 (size before relaxing)
 .debug_str     0x0000000000000554      0x17c ./hbird_sdk/SoC/hbirdv2/Common/Source/Stubs/fstat.o
                                        0x77c (size before relaxing)
 .debug_str     0x00000000000006d0       0x3e ./hbird_sdk/SoC/hbirdv2/Common/Source/Stubs/isatty.o
                                        0x215 (size before relaxing)
 .debug_str     0x000000000000070e       0x43 ./hbird_sdk/SoC/hbirdv2/Common/Source/Stubs/lseek.o
                                        0x5fe (size before relaxing)
 .debug_str     0x0000000000000751       0x5d ./hbird_sdk/SoC/hbirdv2/Common/Source/Stubs/read.o
                                        0x64a (size before relaxing)
 .debug_str     0x00000000000007ae       0x5a ./hbird_sdk/SoC/hbirdv2/Common/Source/Stubs/sbrk.o
                                        0x236 (size before relaxing)
 .debug_str     0x0000000000000808       0x49 ./hbird_sdk/SoC/hbirdv2/Common/Source/Stubs/write.o
                                        0x654 (size before relaxing)
 .debug_str     0x0000000000000851       0x48 ./hbird_sdk/SoC/hbirdv2/Common/Source/GCC/intexc_hbirdv2.o
                                         0x9d (size before relaxing)
 .debug_str     0x0000000000000899       0x3d ./hbird_sdk/SoC/hbirdv2/Common/Source/GCC/startup_hbirdv2.o
                                         0x9e (size before relaxing)
 .debug_str     0x00000000000008d6      0x187 ./hbird_sdk/SoC/hbirdv2/Common/Source/Drivers/hbirdv2_gpio.o
                                        0x33f (size before relaxing)
 .debug_str     0x0000000000000a5d      0x1f4 ./hbird_sdk/SoC/hbirdv2/Common/Source/Drivers/hbirdv2_uart.o
                                        0x3f1 (size before relaxing)
 .debug_str     0x0000000000000c51      0x118 ./hbird_sdk/SoC/hbirdv2/Common/Source/hbirdv2_common.o
                                        0x2d5 (size before relaxing)
 .debug_str     0x0000000000000d69      0x5a5 ./hbird_sdk/SoC/hbirdv2/Common/Source/system_hbirdv2.o
                                        0xc07 (size before relaxing)
 .debug_str     0x000000000000130e      0x2b6 ./application/dhry_1.o
                                        0x86a (size before relaxing)
 .debug_str     0x00000000000015c4       0xf8 ./application/dhry_2.o
                                        0x6d7 (size before relaxing)
 .debug_str     0x00000000000016bc       0x4c ./application/dhry_stubs.o
                                        0x275 (size before relaxing)
 .debug_str     0x0000000000001708      0x315 e:/nucleistudio/nucleistudio_ide_202102-win64/nucleistudio/toolchain/gcc/bin/../lib/gcc/riscv-nuclei-elf/9.2.0/rv32imac/ilp32\libgcc.a(divsf3.o)
                                        0x39a (size before relaxing)
 .debug_str     0x0000000000001a1d       0xb7 e:/nucleistudio/nucleistudio_ide_202102-win64/nucleistudio/toolchain/gcc/bin/../lib/gcc/riscv-nuclei-elf/9.2.0/rv32imac/ilp32\libgcc.a(mulsf3.o)
                                        0x355 (size before relaxing)
 .debug_str     0x0000000000001ad4       0xfd e:/nucleistudio/nucleistudio_ide_202102-win64/nucleistudio/toolchain/gcc/bin/../lib/gcc/riscv-nuclei-elf/9.2.0/rv32imac/ilp32\libgcc.a(floatsisf.o)
                                        0x2fb (size before relaxing)
 .debug_str     0x0000000000001bd1       0xa8 e:/nucleistudio/nucleistudio_ide_202102-win64/nucleistudio/toolchain/gcc/bin/../lib/gcc/riscv-nuclei-elf/9.2.0/rv32imac/ilp32\libgcc.a(extendsfdf2.o)
                                        0x2a8 (size before relaxing)
 .debug_str     0x0000000000001c79      0x1c2 e:/nucleistudio/nucleistudio_ide_202102-win64/nucleistudio/toolchain/gcc/bin/../lib/gcc/riscv-nuclei-elf/9.2.0/rv32imac/ilp32\libgcc.a(_clz.o)
                                        0x7ee (size before relaxing)
 .debug_str     0x0000000000001e3b        0xe e:/nucleistudio/nucleistudio_ide_202102-win64/nucleistudio/toolchain/gcc/bin/../lib/gcc/riscv-nuclei-elf/9.2.0/rv32imac/ilp32\libgcc.a(_clzsi2.o)
                                        0x80b (size before relaxing)
 .debug_str     0x0000000000001e49      0x10c e:/nucleistudio/nucleistudio_ide_202102-win64/nucleistudio/toolchain/gcc/bin/../lib/gcc/riscv-nuclei-elf/9.2.0/rv32imac/ilp32\libgcc.a(adddf3.o)
                                        0x36d (size before relaxing)
 .debug_str     0x0000000000001f55      0x134 e:/nucleistudio/nucleistudio_ide_202102-win64/nucleistudio/toolchain/gcc/bin/../lib/gcc/riscv-nuclei-elf/9.2.0/rv32imac/ilp32\libgcc.a(divdf3.o)
                                        0x42f (size before relaxing)
 .debug_str     0x0000000000002089       0x72 e:/nucleistudio/nucleistudio_ide_202102-win64/nucleistudio/toolchain/gcc/bin/../lib/gcc/riscv-nuclei-elf/9.2.0/rv32imac/ilp32\libgcc.a(eqdf2.o)
                                        0x287 (size before relaxing)
 .debug_str     0x00000000000020fb       0x77 e:/nucleistudio/nucleistudio_ide_202102-win64/nucleistudio/toolchain/gcc/bin/../lib/gcc/riscv-nuclei-elf/9.2.0/rv32imac/ilp32\libgcc.a(gedf2.o)
                                        0x2ab (size before relaxing)
 .debug_str     0x0000000000002172       0x53 e:/nucleistudio/nucleistudio_ide_202102-win64/nucleistudio/toolchain/gcc/bin/../lib/gcc/riscv-nuclei-elf/9.2.0/rv32imac/ilp32\libgcc.a(ledf2.o)
                                        0x2ab (size before relaxing)
 .debug_str     0x00000000000021c5      0x17a e:/nucleistudio/nucleistudio_ide_202102-win64/nucleistudio/toolchain/gcc/bin/../lib/gcc/riscv-nuclei-elf/9.2.0/rv32imac/ilp32\libgcc.a(muldf3.o)
                                        0x487 (size before relaxing)
 .debug_str     0x000000000000233f       0x55 e:/nucleistudio/nucleistudio_ide_202102-win64/nucleistudio/toolchain/gcc/bin/../lib/gcc/riscv-nuclei-elf/9.2.0/rv32imac/ilp32\libgcc.a(subdf3.o)
                                        0x36d (size before relaxing)
 .debug_str     0x0000000000002394       0x59 e:/nucleistudio/nucleistudio_ide_202102-win64/nucleistudio/toolchain/gcc/bin/../lib/gcc/riscv-nuclei-elf/9.2.0/rv32imac/ilp32\libgcc.a(unorddf2.o)
                                        0x28d (size before relaxing)
 .debug_str     0x00000000000023ed       0x6a e:/nucleistudio/nucleistudio_ide_202102-win64/nucleistudio/toolchain/gcc/bin/../lib/gcc/riscv-nuclei-elf/9.2.0/rv32imac/ilp32\libgcc.a(fixdfsi.o)
                                        0x284 (size before relaxing)
 .debug_str     0x0000000000002457       0x5b e:/nucleistudio/nucleistudio_ide_202102-win64/nucleistudio/toolchain/gcc/bin/../lib/gcc/riscv-nuclei-elf/9.2.0/rv32imac/ilp32\libgcc.a(floatsidf.o)
                                        0x31a (size before relaxing)
 .debug_str     0x00000000000024b2       0x5f e:/nucleistudio/nucleistudio_ide_202102-win64/nucleistudio/toolchain/gcc/bin/../lib/gcc/riscv-nuclei-elf/9.2.0/rv32imac/ilp32\libgcc.a(floatunsidf.o)
                                        0x317 (size before relaxing)
 .debug_str     0x0000000000002511      0x127 e:/nucleistudio/nucleistudio_ide_202102-win64/nucleistudio/toolchain/gcc/bin/../lib/gcc/riscv-nuclei-elf/9.2.0/rv32imac/ilp32\libgcc.a(trunctfdf2.o)
                                        0x437 (size before relaxing)

.comment        0x0000000000000000       0x11
 .comment       0x0000000000000000       0x11 ./hbird_sdk/SoC/hbirdv2/Common/Source/Stubs/close.o
                                         0x12 (size before relaxing)
 .comment       0x0000000000000011       0x12 ./hbird_sdk/SoC/hbirdv2/Common/Source/Stubs/fstat.o
 .comment       0x0000000000000011       0x12 ./hbird_sdk/SoC/hbirdv2/Common/Source/Stubs/isatty.o
 .comment       0x0000000000000011       0x12 ./hbird_sdk/SoC/hbirdv2/Common/Source/Stubs/lseek.o